Archive member included because of file (symbol)

libs/gcc/app_start.lib(gpio.o)
                              build\gcc\obj/custom/custom_gpio.o (Ql_GPIO_Init)
libs/gcc/app_start.lib(memory.o)
                              build\gcc\obj/ril/src/ril_lwm2m.o (Ql_MEM_Alloc)
libs/gcc/app_start.lib(ql_func.o)
                              libs/gcc/app_start.lib(memory.o) (api_notsup)
libs/gcc/app_start.lib(ql_main.o)
                              build\gcc\obj/ril/src/ril_atResponse.o (Ql_sscanf)
libs/gcc/app_start.lib(ril_aux.o)
                              build\gcc\obj/custom/config/sys_config.o (proc_reserved2)
libs/gcc/app_start.lib(ril_main.o)
                              build\gcc\obj/custom/custom_main.o (Ql_RIL_Initialize)
libs/gcc/app_start.lib(stdlib_func.o)
                              build\gcc\obj/ril/src/ril_atResponse.o (Ql_strncpy)
libs/gcc/app_start.lib(system.o)
                              build\gcc\obj/custom/custom_app.o (Ql_Sleep)
libs/gcc/app_start.lib(taskMngt.o)
                              build\gcc\obj/custom/custom_main.o (Ql_OS_GetMessage)
libs/gcc/app_start.lib(timer.o)
                              libs/gcc/app_start.lib(ril_main.o) (Ql_Timer_Register)
libs/gcc/app_start.lib(uart.o)
                              build\gcc\obj/custom/custom_main.o (Ql_UART_Register)
libs/gcc/app_start.lib(ocpu_init.o)
                              libs/gcc/app_start.lib(ql_main.o) (_OCPU_InitUserMem)
tools\gcc\win\gcc-arm-none-eabi/arm-none-eabi/lib/armv7e-m/fpu/libc.a(lib_a-memset.o)
                              libs/gcc/app_start.lib(ql_main.o) (memset)
tools\gcc\win\gcc-arm-none-eabi/arm-none-eabi/lib/armv7e-m/fpu/libc.a(lib_a-strchr.o)
                              build\gcc\obj/ril/src/ril_system.o (strchr)
tools\gcc\win\gcc-arm-none-eabi/arm-none-eabi/lib/armv7e-m/fpu/libc.a(lib_a-strcpy.o)
                              build\gcc\obj/ril/src/ril_system.o (strcpy)
tools\gcc\win\gcc-arm-none-eabi/arm-none-eabi/lib/armv7e-m/fpu/libc.a(lib_a-strlen.o)
                              build\gcc\obj/ril/src/ril_system.o (strlen)
tools\gcc\win\gcc-arm-none-eabi/arm-none-eabi/lib/armv7e-m/fpu/libc.a(lib_a-strncpy.o)
                              build\gcc\obj/ril/src/ril_system.o (strncpy)
tools\gcc\win\gcc-arm-none-eabi/arm-none-eabi/lib/armv7e-m/fpu/libc.a(lib_a-strsep.o)
                              build\gcc\obj/ril/src/ril_system.o (strsep)
tools\gcc\win\gcc-arm-none-eabi/arm-none-eabi/lib/armv7e-m/fpu/libc.a(lib_a-strtok.o)
                              build\gcc\obj/ril/src/ril_system.o (strtok)
tools\gcc\win\gcc-arm-none-eabi/arm-none-eabi/lib/armv7e-m/fpu/libc.a(lib_a-strtok_r.o)
                              tools\gcc\win\gcc-arm-none-eabi/arm-none-eabi/lib/armv7e-m/fpu/libc.a(lib_a-strsep.o) (__strtok_r)
tools\gcc\win\gcc-arm-none-eabi/arm-none-eabi/lib/armv7e-m/fpu/libc.a(lib_a-impure.o)
                              tools\gcc\win\gcc-arm-none-eabi/arm-none-eabi/lib/armv7e-m/fpu/libc.a(lib_a-strtok.o) (_impure_ptr)

Discarded input sections

 .text          0x00000000        0x0 build\gcc\obj/custom/config/custom_sys_cfg.o
 .data          0x00000000        0x0 build\gcc\obj/custom/config/custom_sys_cfg.o
 .bss           0x00000000        0x0 build\gcc\obj/custom/config/custom_sys_cfg.o
 .text.Ql_WTD_GetWDIPinCfg
                0x00000000        0x8 build\gcc\obj/custom/config/custom_sys_cfg.o
 .text          0x00000000        0x0 build\gcc\obj/custom/config/sys_config.o
 .data          0x00000000        0x0 build\gcc\obj/custom/config/sys_config.o
 .bss           0x00000000        0x0 build\gcc\obj/custom/config/sys_config.o
 .text          0x00000000        0x0 build\gcc\obj/ril/src/ril_atResponse.o
 .data          0x00000000        0x0 build\gcc\obj/ril/src/ril_atResponse.o
 .bss           0x00000000        0x0 build\gcc\obj/ril/src/ril_atResponse.o
 .text.Ql_RIL_AT_GetErrCode
                0x00000000        0xc build\gcc\obj/ril/src/ril_atResponse.o
 .text          0x00000000        0x0 build\gcc\obj/ril/src/ril_init.o
 .data          0x00000000        0x0 build\gcc\obj/ril/src/ril_init.o
 .bss           0x00000000        0x0 build\gcc\obj/ril/src/ril_init.o
 .text          0x00000000        0x0 build\gcc\obj/ril/src/ril_lwm2m.o
 .data          0x00000000        0x0 build\gcc\obj/ril/src/ril_lwm2m.o
 .bss           0x00000000        0x0 build\gcc\obj/ril/src/ril_lwm2m.o
 .text.ATResponse_Recv_Handler
                0x00000000      0x134 build\gcc\obj/ril/src/ril_lwm2m.o
 .text.ATResponse_Handler
                0x00000000       0x5c build\gcc\obj/ril/src/ril_lwm2m.o
 .text.ATResponse_Update_Handler
                0x00000000       0x6c build\gcc\obj/ril/src/ril_lwm2m.o
 .text.ATResponse_Send_Handler
                0x00000000       0x6c build\gcc\obj/ril/src/ril_lwm2m.o
 .text.ATResponse_Close_Handler
                0x00000000       0x6c build\gcc\obj/ril/src/ril_lwm2m.o
 .text.ATResponse_Delete_Handler
                0x00000000       0x5c build\gcc\obj/ril/src/ril_lwm2m.o
 .text.RIL_QLwM2M_Serv
                0x00000000       0x50 build\gcc\obj/ril/src/ril_lwm2m.o
 .text.RIL_QLwM2M_Conf
                0x00000000       0x4c build\gcc\obj/ril/src/ril_lwm2m.o
 .text.RIL_QLwM2M_Addobj
                0x00000000       0x6c build\gcc\obj/ril/src/ril_lwm2m.o
 .text.RIL_QLwM2M_Delobj
                0x00000000       0x4c build\gcc\obj/ril/src/ril_lwm2m.o
 .text.RIL_QLwM2M_Open
                0x00000000       0x4c build\gcc\obj/ril/src/ril_lwm2m.o
 .text.RIL_QLwM2M_Update
                0x00000000       0x48 build\gcc\obj/ril/src/ril_lwm2m.o
 .text.RIL_QLwM2M_Cfg
                0x00000000       0x5c build\gcc\obj/ril/src/ril_lwm2m.o
 .text.RIL_QLwM2M_Send
                0x00000000       0xb4 build\gcc\obj/ril/src/ril_lwm2m.o
 .text.RIL_QLwM2M_RD
                0x00000000       0xd8 build\gcc\obj/ril/src/ril_lwm2m.o
 .text.RIL_QLwM2M_Close
                0x00000000       0x48 build\gcc\obj/ril/src/ril_lwm2m.o
 .text.RIL_QLwM2M_Delete
                0x00000000       0x48 build\gcc\obj/ril/src/ril_lwm2m.o
 .bss.lwm2m_rd_temp_param
                0x00000000        0x8 build\gcc\obj/ril/src/ril_lwm2m.o
 .rodata.str1.1
                0x00000000      0x161 build\gcc\obj/ril/src/ril_lwm2m.o
 .text          0x00000000        0x0 build\gcc\obj/ril/src/ril_network.o
 .data          0x00000000        0x0 build\gcc\obj/ril/src/ril_network.o
 .bss           0x00000000        0x0 build\gcc\obj/ril/src/ril_network.o
 .text.ATResponse_CEREG_Handler
                0x00000000       0x84 build\gcc\obj/ril/src/ril_network.o
 .text.RIL_NW_GetEGPRSState
                0x00000000       0x4c build\gcc\obj/ril/src/ril_network.o
 .rodata        0x00000000        0xb build\gcc\obj/ril/src/ril_network.o
 .text          0x00000000        0x0 build\gcc\obj/ril/src/ril_onenet.o
 .data          0x00000000        0x0 build\gcc\obj/ril/src/ril_onenet.o
 .bss           0x00000000        0x0 build\gcc\obj/ril/src/ril_onenet.o
 .text.ATResponse_Read_Handler
                0x00000000      0x12c build\gcc\obj/ril/src/ril_onenet.o
 .text.ATResponse_Create_Handler
                0x00000000       0xb0 build\gcc\obj/ril/src/ril_onenet.o
 .text.ATResponse_Handler
                0x00000000       0x6c build\gcc\obj/ril/src/ril_onenet.o
 .text.RIL_QONENET_Create
                0x00000000       0x58 build\gcc\obj/ril/src/ril_onenet.o
 .text.RIL_QONENET_Addobj
                0x00000000       0x60 build\gcc\obj/ril/src/ril_onenet.o
 .text.RIL_QONENET_Delobj
                0x00000000       0x50 build\gcc\obj/ril/src/ril_onenet.o
 .text.RIL_QONENET_Open
                0x00000000       0x50 build\gcc\obj/ril/src/ril_onenet.o
 .text.RIL_QONENET_Observer_Rsp
                0x00000000       0x54 build\gcc\obj/ril/src/ril_onenet.o
 .text.RIL_QONENET_Discover_Rsp
                0x00000000       0x5c build\gcc\obj/ril/src/ril_onenet.o
 .text.RIL_QONENET_Config
                0x00000000       0x78 build\gcc\obj/ril/src/ril_onenet.o
 .text.RIL_QONENET_Notify
                0x00000000       0xc4 build\gcc\obj/ril/src/ril_onenet.o
 .text.RIL_QONENET_Update
                0x00000000       0x54 build\gcc\obj/ril/src/ril_onenet.o
 .text.RIL_QONENET_Write_Rsp
                0x00000000       0x68 build\gcc\obj/ril/src/ril_onenet.o
 .text.RIL_QONENET_Read_Rsp
                0x00000000       0x78 build\gcc\obj/ril/src/ril_onenet.o
 .text.RIL_QONENET_Execute_Rsp
                0x00000000       0x54 build\gcc\obj/ril/src/ril_onenet.o
 .text.RIL_QONENET_RD
                0x00000000       0xc4 build\gcc\obj/ril/src/ril_onenet.o
 .text.RIL_QONENET_CLOSE
                0x00000000       0x4c build\gcc\obj/ril/src/ril_onenet.o
 .text.RIL_QONENET_DELETE
                0x00000000       0x4c build\gcc\obj/ril/src/ril_onenet.o
 .bss.onenet_rd_temp_param
                0x00000000        0x8 build\gcc\obj/ril/src/ril_onenet.o
 .rodata.str1.1
                0x00000000      0x22c build\gcc\obj/ril/src/ril_onenet.o
 .bss.g_ONENET_RD_DATA_MODE
                0x00000000        0x1 build\gcc\obj/ril/src/ril_onenet.o
 .text          0x00000000        0x0 build\gcc\obj/ril/src/ril_socket.o
 .data          0x00000000        0x0 build\gcc\obj/ril/src/ril_socket.o
 .bss           0x00000000        0x0 build\gcc\obj/ril/src/ril_socket.o
 .text.ATRsp_Soc_Qiopen_Handler
                0x00000000       0xd4 build\gcc\obj/ril/src/ril_socket.o
 .text.ATRsp_Soc_Qird_Handler
                0x00000000      0x114 build\gcc\obj/ril/src/ril_socket.o
 .text.ATRsp_Soc_Qisend_Handler
                0x00000000       0x5c build\gcc\obj/ril/src/ril_socket.o
 .text.ATResponse_Handler
                0x00000000       0x5c build\gcc\obj/ril/src/ril_socket.o
 .text.ATRsp_Soc_Qiclose_Handler
                0x00000000       0x4c build\gcc\obj/ril/src/ril_socket.o
 .text.RIL_SOC_QIOPEN
                0x00000000       0xfc build\gcc\obj/ril/src/ril_socket.o
 .text.RIL_SOC_QISEND
                0x00000000       0x5c build\gcc\obj/ril/src/ril_socket.o
 .text.RIL_SOC_QISENDEX
                0x00000000       0x5c build\gcc\obj/ril/src/ril_socket.o
 .text.RIL_SOC_QIRD
                0x00000000       0xc8 build\gcc\obj/ril/src/ril_socket.o
 .text.RIL_SOC_QISWTMD
                0x00000000       0x50 build\gcc\obj/ril/src/ril_socket.o
 .text.RIL_SOC_QICFG_FORMAT
                0x00000000       0x50 build\gcc\obj/ril/src/ril_socket.o
 .text.RIL_SOC_QICLOSE
                0x00000000       0x4c build\gcc\obj/ril/src/ril_socket.o
 .rodata.str1.1
                0x00000000      0x12f build\gcc\obj/ril/src/ril_socket.o
 .bss.send_data_format
                0x00000000        0x1 build\gcc\obj/ril/src/ril_socket.o
 .text          0x00000000        0x0 build\gcc\obj/ril/src/ril_system.o
 .data          0x00000000        0x0 build\gcc\obj/ril/src/ril_system.o
 .bss           0x00000000        0x0 build\gcc\obj/ril/src/ril_system.o
 .text.ATRsp_IMEI_Handler
                0x00000000       0x88 build\gcc\obj/ril/src/ril_system.o
 .text.RIL_GetIMEI
                0x00000000       0x4c build\gcc\obj/ril/src/ril_system.o
 .text.open_socket_rd_param_parse_cmd
                0x00000000      0x160 build\gcc\obj/ril/src/ril_system.o
 .text.open_socket_push_param_parse_cmd
                0x00000000      0x130 build\gcc\obj/ril/src/ril_system.o
 .text.open_param_parse_cmd
                0x00000000       0xd4 build\gcc\obj/ril/src/ril_system.o
 .text          0x00000000        0x0 build\gcc\obj/ril/src/ril_urc.o
 .data          0x00000000        0x0 build\gcc\obj/ril/src/ril_urc.o
 .bss           0x00000000        0x0 build\gcc\obj/ril/src/ril_urc.o
 .text          0x00000000        0x0 build\gcc\obj/ril/src/ril_util.o
 .data          0x00000000        0x0 build\gcc\obj/ril/src/ril_util.o
 .bss           0x00000000        0x0 build\gcc\obj/ril/src/ril_util.o
 .text.Ql_HexStrToInt
                0x00000000       0x4c build\gcc\obj/ril/src/ril_util.o
 .text.Ql_GenHash
                0x00000000       0x28 build\gcc\obj/ril/src/ril_util.o
 .text          0x00000000        0x0 build\gcc\obj/example/example_adc.o
 .data          0x00000000        0x0 build\gcc\obj/example/example_adc.o
 .bss           0x00000000        0x0 build\gcc\obj/example/example_adc.o
 .debug_line    0x00000000        0x0 build\gcc\obj/example/example_adc.o
 .debug_str     0x00000000        0x0 build\gcc\obj/example/example_adc.o
 .comment       0x00000000       0x71 build\gcc\obj/example/example_adc.o
 .ARM.attributes
                0x00000000       0x39 build\gcc\obj/example/example_adc.o
 .text          0x00000000        0x0 build\gcc\obj/example/example_eint.o
 .data          0x00000000        0x0 build\gcc\obj/example/example_eint.o
 .bss           0x00000000        0x0 build\gcc\obj/example/example_eint.o
 .debug_line    0x00000000        0x0 build\gcc\obj/example/example_eint.o
 .debug_str     0x00000000        0x0 build\gcc\obj/example/example_eint.o
 .comment       0x00000000       0x71 build\gcc\obj/example/example_eint.o
 .ARM.attributes
                0x00000000       0x39 build\gcc\obj/example/example_eint.o
 .text          0x00000000        0x0 build\gcc\obj/example/example_float_math.o
 .data          0x00000000        0x0 build\gcc\obj/example/example_float_math.o
 .bss           0x00000000        0x0 build\gcc\obj/example/example_float_math.o
 .debug_line    0x00000000        0x0 build\gcc\obj/example/example_float_math.o
 .debug_str     0x00000000        0x0 build\gcc\obj/example/example_float_math.o
 .comment       0x00000000       0x71 build\gcc\obj/example/example_float_math.o
 .ARM.attributes
                0x00000000       0x39 build\gcc\obj/example/example_float_math.o
 .text          0x00000000        0x0 build\gcc\obj/example/example_gpio.o
 .data          0x00000000        0x0 build\gcc\obj/example/example_gpio.o
 .bss           0x00000000        0x0 build\gcc\obj/example/example_gpio.o
 .debug_line    0x00000000        0x0 build\gcc\obj/example/example_gpio.o
 .debug_str     0x00000000        0x0 build\gcc\obj/example/example_gpio.o
 .comment       0x00000000       0x71 build\gcc\obj/example/example_gpio.o
 .ARM.attributes
                0x00000000       0x39 build\gcc\obj/example/example_gpio.o
 .text          0x00000000        0x0 build\gcc\obj/example/example_iic.o
 .data          0x00000000        0x0 build\gcc\obj/example/example_iic.o
 .bss           0x00000000        0x0 build\gcc\obj/example/example_iic.o
 .debug_line    0x00000000        0x0 build\gcc\obj/example/example_iic.o
 .debug_str     0x00000000        0x0 build\gcc\obj/example/example_iic.o
 .comment       0x00000000       0x71 build\gcc\obj/example/example_iic.o
 .ARM.attributes
                0x00000000       0x39 build\gcc\obj/example/example_iic.o
 .text          0x00000000        0x0 build\gcc\obj/example/example_lwm2m.o
 .data          0x00000000        0x0 build\gcc\obj/example/example_lwm2m.o
 .bss           0x00000000        0x0 build\gcc\obj/example/example_lwm2m.o
 .debug_line    0x00000000        0x0 build\gcc\obj/example/example_lwm2m.o
 .debug_str     0x00000000        0x0 build\gcc\obj/example/example_lwm2m.o
 .comment       0x00000000       0x71 build\gcc\obj/example/example_lwm2m.o
 .ARM.attributes
                0x00000000       0x39 build\gcc\obj/example/example_lwm2m.o
 .text          0x00000000        0x0 build\gcc\obj/example/example_memory.o
 .data          0x00000000        0x0 build\gcc\obj/example/example_memory.o
 .bss           0x00000000        0x0 build\gcc\obj/example/example_memory.o
 .debug_line    0x00000000        0x0 build\gcc\obj/example/example_memory.o
 .debug_str     0x00000000        0x0 build\gcc\obj/example/example_memory.o
 .comment       0x00000000       0x71 build\gcc\obj/example/example_memory.o
 .ARM.attributes
                0x00000000       0x39 build\gcc\obj/example/example_memory.o
 .text          0x00000000        0x0 build\gcc\obj/example/example_multitask.o
 .data          0x00000000        0x0 build\gcc\obj/example/example_multitask.o
 .bss           0x00000000        0x0 build\gcc\obj/example/example_multitask.o
 .debug_line    0x00000000        0x0 build\gcc\obj/example/example_multitask.o
 .debug_str     0x00000000        0x0 build\gcc\obj/example/example_multitask.o
 .comment       0x00000000       0x71 build\gcc\obj/example/example_multitask.o
 .ARM.attributes
                0x00000000       0x39 build\gcc\obj/example/example_multitask.o
 .text          0x00000000        0x0 build\gcc\obj/example/example_onenet.o
 .data          0x00000000        0x0 build\gcc\obj/example/example_onenet.o
 .bss           0x00000000        0x0 build\gcc\obj/example/example_onenet.o
 .debug_line    0x00000000        0x0 build\gcc\obj/example/example_onenet.o
 .debug_str     0x00000000        0x0 build\gcc\obj/example/example_onenet.o
 .comment       0x00000000       0x71 build\gcc\obj/example/example_onenet.o
 .ARM.attributes
                0x00000000       0x39 build\gcc\obj/example/example_onenet.o
 .text          0x00000000        0x0 build\gcc\obj/example/example_pwm.o
 .data          0x00000000        0x0 build\gcc\obj/example/example_pwm.o
 .bss           0x00000000        0x0 build\gcc\obj/example/example_pwm.o
 .debug_line    0x00000000        0x0 build\gcc\obj/example/example_pwm.o
 .debug_str     0x00000000        0x0 build\gcc\obj/example/example_pwm.o
 .comment       0x00000000       0x71 build\gcc\obj/example/example_pwm.o
 .ARM.attributes
                0x00000000       0x39 build\gcc\obj/example/example_pwm.o
 .text          0x00000000        0x0 build\gcc\obj/example/example_rtc.o
 .data          0x00000000        0x0 build\gcc\obj/example/example_rtc.o
 .bss           0x00000000        0x0 build\gcc\obj/example/example_rtc.o
 .debug_line    0x00000000        0x0 build\gcc\obj/example/example_rtc.o
 .debug_str     0x00000000        0x0 build\gcc\obj/example/example_rtc.o
 .comment       0x00000000       0x71 build\gcc\obj/example/example_rtc.o
 .ARM.attributes
                0x00000000       0x39 build\gcc\obj/example/example_rtc.o
 .text          0x00000000        0x0 build\gcc\obj/example/example_spi.o
 .data          0x00000000        0x0 build\gcc\obj/example/example_spi.o
 .bss           0x00000000        0x0 build\gcc\obj/example/example_spi.o
 .debug_line    0x00000000        0x0 build\gcc\obj/example/example_spi.o
 .debug_str     0x00000000        0x0 build\gcc\obj/example/example_spi.o
 .comment       0x00000000       0x71 build\gcc\obj/example/example_spi.o
 .ARM.attributes
                0x00000000       0x39 build\gcc\obj/example/example_spi.o
 .text          0x00000000        0x0 build\gcc\obj/example/example_system.o
 .data          0x00000000        0x0 build\gcc\obj/example/example_system.o
 .bss           0x00000000        0x0 build\gcc\obj/example/example_system.o
 .debug_line    0x00000000        0x0 build\gcc\obj/example/example_system.o
 .debug_str     0x00000000        0x0 build\gcc\obj/example/example_system.o
 .comment       0x00000000       0x71 build\gcc\obj/example/example_system.o
 .ARM.attributes
                0x00000000       0x39 build\gcc\obj/example/example_system.o
 .text          0x00000000        0x0 build\gcc\obj/example/example_tcpclient.o
 .data          0x00000000        0x0 build\gcc\obj/example/example_tcpclient.o
 .bss           0x00000000        0x0 build\gcc\obj/example/example_tcpclient.o
 .debug_line    0x00000000        0x0 build\gcc\obj/example/example_tcpclient.o
 .debug_str     0x00000000        0x0 build\gcc\obj/example/example_tcpclient.o
 .comment       0x00000000       0x71 build\gcc\obj/example/example_tcpclient.o
 .ARM.attributes
                0x00000000       0x39 build\gcc\obj/example/example_tcpclient.o
 .text          0x00000000        0x0 build\gcc\obj/example/example_time.o
 .data          0x00000000        0x0 build\gcc\obj/example/example_time.o
 .bss           0x00000000        0x0 build\gcc\obj/example/example_time.o
 .debug_line    0x00000000        0x0 build\gcc\obj/example/example_time.o
 .debug_str     0x00000000        0x0 build\gcc\obj/example/example_time.o
 .comment       0x00000000       0x71 build\gcc\obj/example/example_time.o
 .ARM.attributes
                0x00000000       0x39 build\gcc\obj/example/example_time.o
 .text          0x00000000        0x0 build\gcc\obj/example/example_timer.o
 .data          0x00000000        0x0 build\gcc\obj/example/example_timer.o
 .bss           0x00000000        0x0 build\gcc\obj/example/example_timer.o
 .debug_line    0x00000000        0x0 build\gcc\obj/example/example_timer.o
 .debug_str     0x00000000        0x0 build\gcc\obj/example/example_timer.o
 .comment       0x00000000       0x71 build\gcc\obj/example/example_timer.o
 .ARM.attributes
                0x00000000       0x39 build\gcc\obj/example/example_timer.o
 .text          0x00000000        0x0 build\gcc\obj/example/example_udpclient.o
 .data          0x00000000        0x0 build\gcc\obj/example/example_udpclient.o
 .bss           0x00000000        0x0 build\gcc\obj/example/example_udpclient.o
 .debug_line    0x00000000        0x0 build\gcc\obj/example/example_udpclient.o
 .debug_str     0x00000000        0x0 build\gcc\obj/example/example_udpclient.o
 .comment       0x00000000       0x71 build\gcc\obj/example/example_udpclient.o
 .ARM.attributes
                0x00000000       0x39 build\gcc\obj/example/example_udpclient.o
 .text          0x00000000        0x0 build\gcc\obj/example/example_watchdog.o
 .data          0x00000000        0x0 build\gcc\obj/example/example_watchdog.o
 .bss           0x00000000        0x0 build\gcc\obj/example/example_watchdog.o
 .debug_line    0x00000000        0x0 build\gcc\obj/example/example_watchdog.o
 .debug_str     0x00000000        0x0 build\gcc\obj/example/example_watchdog.o
 .comment       0x00000000       0x71 build\gcc\obj/example/example_watchdog.o
 .ARM.attributes
                0x00000000       0x39 build\gcc\obj/example/example_watchdog.o
 .text          0x00000000        0x0 build\gcc\obj/example/utility.o
 .data          0x00000000        0x0 build\gcc\obj/example/utility.o
 .bss           0x00000000        0x0 build\gcc\obj/example/utility.o
 .text.Analyse_Command
                0x00000000       0xec build\gcc\obj/example/utility.o
 .rodata.str1.1
                0x00000000        0xb build\gcc\obj/example/utility.o
 .debug_info    0x00000000      0x28e build\gcc\obj/example/utility.o
 .debug_abbrev  0x00000000      0x154 build\gcc\obj/example/utility.o
 .debug_loc     0x00000000      0x2e4 build\gcc\obj/example/utility.o
 .debug_aranges
                0x00000000       0x20 build\gcc\obj/example/utility.o
 .debug_ranges  0x00000000       0x10 build\gcc\obj/example/utility.o
 .debug_line    0x00000000       0x89 build\gcc\obj/example/utility.o
 .debug_str     0x00000000      0x26d build\gcc\obj/example/utility.o
 .comment       0x00000000       0x71 build\gcc\obj/example/utility.o
 .ARM.attributes
                0x00000000       0x39 build\gcc\obj/example/utility.o
 .debug_frame   0x00000000       0x3c build\gcc\obj/example/utility.o
 .text          0x00000000        0x0 build\gcc\obj/custom/custom_app.o
 .data          0x00000000        0x0 build\gcc\obj/custom/custom_app.o
 .bss           0x00000000        0x0 build\gcc\obj/custom/custom_app.o
 .text          0x00000000        0x0 build\gcc\obj/custom/custom_gpio.o
 .data          0x00000000        0x0 build\gcc\obj/custom/custom_gpio.o
 .bss           0x00000000        0x0 build\gcc\obj/custom/custom_gpio.o
 .text.Custom_GPIO_Program
                0x00000000      0x18c build\gcc\obj/custom/custom_gpio.o
 .text          0x00000000        0x0 build\gcc\obj/custom/custom_main.o
 .data          0x00000000        0x0 build\gcc\obj/custom/custom_main.o
 .bss           0x00000000        0x0 build\gcc\obj/custom/custom_main.o
 .text          0x00000000        0x0 build\gcc\obj/custom/main.o
 .data          0x00000000        0x0 build\gcc\obj/custom/main.o
 .bss           0x00000000        0x0 build\gcc\obj/custom/main.o
 .debug_line    0x00000000        0x0 build\gcc\obj/custom/main.o
 .debug_str     0x00000000        0x0 build\gcc\obj/custom/main.o
 .comment       0x00000000       0x71 build\gcc\obj/custom/main.o
 .ARM.attributes
                0x00000000       0x39 build\gcc\obj/custom/main.o
 .text          0x00000000        0x0 libs/gcc/app_start.lib(gpio.o)
 .data          0x00000000        0x0 libs/gcc/app_start.lib(gpio.o)
 .bss           0x00000000        0x0 libs/gcc/app_start.lib(gpio.o)
 .text.Ql_GPIO_SetDirection
                0x00000000       0x38 libs/gcc/app_start.lib(gpio.o)
 .text.Ql_GPIO_GetDirection
                0x00000000       0x34 libs/gcc/app_start.lib(gpio.o)
 .text.Ql_GPIO_SetPullSelection
                0x00000000       0x38 libs/gcc/app_start.lib(gpio.o)
 .text.Ql_GPIO_Uninit
                0x00000000       0x34 libs/gcc/app_start.lib(gpio.o)
 .bss.m_GPIO_GetDirection
                0x00000000        0x4 libs/gcc/app_start.lib(gpio.o)
 .bss.m_GPIO_SetDirection
                0x00000000        0x4 libs/gcc/app_start.lib(gpio.o)
 .bss.m_GPIO_SetPullSelection
                0x00000000        0x4 libs/gcc/app_start.lib(gpio.o)
 .bss.m_GPIO_Uninit
                0x00000000        0x4 libs/gcc/app_start.lib(gpio.o)
 .text          0x00000000        0x0 libs/gcc/app_start.lib(memory.o)
 .data          0x00000000        0x0 libs/gcc/app_start.lib(memory.o)
 .bss           0x00000000        0x0 libs/gcc/app_start.lib(memory.o)
 .text          0x00000000        0x0 libs/gcc/app_start.lib(ql_func.o)
 .data          0x00000000        0x0 libs/gcc/app_start.lib(ql_func.o)
 .bss           0x00000000        0x0 libs/gcc/app_start.lib(ql_func.o)
 .text.Ql_StartPlayAudioStream
                0x00000000       0x50 libs/gcc/app_start.lib(ql_func.o)
 .text.Ql_StopPlayAudioStream
                0x00000000       0x30 libs/gcc/app_start.lib(ql_func.o)
 .text.Ql_GetRelativeTime_Counter
                0x00000000       0x28 libs/gcc/app_start.lib(ql_func.o)
 .text.Ql_SecondToTicks
                0x00000000       0x2c libs/gcc/app_start.lib(ql_func.o)
 .text.Ql_MillisecondToTicks
                0x00000000       0x2c libs/gcc/app_start.lib(ql_func.o)
 .text.Ql_CalendarTime2LocalTime
                0x00000000       0x34 libs/gcc/app_start.lib(ql_func.o)
 .text.Ql_osChangeTaskPriority
                0x00000000       0x30 libs/gcc/app_start.lib(ql_func.o)
 .bss.m_SecondToTicks
                0x00000000        0x4 libs/gcc/app_start.lib(ql_func.o)
 .bss.m_GetRelativeTime_Counter
                0x00000000        0x4 libs/gcc/app_start.lib(ql_func.o)
 .rodata.str1.1
                0x00000000       0xa3 libs/gcc/app_start.lib(ql_func.o)
 .bss.m_StartPlayAudioStream
                0x00000000        0x4 libs/gcc/app_start.lib(ql_func.o)
 .bss.m_StopPlayAudioStream
                0x00000000        0x4 libs/gcc/app_start.lib(ql_func.o)
 .bss.m_CalendarTime2LocalTime
                0x00000000        0x4 libs/gcc/app_start.lib(ql_func.o)
 .bss.m_MillisecondToTicks
                0x00000000        0x4 libs/gcc/app_start.lib(ql_func.o)
 .bss.m_osChangeTaskPriority
                0x00000000        0x4 libs/gcc/app_start.lib(ql_func.o)
 .text          0x00000000        0x0 libs/gcc/app_start.lib(ql_main.o)
 .data          0x00000000        0x0 libs/gcc/app_start.lib(ql_main.o)
 .bss           0x00000000        0x0 libs/gcc/app_start.lib(ql_main.o)
 .text          0x00000000        0x0 libs/gcc/app_start.lib(ril_aux.o)
 .data          0x00000000        0x0 libs/gcc/app_start.lib(ril_aux.o)
 .bss           0x00000000        0x0 libs/gcc/app_start.lib(ril_aux.o)
 .text          0x00000000        0x0 libs/gcc/app_start.lib(ril_main.o)
 .data          0x00000000        0x0 libs/gcc/app_start.lib(ril_main.o)
 .bss           0x00000000        0x0 libs/gcc/app_start.lib(ril_main.o)
 .text.get_ril_init_status
                0x00000000        0xc libs/gcc/app_start.lib(ril_main.o)
 .text.Ql_RIL_WriteDataToCore
                0x00000000        0x4 libs/gcc/app_start.lib(ril_main.o)
 .text          0x00000000        0x0 libs/gcc/app_start.lib(stdlib_func.o)
 .data          0x00000000        0x0 libs/gcc/app_start.lib(stdlib_func.o)
 .bss           0x00000000        0x0 libs/gcc/app_start.lib(stdlib_func.o)
 .text.Ql_create_api_hash
                0x00000000       0x18 libs/gcc/app_start.lib(stdlib_func.o)
 .text.Ql_ui64toa
                0x00000000       0x60 libs/gcc/app_start.lib(stdlib_func.o)
 .text.Ql_itoa  0x00000000       0x58 libs/gcc/app_start.lib(stdlib_func.o)
 .text.Ql_atof  0x00000000       0x60 libs/gcc/app_start.lib(stdlib_func.o)
 .text.Ql_strcpy
                0x00000000       0x58 libs/gcc/app_start.lib(stdlib_func.o)
 .text.Ql_strcat
                0x00000000       0x48 libs/gcc/app_start.lib(stdlib_func.o)
 .text.Ql_strncat
                0x00000000       0x50 libs/gcc/app_start.lib(stdlib_func.o)
 .text.Ql_strcmp
                0x00000000       0x38 libs/gcc/app_start.lib(stdlib_func.o)
 .text.Ql_memmove
                0x00000000       0x50 libs/gcc/app_start.lib(stdlib_func.o)
 .text.Ql_tolower
                0x00000000        0x4 libs/gcc/app_start.lib(stdlib_func.o)
 .text.Ql_isdigit
                0x00000000        0xc libs/gcc/app_start.lib(stdlib_func.o)
 .bss.m_memmove
                0x00000000        0x4 libs/gcc/app_start.lib(stdlib_func.o)
 .bss.m_strcpy  0x00000000        0x4 libs/gcc/app_start.lib(stdlib_func.o)
 .bss.m_atof    0x00000000        0x4 libs/gcc/app_start.lib(stdlib_func.o)
 .bss.m_strcmp  0x00000000        0x4 libs/gcc/app_start.lib(stdlib_func.o)
 .bss.m_strncat
                0x00000000        0x4 libs/gcc/app_start.lib(stdlib_func.o)
 .bss.m_itoa    0x00000000        0x4 libs/gcc/app_start.lib(stdlib_func.o)
 .bss.m_strcat  0x00000000        0x4 libs/gcc/app_start.lib(stdlib_func.o)
 .bss.m_ui64toa
                0x00000000        0x4 libs/gcc/app_start.lib(stdlib_func.o)
 .text          0x00000000        0x0 libs/gcc/app_start.lib(system.o)
 .data          0x00000000        0x0 libs/gcc/app_start.lib(system.o)
 .bss           0x00000000        0x0 libs/gcc/app_start.lib(system.o)
 .text.Ql_Reset
                0x00000000       0x40 libs/gcc/app_start.lib(system.o)
 .bss.m_Reset   0x00000000        0x4 libs/gcc/app_start.lib(system.o)
 .text          0x00000000        0x0 libs/gcc/app_start.lib(taskMngt.o)
 .data          0x00000000        0x0 libs/gcc/app_start.lib(taskMngt.o)
 .bss           0x00000000        0x0 libs/gcc/app_start.lib(taskMngt.o)
 .text.Ql_OS_SendMessageFromISR
                0x00000000       0x44 libs/gcc/app_start.lib(taskMngt.o)
 .text.Ql_OS_CreateSemaphore
                0x00000000       0x30 libs/gcc/app_start.lib(taskMngt.o)
 .text.Ql_OS_TakeSemaphore
                0x00000000       0x30 libs/gcc/app_start.lib(taskMngt.o)
 .text.Ql_OS_GiveSemaphore
                0x00000000       0x2c libs/gcc/app_start.lib(taskMngt.o)
 .text.Ql_OS_GetActiveTaskId
                0x00000000       0x30 libs/gcc/app_start.lib(taskMngt.o)
 .text.Ql_SetLastErrorCode
                0x00000000       0x34 libs/gcc/app_start.lib(taskMngt.o)
 .text.Ql_GetLastErrorCode
                0x00000000       0x30 libs/gcc/app_start.lib(taskMngt.o)
 .text.Ql_OS_GetCurrentTaskPriority
                0x00000000       0x28 libs/gcc/app_start.lib(taskMngt.o)
 .text.Ql_OS_GetCurrenTaskLeftStackSize
                0x00000000       0x28 libs/gcc/app_start.lib(taskMngt.o)
 .text.Ql_SecureData_Store
                0x00000000       0x34 libs/gcc/app_start.lib(taskMngt.o)
 .text.Ql_SecureData_Read
                0x00000000       0x34 libs/gcc/app_start.lib(taskMngt.o)
 .bss.m_OS_SendMessageFromISR
                0x00000000        0x4 libs/gcc/app_start.lib(taskMngt.o)
 .bss.m_OS_GetActiveTaskId
                0x00000000        0x4 libs/gcc/app_start.lib(taskMngt.o)
 .bss.m_OS_CreateSemaphore
                0x00000000        0x4 libs/gcc/app_start.lib(taskMngt.o)
 .bss.m_OS_GetCurrenTaskLeftStackSize
                0x00000000        0x4 libs/gcc/app_start.lib(taskMngt.o)
 .bss.m_Ql_SecureData_Store
                0x00000000        0x4 libs/gcc/app_start.lib(taskMngt.o)
 .bss.m_GetLastErrorCode
                0x00000000        0x4 libs/gcc/app_start.lib(taskMngt.o)
 .bss.m_OS_GiveSemaphore
                0x00000000        0x4 libs/gcc/app_start.lib(taskMngt.o)
 .bss.m_SetLastErrorCode
                0x00000000        0x4 libs/gcc/app_start.lib(taskMngt.o)
 .bss.m_Ql_SecureData_Read
                0x00000000        0x4 libs/gcc/app_start.lib(taskMngt.o)
 .bss.m_OS_TakeSemaphore
                0x00000000        0x4 libs/gcc/app_start.lib(taskMngt.o)
 .bss.m_OS_GetCurrentTaskPriority
                0x00000000        0x4 libs/gcc/app_start.lib(taskMngt.o)
 .text          0x00000000        0x0 libs/gcc/app_start.lib(timer.o)
 .data          0x00000000        0x0 libs/gcc/app_start.lib(timer.o)
 .bss           0x00000000        0x0 libs/gcc/app_start.lib(timer.o)
 .text.Ql_Timer_RegisterFast
                0x00000000       0x3c libs/gcc/app_start.lib(timer.o)
 .bss.m_Timer_RegisterFast
                0x00000000        0x4 libs/gcc/app_start.lib(timer.o)
 .text          0x00000000        0x0 libs/gcc/app_start.lib(uart.o)
 .data          0x00000000        0x0 libs/gcc/app_start.lib(uart.o)
 .bss           0x00000000        0x0 libs/gcc/app_start.lib(uart.o)
 .text.Ql_UART_OpenEx
                0x00000000       0x38 libs/gcc/app_start.lib(uart.o)
 .text.Ql_UART_Close
                0x00000000       0x2c libs/gcc/app_start.lib(uart.o)
 .bss.m_Ql_UART_Close
                0x00000000        0x4 libs/gcc/app_start.lib(uart.o)
 .bss.m_Ql_UART_OpenEx
                0x00000000        0x4 libs/gcc/app_start.lib(uart.o)
 .data          0x00000000        0x0 libs/gcc/app_start.lib(ocpu_init.o)
 .bss           0x00000000        0x0 libs/gcc/app_start.lib(ocpu_init.o)
 .text          0x00000000        0x0 tools\gcc\win\gcc-arm-none-eabi/arm-none-eabi/lib/armv7e-m/fpu/libc.a(lib_a-memset.o)
 .data          0x00000000        0x0 tools\gcc\win\gcc-arm-none-eabi/arm-none-eabi/lib/armv7e-m/fpu/libc.a(lib_a-memset.o)
 .bss           0x00000000        0x0 tools\gcc\win\gcc-arm-none-eabi/arm-none-eabi/lib/armv7e-m/fpu/libc.a(lib_a-memset.o)
 .text          0x00000000        0x0 tools\gcc\win\gcc-arm-none-eabi/arm-none-eabi/lib/armv7e-m/fpu/libc.a(lib_a-strchr.o)
 .data          0x00000000        0x0 tools\gcc\win\gcc-arm-none-eabi/arm-none-eabi/lib/armv7e-m/fpu/libc.a(lib_a-strchr.o)
 .bss           0x00000000        0x0 tools\gcc\win\gcc-arm-none-eabi/arm-none-eabi/lib/armv7e-m/fpu/libc.a(lib_a-strchr.o)
 .text          0x00000000        0x0 tools\gcc\win\gcc-arm-none-eabi/arm-none-eabi/lib/armv7e-m/fpu/libc.a(lib_a-strcpy.o)
 .data          0x00000000        0x0 tools\gcc\win\gcc-arm-none-eabi/arm-none-eabi/lib/armv7e-m/fpu/libc.a(lib_a-strcpy.o)
 .bss           0x00000000        0x0 tools\gcc\win\gcc-arm-none-eabi/arm-none-eabi/lib/armv7e-m/fpu/libc.a(lib_a-strcpy.o)
 .text          0x00000000        0x0 tools\gcc\win\gcc-arm-none-eabi/arm-none-eabi/lib/armv7e-m/fpu/libc.a(lib_a-strlen.o)
 .data          0x00000000        0x0 tools\gcc\win\gcc-arm-none-eabi/arm-none-eabi/lib/armv7e-m/fpu/libc.a(lib_a-strlen.o)
 .bss           0x00000000        0x0 tools\gcc\win\gcc-arm-none-eabi/arm-none-eabi/lib/armv7e-m/fpu/libc.a(lib_a-strlen.o)
 .text          0x00000000        0x0 tools\gcc\win\gcc-arm-none-eabi/arm-none-eabi/lib/armv7e-m/fpu/libc.a(lib_a-strncpy.o)
 .data          0x00000000        0x0 tools\gcc\win\gcc-arm-none-eabi/arm-none-eabi/lib/armv7e-m/fpu/libc.a(lib_a-strncpy.o)
 .bss           0x00000000        0x0 tools\gcc\win\gcc-arm-none-eabi/arm-none-eabi/lib/armv7e-m/fpu/libc.a(lib_a-strncpy.o)
 .text          0x00000000        0x0 tools\gcc\win\gcc-arm-none-eabi/arm-none-eabi/lib/armv7e-m/fpu/libc.a(lib_a-strsep.o)
 .data          0x00000000        0x0 tools\gcc\win\gcc-arm-none-eabi/arm-none-eabi/lib/armv7e-m/fpu/libc.a(lib_a-strsep.o)
 .bss           0x00000000        0x0 tools\gcc\win\gcc-arm-none-eabi/arm-none-eabi/lib/armv7e-m/fpu/libc.a(lib_a-strsep.o)
 .text          0x00000000        0x0 tools\gcc\win\gcc-arm-none-eabi/arm-none-eabi/lib/armv7e-m/fpu/libc.a(lib_a-strtok.o)
 .data          0x00000000        0x0 tools\gcc\win\gcc-arm-none-eabi/arm-none-eabi/lib/armv7e-m/fpu/libc.a(lib_a-strtok.o)
 .bss           0x00000000        0x0 tools\gcc\win\gcc-arm-none-eabi/arm-none-eabi/lib/armv7e-m/fpu/libc.a(lib_a-strtok.o)
 .text          0x00000000        0x0 tools\gcc\win\gcc-arm-none-eabi/arm-none-eabi/lib/armv7e-m/fpu/libc.a(lib_a-strtok_r.o)
 .data          0x00000000        0x0 tools\gcc\win\gcc-arm-none-eabi/arm-none-eabi/lib/armv7e-m/fpu/libc.a(lib_a-strtok_r.o)
 .bss           0x00000000        0x0 tools\gcc\win\gcc-arm-none-eabi/arm-none-eabi/lib/armv7e-m/fpu/libc.a(lib_a-strtok_r.o)
 .text.strtok_r
                0x00000000        0x8 tools\gcc\win\gcc-arm-none-eabi/arm-none-eabi/lib/armv7e-m/fpu/libc.a(lib_a-strtok_r.o)
 .text          0x00000000        0x0 tools\gcc\win\gcc-arm-none-eabi/arm-none-eabi/lib/armv7e-m/fpu/libc.a(lib_a-impure.o)
 .data          0x00000000        0x0 tools\gcc\win\gcc-arm-none-eabi/arm-none-eabi/lib/armv7e-m/fpu/libc.a(lib_a-impure.o)
 .bss           0x00000000        0x0 tools\gcc\win\gcc-arm-none-eabi/arm-none-eabi/lib/armv7e-m/fpu/libc.a(lib_a-impure.o)
 .rodata._global_impure_ptr
                0x00000000        0x4 tools\gcc\win\gcc-arm-none-eabi/arm-none-eabi/lib/armv7e-m/fpu/libc.a(lib_a-impure.o)

Memory Configuration

Name             Origin             Length             Attributes
ROM              0x08292040         0x00032000         xr
RAM              0x001e7000         0x00019000         xrw
*default*        0x00000000         0xffffffff

Linker script and memory map

                0x08292040                . = 0x8292040

.initdata       0x08292040       0x2c
                0x08292040                . = ALIGN (0x4)
 *(.initdata)
 .initdata      0x08292040       0x2c libs/gcc/app_start.lib(ql_main.o)
                0x08292040                GADLENTRY

text            0x0829206c     0x2da4
                0x0829206c                . = ALIGN (0x4)
 *(.text.*)
 .text.Ql_RIL_AT_SetErrCode
                0x0829206c        0xc build\gcc\obj/ril/src/ril_atResponse.o
                0x0829206c                Ql_RIL_AT_SetErrCode
 .text.Default_atRsp_callback
                0x08292078       0xec build\gcc\obj/ril/src/ril_atResponse.o
                0x08292078                Default_atRsp_callback
 .text.RIL_GetInitCmdCnt
                0x08292164        0x4 build\gcc\obj/ril/src/ril_init.o
                0x08292164                RIL_GetInitCmdCnt
 .text.RIL_GetLimitedCmdCnt
                0x08292168        0x4 build\gcc\obj/ril/src/ril_init.o
                0x08292168                RIL_GetLimitedCmdCnt
 .text.RIL_SIM_GetSimStateByName
                0x0829216c       0xc8 build\gcc\obj/ril/src/ril_network.o
                0x0829216c                RIL_SIM_GetSimStateByName
 .text.QSDK_Get_Str
                0x08292234       0x78 build\gcc\obj/ril/src/ril_system.o
                0x08292234                QSDK_Get_Str
 .text.open_socket_push_json_param_parse_cmd
                0x082922ac      0x128 build\gcc\obj/ril/src/ril_system.o
                0x082922ac                open_socket_push_json_param_parse_cmd
 .text.open_lwm2m_param_parse_cmd
                0x082923d4      0x130 build\gcc\obj/ril/src/ril_system.o
                0x082923d4                open_lwm2m_param_parse_cmd
 .text.Qstr_seacher_with
                0x08292504       0x58 build\gcc\obj/ril/src/ril_system.o
                0x08292504                Qstr_seacher_with
 .text.open_onenet_push_param_parse_cmd
                0x0829255c      0x17c build\gcc\obj/ril/src/ril_system.o
                0x0829255c                open_onenet_push_param_parse_cmd
 .text.OnURCHandler_ONENET_EXECUTE
                0x082926d8      0x104 build\gcc\obj/ril/src/ril_urc.o
 .text.OnURCHandler_ONENET_READ
                0x082927dc       0xdc build\gcc\obj/ril/src/ril_urc.o
 .text.OnURCHandler_ONENET_DISCOVER
                0x082928b8       0xac build\gcc\obj/ril/src/ril_urc.o
 .text.OnURCHandler_ONENET_OBSERVER
                0x08292964       0xf0 build\gcc\obj/ril/src/ril_urc.o
 .text.OnURCHandler_ONENET_EVENT
                0x08292a54       0xf8 build\gcc\obj/ril/src/ril_urc.o
 .text.OnURCHandler_LwM2M_OBSERVE
                0x08292b4c       0xc4 build\gcc\obj/ril/src/ril_urc.o
 .text.OnURCHandler_CFUN
                0x08292c10       0x70 build\gcc\obj/ril/src/ril_urc.o
 .text.OnURCHandler_Network
                0x08292c80      0x130 build\gcc\obj/ril/src/ril_urc.o
 .text.OnURCHandler_ONENET_WRITE
                0x08292db0      0x14c build\gcc\obj/ril/src/ril_urc.o
 .text.OnURCHandler_LwM2M_RECV_DATA
                0x08292efc       0xec build\gcc\obj/ril/src/ril_urc.o
 .text.OnURCHandler_QIURC_DATA
                0x08292fe8      0x160 build\gcc\obj/ril/src/ril_urc.o
 .text.OnURCHandler_SIM
                0x08293148       0x90 build\gcc\obj/ril/src/ril_urc.o
 .text.OnURCHandler
                0x082931d8       0x70 build\gcc\obj/ril/src/ril_urc.o
                0x082931d8                OnURCHandler
 .text.Ql_RIL_IsURCStr
                0x08293248       0x40 build\gcc\obj/ril/src/ril_urc.o
                0x08293248                Ql_RIL_IsURCStr
 .text.Ql_StrPrefixMatch
                0x08293288       0x28 build\gcc\obj/ril/src/ril_util.o
                0x08293288                Ql_StrPrefixMatch
 .text.Ql_StrToUpper
                0x082932b0       0x28 build\gcc\obj/ril/src/ril_util.o
                0x082932b0                Ql_StrToUpper
 .text.Ql_RIL_FindString
                0x082932d8       0x50 build\gcc\obj/ril/src/ril_util.o
                0x082932d8                Ql_RIL_FindString
 .text.Ql_RIL_FindLine
                0x08293328      0x154 build\gcc\obj/ril/src/ril_util.o
                0x08293328                Ql_RIL_FindLine
 .text.proc_reserved4
                0x0829347c       0x70 build\gcc\obj/custom/custom_app.o
                0x0829347c                proc_reserved4
 .text.proc_reserved5
                0x082934ec       0x50 build\gcc\obj/custom/custom_app.o
                0x082934ec                proc_reserved5
 .text.proc_reserved6
                0x0829353c       0x50 build\gcc\obj/custom/custom_app.o
                0x0829353c                proc_reserved6
 .text.proc_reserved7
                0x0829358c       0x50 build\gcc\obj/custom/custom_app.o
                0x0829358c                proc_reserved7
 .text.proc_reserved8
                0x082935dc       0x50 build\gcc\obj/custom/custom_app.o
                0x082935dc                proc_reserved8
 .text.proc_reserved9
                0x0829362c       0x50 build\gcc\obj/custom/custom_app.o
                0x0829362c                proc_reserved9
 .text.proc_reserved10
                0x0829367c       0x50 build\gcc\obj/custom/custom_app.o
                0x0829367c                proc_reserved10
 .text.Custom_GPIO_Init
                0x082936cc       0x54 build\gcc\obj/custom/custom_gpio.o
                0x082936cc                Custom_GPIO_Init
 .text.proc_reserved3
                0x08293720      0x10c build\gcc\obj/custom/custom_gpio.o
                0x08293720                proc_reserved3
 .text.ATResponse_Handler
                0x0829382c       0x98 build\gcc\obj/custom/custom_main.o
                0x0829382c                ATResponse_Handler
 .text.CallBack_UART_Hdlr
                0x082938c4       0xe8 build\gcc\obj/custom/custom_main.o
 .text.proc_main_task
                0x082939ac      0x160 build\gcc\obj/custom/custom_main.o
                0x082939ac                proc_main_task
 .text.Ql_GPIO_Init
                0x08293b0c       0x44 libs/gcc/app_start.lib(gpio.o)
                0x08293b0c                Ql_GPIO_Init
 .text.Ql_GPIO_SetLevel
                0x08293b50       0x38 libs/gcc/app_start.lib(gpio.o)
                0x08293b50                Ql_GPIO_SetLevel
 .text.Ql_GPIO_GetLevel
                0x08293b88       0x34 libs/gcc/app_start.lib(gpio.o)
                0x08293b88                Ql_GPIO_GetLevel
 .text.Ql_MEM_Alloc
                0x08293bbc       0x44 libs/gcc/app_start.lib(memory.o)
                0x08293bbc                Ql_MEM_Alloc
 .text.Ql_MEM_Free
                0x08293c00       0x40 libs/gcc/app_start.lib(memory.o)
                0x08293c00                Ql_MEM_Free
 .text.ql_InitVFunc
                0x08293c40       0x7c libs/gcc/app_start.lib(ql_main.o)
                0x08293c40                ql_InitVFunc
 .text.ocpu_main
                0x08293cbc       0x68 libs/gcc/app_start.lib(ql_main.o)
                0x08293cbc                ocpu_main
 .text.proc_reserved2
                0x08293d24       0x40 libs/gcc/app_start.lib(ril_aux.o)
                0x08293d24                proc_reserved2
 .text.ril_StopATTimer
                0x08293d64       0x1c libs/gcc/app_start.lib(ril_main.o)
 .text.Callback_OnATTimer
                0x08293d80       0x34 libs/gcc/app_start.lib(ril_main.o)
 .text.Ql_RIL_Initialize
                0x08293db4       0x90 libs/gcc/app_start.lib(ril_main.o)
                0x08293db4                Ql_RIL_Initialize
 .text.Ql_RIL_SendATCmd
                0x08293e44      0x1c8 libs/gcc/app_start.lib(ril_main.o)
                0x08293e44                Ql_RIL_SendATCmd
 .text.str_seacher_with
                0x0829400c       0x58 libs/gcc/app_start.lib(ril_main.o)
                0x0829400c                str_seacher_with
 .text.proc_reserved1
                0x08294064      0x340 libs/gcc/app_start.lib(ril_main.o)
                0x08294064                proc_reserved1
 .text.Ql_strncpy
                0x082943a4       0x50 libs/gcc/app_start.lib(stdlib_func.o)
                0x082943a4                Ql_strncpy
 .text.Ql_strlen
                0x082943f4       0x44 libs/gcc/app_start.lib(stdlib_func.o)
                0x082943f4                Ql_strlen
 .text.Ql_strncmp
                0x08294438       0x3c libs/gcc/app_start.lib(stdlib_func.o)
                0x08294438                Ql_strncmp
 .text.Ql_memset
                0x08294474       0x50 libs/gcc/app_start.lib(stdlib_func.o)
                0x08294474                Ql_memset
 .text.Ql_memcpy
                0x082944c4       0x50 libs/gcc/app_start.lib(stdlib_func.o)
                0x082944c4                Ql_memcpy
 .text.Ql_memcmp
                0x08294514       0x3c libs/gcc/app_start.lib(stdlib_func.o)
                0x08294514                Ql_memcmp
 .text.Ql_strstr
                0x08294550       0x48 libs/gcc/app_start.lib(stdlib_func.o)
                0x08294550                Ql_strstr
 .text.Ql_strchr
                0x08294598       0x48 libs/gcc/app_start.lib(stdlib_func.o)
                0x08294598                Ql_strchr
 .text.Ql_toupper
                0x082945e0        0x4 libs/gcc/app_start.lib(stdlib_func.o)
                0x082945e0                Ql_toupper
 .text.Ql_atoi  0x082945e4       0x4e libs/gcc/app_start.lib(stdlib_func.o)
                0x082945e4                Ql_atoi
 *fill*         0x08294632        0x2 
 .text.Ql_Sleep
                0x08294634       0x40 libs/gcc/app_start.lib(system.o)
                0x08294634                Ql_Sleep
 .text.Ql_GetvFunc_Init_Status
                0x08294674       0x28 libs/gcc/app_start.lib(system.o)
                0x08294674                Ql_GetvFunc_Init_Status
 .text.Ql_GetSDKVer
                0x0829469c       0x38 libs/gcc/app_start.lib(system.o)
                0x0829469c                Ql_GetSDKVer
 .text.Ql_OS_GetMessage
                0x082946d4       0x34 libs/gcc/app_start.lib(taskMngt.o)
                0x082946d4                Ql_OS_GetMessage
 .text.Ql_OS_SendMessage
                0x08294708       0x44 libs/gcc/app_start.lib(taskMngt.o)
                0x08294708                Ql_OS_SendMessage
 .text.Ql_OS_CreateMutex
                0x0829474c       0x28 libs/gcc/app_start.lib(taskMngt.o)
                0x0829474c                Ql_OS_CreateMutex
 .text.Ql_OS_TakeMutex
                0x08294774       0x30 libs/gcc/app_start.lib(taskMngt.o)
                0x08294774                Ql_OS_TakeMutex
 .text.Ql_OS_GiveMutex
                0x082947a4       0x2c libs/gcc/app_start.lib(taskMngt.o)
                0x082947a4                Ql_OS_GiveMutex
 .text.Ql_OS_CreateEvent
                0x082947d0       0x28 libs/gcc/app_start.lib(taskMngt.o)
                0x082947d0                Ql_OS_CreateEvent
 .text.Ql_OS_WaitEvent
                0x082947f8       0x3c libs/gcc/app_start.lib(taskMngt.o)
                0x082947f8                Ql_OS_WaitEvent
 .text.Ql_OS_SetEvent
                0x08294834       0x38 libs/gcc/app_start.lib(taskMngt.o)
                0x08294834                Ql_OS_SetEvent
 .text.Ql_ril_request_command
                0x0829486c       0x34 libs/gcc/app_start.lib(taskMngt.o)
                0x0829486c                Ql_ril_request_command
 .text.Ql_Timer_Register
                0x082948a0       0x3c libs/gcc/app_start.lib(timer.o)
                0x082948a0                Ql_Timer_Register
 .text.Ql_Timer_Start
                0x082948dc       0x3c libs/gcc/app_start.lib(timer.o)
                0x082948dc                Ql_Timer_Start
 .text.Ql_Timer_Stop
                0x08294918       0x34 libs/gcc/app_start.lib(timer.o)
                0x08294918                Ql_Timer_Stop
 .text.Ql_UART_Register
                0x0829494c       0x3c libs/gcc/app_start.lib(uart.o)
                0x0829494c                Ql_UART_Register
 .text.Ql_UART_Open
                0x08294988       0x3c libs/gcc/app_start.lib(uart.o)
                0x08294988                Ql_UART_Open
 .text.Ql_UART_Write
                0x082949c4       0x3c libs/gcc/app_start.lib(uart.o)
                0x082949c4                Ql_UART_Write
 .text.Ql_UART_Read
                0x08294a00       0x3c libs/gcc/app_start.lib(uart.o)
                0x08294a00                Ql_UART_Read
 .text.memset   0x08294a3c       0x94 tools\gcc\win\gcc-arm-none-eabi/arm-none-eabi/lib/armv7e-m/fpu/libc.a(lib_a-memset.o)
                0x08294a3c                memset
 .text.strchr   0x08294ad0       0xf4 tools\gcc\win\gcc-arm-none-eabi/arm-none-eabi/lib/armv7e-m/fpu/libc.a(lib_a-strchr.o)
                0x08294ad0                strchr
 .text.strcpy   0x08294bc4       0xbc tools\gcc\win\gcc-arm-none-eabi/arm-none-eabi/lib/armv7e-m/fpu/libc.a(lib_a-strcpy.o)
                0x08294bc4                strcpy
 .text.strlen   0x08294c80       0x60 tools\gcc\win\gcc-arm-none-eabi/arm-none-eabi/lib/armv7e-m/fpu/libc.a(lib_a-strlen.o)
                0x08294c80                strlen
 .text.strncpy  0x08294ce0       0x64 tools\gcc\win\gcc-arm-none-eabi/arm-none-eabi/lib/armv7e-m/fpu/libc.a(lib_a-strncpy.o)
                0x08294ce0                strncpy
 .text.strsep   0x08294d44        0xc tools\gcc\win\gcc-arm-none-eabi/arm-none-eabi/lib/armv7e-m/fpu/libc.a(lib_a-strsep.o)
                0x08294d44                strsep
 .text.strtok   0x08294d50       0x10 tools\gcc\win\gcc-arm-none-eabi/arm-none-eabi/lib/armv7e-m/fpu/libc.a(lib_a-strtok.o)
                0x08294d50                strtok
 .text.__strtok_r
                0x08294d60       0x64 tools\gcc\win\gcc-arm-none-eabi/arm-none-eabi/lib/armv7e-m/fpu/libc.a(lib_a-strtok_r.o)
                0x08294d60                __strtok_r
 *(.text)
 .text          0x08294dc4       0x4c libs/gcc/app_start.lib(ocpu_init.o)
                0x08294dd8                _OCPU_InitUserMem

.glue_7         0x08294e10        0x0
 .glue_7        0x00000000        0x0 linker stubs

.glue_7t        0x08294e10        0x0
 .glue_7t       0x00000000        0x0 linker stubs

.vfp11_veneer   0x08294e10        0x0
 .vfp11_veneer  0x00000000        0x0 linker stubs

.v4_bx          0x08294e10        0x0
 .v4_bx         0x00000000        0x0 linker stubs

.iplt           0x08294e10        0x0
 .iplt          0x00000000        0x0 build\gcc\obj/custom/config/custom_sys_cfg.o

.rodata         0x08294e10       0x2c
                0x08294e10                . = ALIGN (0x4)
 *(.rodata)
 .rodata        0x08294e10       0x16 libs/gcc/app_start.lib(ql_main.o)
 .rodata        0x08294e26       0x16 libs/gcc/app_start.lib(system.o)
                0x08295ba0                __data_load = LOADADDR (.data)

.rodata.wtdCfg  0x08294e3c        0x2
 .rodata.wtdCfg
                0x08294e3c        0x2 build\gcc\obj/custom/config/custom_sys_cfg.o

.rodata.appEnableCfg
                0x08294e40        0x4
 .rodata.appEnableCfg
                0x08294e40        0x4 build\gcc\obj/custom/config/custom_sys_cfg.o

.rodata.debugPortCfg
                0x08294e44        0x1
 .rodata.debugPortCfg
                0x08294e44        0x1 build\gcc\obj/custom/config/custom_sys_cfg.o

.rodata.debugPortSet
                0x08294e45        0x2
 .rodata.debugPortSet
                0x08294e45        0x2 build\gcc\obj/custom/config/custom_sys_cfg.o

.rodata.SystemCfg
                0x08294e48       0x3c
 .rodata.SystemCfg
                0x08294e48       0x3c build\gcc\obj/custom/config/custom_sys_cfg.o
                0x08294e48                SystemCfg

.rodata.GpioConfigTbl
                0x08294e84        0x4
 .rodata.GpioConfigTbl
                0x08294e84        0x4 build\gcc\obj/custom/config/sys_config.o
                0x08294e84                GpioConfigTbl

.rodata.TaskConfig
                0x08294e88       0xf0
 .rodata.TaskConfig
                0x08294e88       0xf0 build\gcc\obj/custom/config/sys_config.o
                0x08294e88                TaskConfig

.rodata.str1.1  0x08294f78      0x982
 .rodata.str1.1
                0x08294f78       0x4c build\gcc\obj/ril/src/ril_atResponse.o
                                 0x52 (size before relaxing)
 .rodata.str1.1
                0x08294fc4       0x2c build\gcc\obj/ril/src/ril_init.o
 .rodata.str1.1
                0x08294ff0       0x63 build\gcc\obj/ril/src/ril_network.o
                                 0x8e (size before relaxing)
 .rodata.str1.1
                0x08295053       0x14 build\gcc\obj/ril/src/ril_system.o
                                 0x2e (size before relaxing)
 .rodata.str1.1
                0x08295067       0xdb build\gcc\obj/ril/src/ril_urc.o
                                 0xde (size before relaxing)
 .rodata.str1.1
                0x08295142       0x11 build\gcc\obj/ril/src/ril_util.o
                                 0x16 (size before relaxing)
 .rodata.str1.1
                0x08295153       0xdb build\gcc\obj/custom/custom_app.o
 .rodata.str1.1
                0x0829522e      0x196 build\gcc\obj/custom/custom_gpio.o
 .rodata.str1.1
                0x082953c4      0x17b build\gcc\obj/custom/custom_main.o
                                0x193 (size before relaxing)
 .rodata.str1.1
                0x0829553f       0x81 libs/gcc/app_start.lib(gpio.o)
 .rodata.str1.1
                0x082955c0       0x19 libs/gcc/app_start.lib(memory.o)
 .rodata.str1.1
                0x082955d9       0x1a libs/gcc/app_start.lib(ql_main.o)
 .rodata.str1.1
                0x082955f3        0xa libs/gcc/app_start.lib(ril_main.o)
                                 0x11 (size before relaxing)
 .rodata.str1.1
                0x082955fd       0xa1 libs/gcc/app_start.lib(stdlib_func.o)
 .rodata.str1.1
                0x0829569e       0x2a libs/gcc/app_start.lib(system.o)
 .rodata.str1.1
                0x082956c8      0x197 libs/gcc/app_start.lib(taskMngt.o)
 .rodata.str1.1
                0x0829585f       0x45 libs/gcc/app_start.lib(timer.o)
 .rodata.str1.1
                0x082958a4       0x56 libs/gcc/app_start.lib(uart.o)

.rodata.m_AtURCHdlEntry
                0x082958fc      0x1f8
 .rodata.m_AtURCHdlEntry
                0x082958fc      0x1f8 build\gcc\obj/ril/src/ril_urc.o

.rodata.m_SysURCHdlEntry
                0x08295af4       0xa8
 .rodata.m_SysURCHdlEntry
                0x08295af4       0xa8 build\gcc\obj/ril/src/ril_urc.o

.rodata.str1.4  0x08295b9c        0x4
 .rodata.str1.4
                0x08295b9c        0x4 tools\gcc\win\gcc-arm-none-eabi/arm-none-eabi/lib/armv7e-m/fpu/libc.a(lib_a-impure.o)

.rel.dyn        0x08295ba0        0x0
 .rel.iplt      0x00000000        0x0 build\gcc\obj/custom/config/custom_sys_cfg.o

.data           0x001e7000      0x46c load address 0x08295ba0
                0x001e7000                __data_start = .
                0x001e7000                . = ALIGN (0x4)
 *(.data.*)
 .data.g_InitCmds
                0x001e7000        0xc build\gcc\obj/ril/src/ril_init.o
                0x001e7000                g_InitCmds
 .data.g_LimitedCmds
                0x001e700c        0x4 build\gcc\obj/ril/src/ril_init.o
                0x001e700c                g_LimitedCmds
 .data.api_notsup
                0x001e7010       0x18 libs/gcc/app_start.lib(ql_func.o)
                0x001e7010                api_notsup
 .data.g_ril_auxTaskId
                0x001e7028        0x4 libs/gcc/app_start.lib(ril_aux.o)
                0x001e7028                g_ril_auxTaskId
 .data.m_atTimer
                0x001e702c        0xc libs/gcc/app_start.lib(ril_main.o)
 .data.m_thisTaskId
                0x001e7038        0x4 libs/gcc/app_start.lib(ril_main.o)
 *fill*         0x001e703c        0x4 
 .data.impure_data
                0x001e7040      0x428 tools\gcc\win\gcc-arm-none-eabi/arm-none-eabi/lib/armv7e-m/fpu/libc.a(lib_a-impure.o)
 .data._impure_ptr
                0x001e7468        0x4 tools\gcc\win\gcc-arm-none-eabi/arm-none-eabi/lib/armv7e-m/fpu/libc.a(lib_a-impure.o)
                0x001e7468                _impure_ptr
 *(.data)
                0x001e746c                _edata = .

.igot.plt       0x001e746c        0x0 load address 0x0829600c
 .igot.plt      0x00000000        0x0 build\gcc\obj/custom/config/custom_sys_cfg.o

.bss            0x001e746c     0x22c8 load address 0x0829600c
                0x001e746c                __bss_start__ = .
                0x001e746c                . = ALIGN (0x4)
 *(.bss)
 *(.bss.*)
 .bss.m_iErrCode
                0x001e746c        0x4 build\gcc\obj/ril/src/ril_atResponse.o
 .bss.g_LWM2M_RECV_DATA_MODE
                0x001e7470        0x1 build\gcc\obj/ril/src/ril_lwm2m.o
                0x001e7470                g_LWM2M_RECV_DATA_MODE
 .bss.g_ONENET_PUSH_RECV_MODE
                0x001e7471        0x1 build\gcc\obj/ril/src/ril_onenet.o
                0x001e7471                g_ONENET_PUSH_RECV_MODE
 .bss.recv_data_format
                0x001e7472        0x1 build\gcc\obj/ril/src/ril_socket.o
                0x001e7472                recv_data_format
 *fill*         0x001e7473        0x1 
 .bss.onenet_urc_param
                0x001e7474      0x4ec build\gcc\obj/ril/src/ril_urc.o
                0x001e7474                onenet_urc_param
 .bss.lwm2m_urc_param
                0x001e7960      0x4c8 build\gcc\obj/ril/src/ril_urc.o
                0x001e7960                lwm2m_urc_param
 .bss.socket_recv_param
                0x001e7e28      0x4bc build\gcc\obj/ril/src/ril_urc.o
                0x001e7e28                socket_recv_param
 .bss.DBG_BUFFER
                0x001e82e4      0x200 build\gcc\obj/custom/custom_app.o
 .bss.DBG_BUFFER
                0x001e84e4      0x200 build\gcc\obj/custom/custom_gpio.o
 .bss.DBG_BUFFER
                0x001e86e4      0x200 build\gcc\obj/custom/custom_main.o
 .bss.m_RxBuf_Uart
                0x001e88e4      0x800 build\gcc\obj/custom/custom_main.o
 .bss.m_GPIO_Init
                0x001e90e4        0x4 libs/gcc/app_start.lib(gpio.o)
                0x001e90e4                m_GPIO_Init
 .bss.m_GPIO_GetLevel
                0x001e90e8        0x4 libs/gcc/app_start.lib(gpio.o)
                0x001e90e8                m_GPIO_GetLevel
 .bss.m_GPIO_SetLevel
                0x001e90ec        0x4 libs/gcc/app_start.lib(gpio.o)
                0x001e90ec                m_GPIO_SetLevel
 .bss.m_MEM_Alloc
                0x001e90f0        0x4 libs/gcc/app_start.lib(memory.o)
 .bss.m_MEM_Free
                0x001e90f4        0x4 libs/gcc/app_start.lib(memory.o)
 .bss.m_create_api_hash
                0x001e90f8        0x4 libs/gcc/app_start.lib(ql_func.o)
                0x001e90f8                m_create_api_hash
 .bss.m_get_api_ptr
                0x001e90fc        0x4 libs/gcc/app_start.lib(ql_func.o)
                0x001e90fc                m_get_api_ptr
 .bss.Ql_sscanf
                0x001e9100        0x4 libs/gcc/app_start.lib(ql_main.o)
                0x001e9100                Ql_sscanf
 .bss.runinfo   0x001e9104        0x8 libs/gcc/app_start.lib(ql_main.o)
                0x001e9104                runinfo
 .bss.Ql_Debug_Trace
                0x001e910c        0x4 libs/gcc/app_start.lib(ql_main.o)
                0x001e910c                Ql_Debug_Trace
 .bss.Ql_sprintf
                0x001e9110        0x4 libs/gcc/app_start.lib(ql_main.o)
                0x001e9110                Ql_sprintf
 .bss.Ql_snprintf
                0x001e9114        0x4 libs/gcc/app_start.lib(ql_main.o)
                0x001e9114                Ql_snprintf
 .bss.init_size
                0x001e9118        0x4 libs/gcc/app_start.lib(ql_main.o)
 .bss.g_ril_auxTaskReady
                0x001e911c        0x1 libs/gcc/app_start.lib(ril_aux.o)
                0x001e911c                g_ril_auxTaskReady
 *fill*         0x001e911d        0x3 
 .bss.m_pATRspLineBuf
                0x001e9120        0x4 libs/gcc/app_start.lib(ril_main.o)
 .bss.m_strATCmd
                0x001e9124      0x578 libs/gcc/app_start.lib(ril_main.o)
 .bss.m_IsATHandling
                0x001e969c        0x1 libs/gcc/app_start.lib(ril_main.o)
 *fill*         0x001e969d        0x3 
 .bss.m_data    0x001e96a0        0x8 libs/gcc/app_start.lib(ril_main.o)
 .bss.m_isRILInited
                0x001e96a8        0x1 libs/gcc/app_start.lib(ril_main.o)
 *fill*         0x001e96a9        0x3 
 .bss.m_nATRspBufLen
                0x001e96ac        0x4 libs/gcc/app_start.lib(ril_main.o)
 .bss.m_nAtMutexId
                0x001e96b0        0x4 libs/gcc/app_start.lib(ril_main.o)
 .bss.m_userdata
                0x001e96b4        0x4 libs/gcc/app_start.lib(ril_main.o)
 .bss.g_nEventGrpId
                0x001e96b8        0x4 libs/gcc/app_start.lib(ril_main.o)
 .bss.m_pATRspBuffer
                0x001e96bc        0x4 libs/gcc/app_start.lib(ril_main.o)
 .bss.m_nATErrCode
                0x001e96c0        0x4 libs/gcc/app_start.lib(ril_main.o)
 .bss.m_atRsp_callback
                0x001e96c4        0x4 libs/gcc/app_start.lib(ril_main.o)
 .bss.m_nATRsp_Result
                0x001e96c8        0x4 libs/gcc/app_start.lib(ril_main.o)
 .bss.m_strncmp
                0x001e96cc        0x4 libs/gcc/app_start.lib(stdlib_func.o)
 .bss.m_strncpy
                0x001e96d0        0x4 libs/gcc/app_start.lib(stdlib_func.o)
 .bss.m_memset  0x001e96d4        0x4 libs/gcc/app_start.lib(stdlib_func.o)
 .bss.m_memcpy  0x001e96d8        0x4 libs/gcc/app_start.lib(stdlib_func.o)
 .bss.m_memcmp  0x001e96dc        0x4 libs/gcc/app_start.lib(stdlib_func.o)
 .bss.m_strlen  0x001e96e0        0x4 libs/gcc/app_start.lib(stdlib_func.o)
 .bss.m_strstr  0x001e96e4        0x4 libs/gcc/app_start.lib(stdlib_func.o)
 .bss.m_strchr  0x001e96e8        0x4 libs/gcc/app_start.lib(stdlib_func.o)
 .bss.m_Sleep   0x001e96ec        0x4 libs/gcc/app_start.lib(system.o)
 .bss.m_GetvFunc_Init_Status
                0x001e96f0        0x4 libs/gcc/app_start.lib(system.o)
 .bss.m_RIL_request_custom_command
                0x001e96f4        0x4 libs/gcc/app_start.lib(taskMngt.o)
 .bss.m_OS_CreateEvent
                0x001e96f8        0x4 libs/gcc/app_start.lib(taskMngt.o)
 .bss.m_OS_CreateMutex
                0x001e96fc        0x4 libs/gcc/app_start.lib(taskMngt.o)
 .bss.m_OS_SetEvent
                0x001e9700        0x4 libs/gcc/app_start.lib(taskMngt.o)
 .bss.m_OS_WaitEvent
                0x001e9704        0x4 libs/gcc/app_start.lib(taskMngt.o)
 .bss.m_OS_TakeMutex
                0x001e9708        0x4 libs/gcc/app_start.lib(taskMngt.o)
 .bss.m_OS_GiveMutex
                0x001e970c        0x4 libs/gcc/app_start.lib(taskMngt.o)
 .bss.m_OS_SendMessage
                0x001e9710        0x4 libs/gcc/app_start.lib(taskMngt.o)
 .bss.m_OS_GetMessage
                0x001e9714        0x4 libs/gcc/app_start.lib(taskMngt.o)
 .bss.m_Timer_Register
                0x001e9718        0x4 libs/gcc/app_start.lib(timer.o)
 .bss.m_Timer_Stop
                0x001e971c        0x4 libs/gcc/app_start.lib(timer.o)
 .bss.m_Timer_Start
                0x001e9720        0x4 libs/gcc/app_start.lib(timer.o)
 .bss.m_Ql_UART_Open
                0x001e9724        0x4 libs/gcc/app_start.lib(uart.o)
 .bss.m_Ql_UART_Read
                0x001e9728        0x4 libs/gcc/app_start.lib(uart.o)
 .bss.m_Ql_UART_Register
                0x001e972c        0x4 libs/gcc/app_start.lib(uart.o)
 .bss.m_Ql_UART_Write
                0x001e9730        0x4 libs/gcc/app_start.lib(uart.o)
                0x001e9734                __bss_end__ = .
LOAD build\gcc\obj/custom/config/custom_sys_cfg.o
LOAD build\gcc\obj/custom/config/sys_config.o
LOAD build\gcc\obj/ril/src/ril_atResponse.o
LOAD build\gcc\obj/ril/src/ril_init.o
LOAD build\gcc\obj/ril/src/ril_lwm2m.o
LOAD build\gcc\obj/ril/src/ril_network.o
LOAD build\gcc\obj/ril/src/ril_onenet.o
LOAD build\gcc\obj/ril/src/ril_socket.o
LOAD build\gcc\obj/ril/src/ril_system.o
LOAD build\gcc\obj/ril/src/ril_urc.o
LOAD build\gcc\obj/ril/src/ril_util.o
LOAD build\gcc\obj/example/example_adc.o
LOAD build\gcc\obj/example/example_eint.o
LOAD build\gcc\obj/example/example_float_math.o
LOAD build\gcc\obj/example/example_gpio.o
LOAD build\gcc\obj/example/example_iic.o
LOAD build\gcc\obj/example/example_lwm2m.o
LOAD build\gcc\obj/example/example_memory.o
LOAD build\gcc\obj/example/example_multitask.o
LOAD build\gcc\obj/example/example_onenet.o
LOAD build\gcc\obj/example/example_pwm.o
LOAD build\gcc\obj/example/example_rtc.o
LOAD build\gcc\obj/example/example_spi.o
LOAD build\gcc\obj/example/example_system.o
LOAD build\gcc\obj/example/example_tcpclient.o
LOAD build\gcc\obj/example/example_time.o
LOAD build\gcc\obj/example/example_timer.o
LOAD build\gcc\obj/example/example_udpclient.o
LOAD build\gcc\obj/example/example_watchdog.o
LOAD build\gcc\obj/example/utility.o
LOAD build\gcc\obj/custom/custom_app.o
LOAD build\gcc\obj/custom/custom_gpio.o
LOAD build\gcc\obj/custom/custom_main.o
LOAD build\gcc\obj/custom/main.o
LOAD libs/gcc/app_start.lib
LOAD tools\gcc\win\gcc-arm-none-eabi/arm-none-eabi/lib/armv7e-m/fpu/libm.a
LOAD tools\gcc\win\gcc-arm-none-eabi/arm-none-eabi/lib/armv7e-m/fpu/libc.a
LOAD tools\gcc\win\gcc-arm-none-eabi/lib/gcc/arm-none-eabi/4.8.3/armv7e-m/fpu/libgcc.a
OUTPUT(build\gcc/APPGS3MDM32A01.elf elf32-littlearm)

.debug_info     0x00000000    0x110d5
 .debug_info    0x00000000      0x382 build\gcc\obj/custom/config/custom_sys_cfg.o
 .debug_info    0x00000382      0x2be build\gcc\obj/custom/config/sys_config.o
 .debug_info    0x00000640      0x300 build\gcc\obj/ril/src/ril_atResponse.o
 .debug_info    0x00000940       0xfc build\gcc\obj/ril/src/ril_init.o
 .debug_info    0x00000a3c     0x1427 build\gcc\obj/ril/src/ril_lwm2m.o
 .debug_info    0x00001e63      0x516 build\gcc\obj/ril/src/ril_network.o
 .debug_info    0x00002379     0x186a build\gcc\obj/ril/src/ril_onenet.o
 .debug_info    0x00003be3     0x119a build\gcc\obj/ril/src/ril_socket.o
 .debug_info    0x00004d7d     0x12e5 build\gcc\obj/ril/src/ril_system.o
 .debug_info    0x00006062     0x223c build\gcc\obj/ril/src/ril_urc.o
 .debug_info    0x0000829e      0x5a6 build\gcc\obj/ril/src/ril_util.o
 .debug_info    0x00008844      0x579 build\gcc\obj/custom/custom_app.o
 .debug_info    0x00008dbd      0x9a3 build\gcc\obj/custom/custom_gpio.o
 .debug_info    0x00009760      0xcd7 build\gcc\obj/custom/custom_main.o
 .debug_info    0x0000a437      0x99a libs/gcc/app_start.lib(gpio.o)
 .debug_info    0x0000add1      0x24e libs/gcc/app_start.lib(memory.o)
 .debug_info    0x0000b01f      0x9b2 libs/gcc/app_start.lib(ql_func.o)
 .debug_info    0x0000b9d1      0x6f8 libs/gcc/app_start.lib(ql_main.o)
 .debug_info    0x0000c0c9      0x19b libs/gcc/app_start.lib(ril_aux.o)
 .debug_info    0x0000c264     0x123e libs/gcc/app_start.lib(ril_main.o)
 .debug_info    0x0000d4a2     0x12eb libs/gcc/app_start.lib(stdlib_func.o)
 .debug_info    0x0000e78d      0x6c8 libs/gcc/app_start.lib(system.o)
 .debug_info    0x0000ee55     0x10b4 libs/gcc/app_start.lib(taskMngt.o)
 .debug_info    0x0000ff09      0x739 libs/gcc/app_start.lib(timer.o)
 .debug_info    0x00010642      0xa22 libs/gcc/app_start.lib(uart.o)
 .debug_info    0x00011064       0x71 libs/gcc/app_start.lib(ocpu_init.o)

.debug_abbrev   0x00000000     0x2bb8
 .debug_abbrev  0x00000000       0xe8 build\gcc\obj/custom/config/custom_sys_cfg.o
 .debug_abbrev  0x000000e8       0xc2 build\gcc\obj/custom/config/sys_config.o
 .debug_abbrev  0x000001aa      0x178 build\gcc\obj/ril/src/ril_atResponse.o
 .debug_abbrev  0x00000322       0x86 build\gcc\obj/ril/src/ril_init.o
 .debug_abbrev  0x000003a8      0x287 build\gcc\obj/ril/src/ril_lwm2m.o
 .debug_abbrev  0x0000062f      0x1dc build\gcc\obj/ril/src/ril_network.o
 .debug_abbrev  0x0000080b      0x2eb build\gcc\obj/ril/src/ril_onenet.o
 .debug_abbrev  0x00000af6      0x27d build\gcc\obj/ril/src/ril_socket.o
 .debug_abbrev  0x00000d73      0x28a build\gcc\obj/ril/src/ril_system.o
 .debug_abbrev  0x00000ffd      0x328 build\gcc\obj/ril/src/ril_urc.o
 .debug_abbrev  0x00001325      0x13e build\gcc\obj/ril/src/ril_util.o
 .debug_abbrev  0x00001463      0x126 build\gcc\obj/custom/custom_app.o
 .debug_abbrev  0x00001589      0x125 build\gcc\obj/custom/custom_gpio.o
 .debug_abbrev  0x000016ae      0x22a build\gcc\obj/custom/custom_main.o
 .debug_abbrev  0x000018d8      0x119 libs/gcc/app_start.lib(gpio.o)
 .debug_abbrev  0x000019f1      0x13f libs/gcc/app_start.lib(memory.o)
 .debug_abbrev  0x00001b30      0x176 libs/gcc/app_start.lib(ql_func.o)
 .debug_abbrev  0x00001ca6      0x1c5 libs/gcc/app_start.lib(ql_main.o)
 .debug_abbrev  0x00001e6b      0x10b libs/gcc/app_start.lib(ril_aux.o)
 .debug_abbrev  0x00001f76      0x3ec libs/gcc/app_start.lib(ril_main.o)
 .debug_abbrev  0x00002362      0x248 libs/gcc/app_start.lib(stdlib_func.o)
 .debug_abbrev  0x000025aa      0x190 libs/gcc/app_start.lib(system.o)
 .debug_abbrev  0x0000273a      0x202 libs/gcc/app_start.lib(taskMngt.o)
 .debug_abbrev  0x0000293c      0x10c libs/gcc/app_start.lib(timer.o)
 .debug_abbrev  0x00002a48      0x15c libs/gcc/app_start.lib(uart.o)
 .debug_abbrev  0x00002ba4       0x14 libs/gcc/app_start.lib(ocpu_init.o)

.debug_aranges  0x00000000      0x820
 .debug_aranges
                0x00000000       0x20 build\gcc\obj/custom/config/custom_sys_cfg.o
 .debug_aranges
                0x00000020       0x18 build\gcc\obj/custom/config/sys_config.o
 .debug_aranges
                0x00000038       0x30 build\gcc\obj/ril/src/ril_atResponse.o
 .debug_aranges
                0x00000068       0x28 build\gcc\obj/ril/src/ril_init.o
 .debug_aranges
                0x00000090       0xa0 build\gcc\obj/ril/src/ril_lwm2m.o
 .debug_aranges
                0x00000130       0x30 build\gcc\obj/ril/src/ril_network.o
 .debug_aranges
                0x00000160       0xa8 build\gcc\obj/ril/src/ril_onenet.o
 .debug_aranges
                0x00000208       0x78 build\gcc\obj/ril/src/ril_socket.o
 .debug_aranges
                0x00000280       0x68 build\gcc\obj/ril/src/ril_system.o
 .debug_aranges
                0x000002e8       0x88 build\gcc\obj/ril/src/ril_urc.o
 .debug_aranges
                0x00000370       0x48 build\gcc\obj/ril/src/ril_util.o
 .debug_aranges
                0x000003b8       0x50 build\gcc\obj/custom/custom_app.o
 .debug_aranges
                0x00000408       0x30 build\gcc\obj/custom/custom_gpio.o
 .debug_aranges
                0x00000438       0x30 build\gcc\obj/custom/custom_main.o
 .debug_aranges
                0x00000468       0x50 libs/gcc/app_start.lib(gpio.o)
 .debug_aranges
                0x000004b8       0x28 libs/gcc/app_start.lib(memory.o)
 .debug_aranges
                0x000004e0       0x50 libs/gcc/app_start.lib(ql_func.o)
 .debug_aranges
                0x00000530       0x28 libs/gcc/app_start.lib(ql_main.o)
 .debug_aranges
                0x00000558       0x20 libs/gcc/app_start.lib(ril_aux.o)
 .debug_aranges
                0x00000578       0x58 libs/gcc/app_start.lib(ril_main.o)
 .debug_aranges
                0x000005d0       0xc0 libs/gcc/app_start.lib(stdlib_func.o)
 .debug_aranges
                0x00000690       0x38 libs/gcc/app_start.lib(system.o)
 .debug_aranges
                0x000006c8       0xb8 libs/gcc/app_start.lib(taskMngt.o)
 .debug_aranges
                0x00000780       0x38 libs/gcc/app_start.lib(timer.o)
 .debug_aranges
                0x000007b8       0x48 libs/gcc/app_start.lib(uart.o)
 .debug_aranges
                0x00000800       0x20 libs/gcc/app_start.lib(ocpu_init.o)

.debug_ranges   0x00000000      0xb00
 .debug_ranges  0x00000000       0x10 build\gcc\obj/custom/config/custom_sys_cfg.o
 .debug_ranges  0x00000010       0x20 build\gcc\obj/ril/src/ril_atResponse.o
 .debug_ranges  0x00000030       0x18 build\gcc\obj/ril/src/ril_init.o
 .debug_ranges  0x00000048       0x90 build\gcc\obj/ril/src/ril_lwm2m.o
 .debug_ranges  0x000000d8       0x20 build\gcc\obj/ril/src/ril_network.o
 .debug_ranges  0x000000f8       0xb0 build\gcc\obj/ril/src/ril_onenet.o
 .debug_ranges  0x000001a8       0x80 build\gcc\obj/ril/src/ril_socket.o
 .debug_ranges  0x00000228      0x158 build\gcc\obj/ril/src/ril_system.o
 .debug_ranges  0x00000380       0xa8 build\gcc\obj/ril/src/ril_urc.o
 .debug_ranges  0x00000428       0x38 build\gcc\obj/ril/src/ril_util.o
 .debug_ranges  0x00000460       0x40 build\gcc\obj/custom/custom_app.o
 .debug_ranges  0x000004a0       0x20 build\gcc\obj/custom/custom_gpio.o
 .debug_ranges  0x000004c0       0x20 build\gcc\obj/custom/custom_main.o
 .debug_ranges  0x000004e0       0xe8 libs/gcc/app_start.lib(gpio.o)
 .debug_ranges  0x000005c8       0x18 libs/gcc/app_start.lib(memory.o)
 .debug_ranges  0x000005e0       0x70 libs/gcc/app_start.lib(ql_func.o)
 .debug_ranges  0x00000650       0x18 libs/gcc/app_start.lib(ql_main.o)
 .debug_ranges  0x00000668       0x10 libs/gcc/app_start.lib(ril_aux.o)
 .debug_ranges  0x00000678       0xb0 libs/gcc/app_start.lib(ril_main.o)
 .debug_ranges  0x00000728      0x110 libs/gcc/app_start.lib(stdlib_func.o)
 .debug_ranges  0x00000838       0x28 libs/gcc/app_start.lib(system.o)
 .debug_ranges  0x00000860      0x168 libs/gcc/app_start.lib(taskMngt.o)
 .debug_ranges  0x000009c8       0x88 libs/gcc/app_start.lib(timer.o)
 .debug_ranges  0x00000a50       0xb0 libs/gcc/app_start.lib(uart.o)

.debug_line     0x00000000     0x2631
 .debug_line    0x00000000       0x8f build\gcc\obj/custom/config/custom_sys_cfg.o
 .debug_line    0x0000008f       0x7b build\gcc\obj/custom/config/sys_config.o
 .debug_line    0x0000010a       0xc2 build\gcc\obj/ril/src/ril_atResponse.o
 .debug_line    0x000001cc       0x69 build\gcc\obj/ril/src/ril_init.o
 .debug_line    0x00000235      0x26c build\gcc\obj/ril/src/ril_lwm2m.o
 .debug_line    0x000004a1       0xe7 build\gcc\obj/ril/src/ril_network.o
 .debug_line    0x00000588      0x276 build\gcc\obj/ril/src/ril_onenet.o
 .debug_line    0x000007fe      0x20d build\gcc\obj/ril/src/ril_socket.o
 .debug_line    0x00000a0b      0x40e build\gcc\obj/ril/src/ril_system.o
 .debug_line    0x00000e19      0x398 build\gcc\obj/ril/src/ril_urc.o
 .debug_line    0x000011b1      0x187 build\gcc\obj/ril/src/ril_util.o
 .debug_line    0x00001338      0x107 build\gcc\obj/custom/custom_app.o
 .debug_line    0x0000143f       0xfa build\gcc\obj/custom/custom_gpio.o
 .debug_line    0x00001539      0x132 build\gcc\obj/custom/custom_main.o
 .debug_line    0x0000166b      0x13c libs/gcc/app_start.lib(gpio.o)
 .debug_line    0x000017a7       0xb1 libs/gcc/app_start.lib(memory.o)
 .debug_line    0x00001858      0x12a libs/gcc/app_start.lib(ql_func.o)
 .debug_line    0x00001982       0xf9 libs/gcc/app_start.lib(ql_main.o)
 .debug_line    0x00001a7b       0x75 libs/gcc/app_start.lib(ril_aux.o)
 .debug_line    0x00001af0      0x2a9 libs/gcc/app_start.lib(ril_main.o)
 .debug_line    0x00001d99      0x2cb libs/gcc/app_start.lib(stdlib_func.o)
 .debug_line    0x00002064       0xf2 libs/gcc/app_start.lib(system.o)
 .debug_line    0x00002156      0x27e libs/gcc/app_start.lib(taskMngt.o)
 .debug_line    0x000023d4       0xef libs/gcc/app_start.lib(timer.o)
 .debug_line    0x000024c3      0x11d libs/gcc/app_start.lib(uart.o)
 .debug_line    0x000025e0       0x51 libs/gcc/app_start.lib(ocpu_init.o)

.debug_str      0x00000000     0x4616
 .debug_str     0x00000000      0x56b build\gcc\obj/custom/config/custom_sys_cfg.o
                                0x599 (size before relaxing)
 .debug_str     0x0000056b      0x1c7 build\gcc\obj/custom/config/sys_config.o
                                0x4fd (size before relaxing)
 .debug_str     0x00000732       0xd0 build\gcc\obj/ril/src/ril_atResponse.o
                                0x2d3 (size before relaxing)
 .debug_str     0x00000802       0x53 build\gcc\obj/ril/src/ril_init.o
                                0x240 (size before relaxing)
 .debug_str     0x00000855      0x3f3 build\gcc\obj/ril/src/ril_lwm2m.o
                                0x648 (size before relaxing)
 .debug_str     0x00000c48      0x141 build\gcc\obj/ril/src/ril_network.o
                                0x3ef (size before relaxing)
 .debug_str     0x00000d89      0x6a6 build\gcc\obj/ril/src/ril_onenet.o
                                0xa03 (size before relaxing)
 .debug_str     0x0000142f      0x324 build\gcc\obj/ril/src/ril_socket.o
                                0x682 (size before relaxing)
 .debug_str     0x00001753      0x19e build\gcc\obj/ril/src/ril_system.o
                                0x550 (size before relaxing)
 .debug_str     0x000018f1      0x5b7 build\gcc\obj/ril/src/ril_urc.o
                                0xafc (size before relaxing)
 .debug_str     0x00001ea8       0xae build\gcc\obj/ril/src/ril_util.o
                                0x2ba (size before relaxing)
 .debug_str     0x00001f56       0xdd build\gcc\obj/custom/custom_app.o
                                0x2e0 (size before relaxing)
 .debug_str     0x00002033       0x59 build\gcc\obj/custom/custom_gpio.o
                                0x456 (size before relaxing)
 .debug_str     0x0000208c      0xf6f build\gcc\obj/custom/custom_main.o
                               0x13e7 (size before relaxing)
 .debug_str     0x00002ffb      0x210 libs/gcc/app_start.lib(gpio.o)
                               0x138f (size before relaxing)
 .debug_str     0x0000320b       0x71 libs/gcc/app_start.lib(memory.o)
                                0x295 (size before relaxing)
 .debug_str     0x0000327c      0x2d6 libs/gcc/app_start.lib(ql_func.o)
                               0x12eb (size before relaxing)
 .debug_str     0x00003552      0x1e6 libs/gcc/app_start.lib(ql_main.o)
                                0x779 (size before relaxing)
 .debug_str     0x00003738       0x48 libs/gcc/app_start.lib(ril_aux.o)
                                0x299 (size before relaxing)
 .debug_str     0x00003780      0x2f7 libs/gcc/app_start.lib(ril_main.o)
                               0x14c6 (size before relaxing)
 .debug_str     0x00003a77      0x294 libs/gcc/app_start.lib(stdlib_func.o)
                               0x12db (size before relaxing)
 .debug_str     0x00003d0b       0xdf libs/gcc/app_start.lib(system.o)
                               0x10f1 (size before relaxing)
 .debug_str     0x00003dea      0x51f libs/gcc/app_start.lib(taskMngt.o)
                               0x15d0 (size before relaxing)
 .debug_str     0x00004309      0x11f libs/gcc/app_start.lib(timer.o)
                               0x1136 (size before relaxing)
 .debug_str     0x00004428      0x1ee libs/gcc/app_start.lib(uart.o)
                               0x1354 (size before relaxing)

.comment        0x00000000       0x70
 .comment       0x00000000       0x70 build\gcc\obj/custom/config/custom_sys_cfg.o
                                 0x71 (size before relaxing)
 .comment       0x00000000       0x71 build\gcc\obj/custom/config/sys_config.o
 .comment       0x00000000       0x71 build\gcc\obj/ril/src/ril_atResponse.o
 .comment       0x00000000       0x71 build\gcc\obj/ril/src/ril_init.o
 .comment       0x00000000       0x71 build\gcc\obj/ril/src/ril_lwm2m.o
 .comment       0x00000000       0x71 build\gcc\obj/ril/src/ril_network.o
 .comment       0x00000000       0x71 build\gcc\obj/ril/src/ril_onenet.o
 .comment       0x00000000       0x71 build\gcc\obj/ril/src/ril_socket.o
 .comment       0x00000000       0x71 build\gcc\obj/ril/src/ril_system.o
 .comment       0x00000000       0x71 build\gcc\obj/ril/src/ril_urc.o
 .comment       0x00000000       0x71 build\gcc\obj/ril/src/ril_util.o
 .comment       0x00000000       0x71 build\gcc\obj/custom/custom_app.o
 .comment       0x00000000       0x71 build\gcc\obj/custom/custom_gpio.o
 .comment       0x00000000       0x71 build\gcc\obj/custom/custom_main.o
 .comment       0x00000000       0x71 libs/gcc/app_start.lib(gpio.o)
 .comment       0x00000000       0x71 libs/gcc/app_start.lib(memory.o)
 .comment       0x00000000       0x71 libs/gcc/app_start.lib(ql_func.o)
 .comment       0x00000000       0x71 libs/gcc/app_start.lib(ql_main.o)
 .comment       0x00000000       0x71 libs/gcc/app_start.lib(ril_aux.o)
 .comment       0x00000000       0x71 libs/gcc/app_start.lib(ril_main.o)
 .comment       0x00000000       0x71 libs/gcc/app_start.lib(stdlib_func.o)
 .comment       0x00000000       0x71 libs/gcc/app_start.lib(system.o)
 .comment       0x00000000       0x71 libs/gcc/app_start.lib(taskMngt.o)
 .comment       0x00000000       0x71 libs/gcc/app_start.lib(timer.o)
 .comment       0x00000000       0x71 libs/gcc/app_start.lib(uart.o)

.ARM.attributes
                0x00000000       0x37
 .ARM.attributes
                0x00000000       0x39 build\gcc\obj/custom/config/custom_sys_cfg.o
 .ARM.attributes
                0x00000039       0x39 build\gcc\obj/custom/config/sys_config.o
 .ARM.attributes
                0x00000072       0x39 build\gcc\obj/ril/src/ril_atResponse.o
 .ARM.attributes
                0x000000ab       0x39 build\gcc\obj/ril/src/ril_init.o
 .ARM.attributes
                0x000000e4       0x39 build\gcc\obj/ril/src/ril_lwm2m.o
 .ARM.attributes
                0x0000011d       0x39 build\gcc\obj/ril/src/ril_network.o
 .ARM.attributes
                0x00000156       0x39 build\gcc\obj/ril/src/ril_onenet.o
 .ARM.attributes
                0x0000018f       0x39 build\gcc\obj/ril/src/ril_socket.o
 .ARM.attributes
                0x000001c8       0x39 build\gcc\obj/ril/src/ril_system.o
 .ARM.attributes
                0x00000201       0x39 build\gcc\obj/ril/src/ril_urc.o
 .ARM.attributes
                0x0000023a       0x39 build\gcc\obj/ril/src/ril_util.o
 .ARM.attributes
                0x00000273       0x39 build\gcc\obj/custom/custom_app.o
 .ARM.attributes
                0x000002ac       0x39 build\gcc\obj/custom/custom_gpio.o
 .ARM.attributes
                0x000002e5       0x39 build\gcc\obj/custom/custom_main.o
 .ARM.attributes
                0x0000031e       0x39 libs/gcc/app_start.lib(gpio.o)
 .ARM.attributes
                0x00000357       0x39 libs/gcc/app_start.lib(memory.o)
 .ARM.attributes
                0x00000390       0x39 libs/gcc/app_start.lib(ql_func.o)
 .ARM.attributes
                0x000003c9       0x39 libs/gcc/app_start.lib(ql_main.o)
 .ARM.attributes
                0x00000402       0x39 libs/gcc/app_start.lib(ril_aux.o)
 .ARM.attributes
                0x0000043b       0x39 libs/gcc/app_start.lib(ril_main.o)
 .ARM.attributes
                0x00000474       0x39 libs/gcc/app_start.lib(stdlib_func.o)
 .ARM.attributes
                0x000004ad       0x39 libs/gcc/app_start.lib(system.o)
 .ARM.attributes
                0x000004e6       0x39 libs/gcc/app_start.lib(taskMngt.o)
 .ARM.attributes
                0x0000051f       0x39 libs/gcc/app_start.lib(timer.o)
 .ARM.attributes
                0x00000558       0x39 libs/gcc/app_start.lib(uart.o)
 .ARM.attributes
                0x00000591       0x21 libs/gcc/app_start.lib(ocpu_init.o)
 .ARM.attributes
                0x000005b2       0x34 tools\gcc\win\gcc-arm-none-eabi/arm-none-eabi/lib/armv7e-m/fpu/libc.a(lib_a-memset.o)
 .ARM.attributes
                0x000005e6       0x34 tools\gcc\win\gcc-arm-none-eabi/arm-none-eabi/lib/armv7e-m/fpu/libc.a(lib_a-strchr.o)
 .ARM.attributes
                0x0000061a       0x34 tools\gcc\win\gcc-arm-none-eabi/arm-none-eabi/lib/armv7e-m/fpu/libc.a(lib_a-strcpy.o)
 .ARM.attributes
                0x0000064e       0x34 tools\gcc\win\gcc-arm-none-eabi/arm-none-eabi/lib/armv7e-m/fpu/libc.a(lib_a-strlen.o)
 .ARM.attributes
                0x00000682       0x34 tools\gcc\win\gcc-arm-none-eabi/arm-none-eabi/lib/armv7e-m/fpu/libc.a(lib_a-strncpy.o)
 .ARM.attributes
                0x000006b6       0x34 tools\gcc\win\gcc-arm-none-eabi/arm-none-eabi/lib/armv7e-m/fpu/libc.a(lib_a-strsep.o)
 .ARM.attributes
                0x000006ea       0x34 tools\gcc\win\gcc-arm-none-eabi/arm-none-eabi/lib/armv7e-m/fpu/libc.a(lib_a-strtok.o)
 .ARM.attributes
                0x0000071e       0x34 tools\gcc\win\gcc-arm-none-eabi/arm-none-eabi/lib/armv7e-m/fpu/libc.a(lib_a-strtok_r.o)
 .ARM.attributes
                0x00000752       0x34 tools\gcc\win\gcc-arm-none-eabi/arm-none-eabi/lib/armv7e-m/fpu/libc.a(lib_a-impure.o)

.debug_frame    0x00000000     0x1838
 .debug_frame   0x00000000       0x20 build\gcc\obj/custom/config/custom_sys_cfg.o
 .debug_frame   0x00000020       0x50 build\gcc\obj/ril/src/ril_atResponse.o
 .debug_frame   0x00000070       0x30 build\gcc\obj/ril/src/ril_init.o
 .debug_frame   0x000000a0      0x21c build\gcc\obj/ril/src/ril_lwm2m.o
 .debug_frame   0x000002bc       0x6c build\gcc\obj/ril/src/ril_network.o
 .debug_frame   0x00000328      0x24c build\gcc\obj/ril/src/ril_onenet.o
 .debug_frame   0x00000574      0x198 build\gcc\obj/ril/src/ril_socket.o
 .debug_frame   0x0000070c      0x190 build\gcc\obj/ril/src/ril_system.o
 .debug_frame   0x0000089c      0x200 build\gcc\obj/ril/src/ril_urc.o
 .debug_frame   0x00000a9c       0xcc build\gcc\obj/ril/src/ril_util.o
 .debug_frame   0x00000b68       0xc0 build\gcc\obj/custom/custom_app.o
 .debug_frame   0x00000c28       0x78 build\gcc\obj/custom/custom_gpio.o
 .debug_frame   0x00000ca0       0x74 build\gcc\obj/custom/custom_main.o
 .debug_frame   0x00000d14       0xd8 libs/gcc/app_start.lib(gpio.o)
 .debug_frame   0x00000dec       0x48 libs/gcc/app_start.lib(memory.o)
 .debug_frame   0x00000e34       0xd8 libs/gcc/app_start.lib(ql_func.o)
 .debug_frame   0x00000f0c       0x48 libs/gcc/app_start.lib(ql_main.o)
 .debug_frame   0x00000f54       0x30 libs/gcc/app_start.lib(ril_aux.o)
 .debug_frame   0x00000f84       0xf8 libs/gcc/app_start.lib(ril_main.o)
 .debug_frame   0x0000107c      0x26c libs/gcc/app_start.lib(stdlib_func.o)
 .debug_frame   0x000012e8       0x7c libs/gcc/app_start.lib(system.o)
 .debug_frame   0x00001364      0x240 libs/gcc/app_start.lib(taskMngt.o)
 .debug_frame   0x000015a4       0x8c libs/gcc/app_start.lib(timer.o)
 .debug_frame   0x00001630       0xc8 libs/gcc/app_start.lib(uart.o)
 .debug_frame   0x000016f8       0x2c tools\gcc\win\gcc-arm-none-eabi/arm-none-eabi/lib/armv7e-m/fpu/libc.a(lib_a-memset.o)
 .debug_frame   0x00001724       0x2c tools\gcc\win\gcc-arm-none-eabi/arm-none-eabi/lib/armv7e-m/fpu/libc.a(lib_a-strchr.o)
 .debug_frame   0x00001750       0x20 tools\gcc\win\gcc-arm-none-eabi/arm-none-eabi/lib/armv7e-m/fpu/libc.a(lib_a-strcpy.o)
 .debug_frame   0x00001770       0x20 tools\gcc\win\gcc-arm-none-eabi/arm-none-eabi/lib/armv7e-m/fpu/libc.a(lib_a-strlen.o)
 .debug_frame   0x00001790       0x2c tools\gcc\win\gcc-arm-none-eabi/arm-none-eabi/lib/armv7e-m/fpu/libc.a(lib_a-strncpy.o)
 .debug_frame   0x000017bc       0x20 tools\gcc\win\gcc-arm-none-eabi/arm-none-eabi/lib/armv7e-m/fpu/libc.a(lib_a-strsep.o)
 .debug_frame   0x000017dc       0x20 tools\gcc\win\gcc-arm-none-eabi/arm-none-eabi/lib/armv7e-m/fpu/libc.a(lib_a-strtok.o)
 .debug_frame   0x000017fc       0x3c tools\gcc\win\gcc-arm-none-eabi/arm-none-eabi/lib/armv7e-m/fpu/libc.a(lib_a-strtok_r.o)

.debug_loc      0x00000000     0x865c
 .debug_loc     0x00000000      0x134 build\gcc\obj/ril/src/ril_atResponse.o
 .debug_loc     0x00000134      0xc61 build\gcc\obj/ril/src/ril_lwm2m.o
 .debug_loc     0x00000d95      0x270 build\gcc\obj/ril/src/ril_network.o
 .debug_loc     0x00001005      0xdc5 build\gcc\obj/ril/src/ril_onenet.o
 .debug_loc     0x00001dca      0xb50 build\gcc\obj/ril/src/ril_socket.o
 .debug_loc     0x0000291a     0x1359 build\gcc\obj/ril/src/ril_system.o
 .debug_loc     0x00003c73      0xe63 build\gcc\obj/ril/src/ril_urc.o
 .debug_loc     0x00004ad6      0x6fc build\gcc\obj/ril/src/ril_util.o
 .debug_loc     0x000051d2       0xe0 build\gcc\obj/custom/custom_app.o
 .debug_loc     0x000052b2       0x60 build\gcc\obj/custom/custom_gpio.o
 .debug_loc     0x00005312      0x326 build\gcc\obj/custom/custom_main.o
 .debug_loc     0x00005638      0x35f libs/gcc/app_start.lib(gpio.o)
 .debug_loc     0x00005997       0xdf libs/gcc/app_start.lib(memory.o)
 .debug_loc     0x00005a76      0x394 libs/gcc/app_start.lib(ql_func.o)
 .debug_loc     0x00005e0a      0x104 libs/gcc/app_start.lib(ql_main.o)
 .debug_loc     0x00005f0e       0x60 libs/gcc/app_start.lib(ril_aux.o)
 .debug_loc     0x00005f6e      0x838 libs/gcc/app_start.lib(ril_main.o)
 .debug_loc     0x000067a6      0xd09 libs/gcc/app_start.lib(stdlib_func.o)
 .debug_loc     0x000074af      0x19a libs/gcc/app_start.lib(system.o)
 .debug_loc     0x00007649      0x9be libs/gcc/app_start.lib(taskMngt.o)
 .debug_loc     0x00008007      0x2a5 libs/gcc/app_start.lib(timer.o)
 .debug_loc     0x000082ac      0x3b0 libs/gcc/app_start.lib(uart.o)
