Archive member included because of file (symbol)

libs/gcc/app_start.lib(gpio.o)
                              build\gcc\obj/example/example_multitask.o (Ql_GPIO_Init)
libs/gcc/app_start.lib(memory.o)
                              build\gcc\obj/ril/src/ril_lwm2m.o (Ql_MEM_Alloc)
libs/gcc/app_start.lib(ql_func.o)
                              libs/gcc/app_start.lib(memory.o) (api_notsup)
libs/gcc/app_start.lib(ql_main.o)
                              build\gcc\obj/ril/src/ril_atResponse.o (Ql_sscanf)
libs/gcc/app_start.lib(ril_aux.o)
                              build\gcc\obj/custom/config/sys_config.o (proc_reserved2)
libs/gcc/app_start.lib(ril_main.o)
                              build\gcc\obj/ril/src/ril_lwm2m.o (Ql_RIL_SendATCmd)
libs/gcc/app_start.lib(stdlib_func.o)
                              build\gcc\obj/ril/src/ril_atResponse.o (Ql_strncpy)
libs/gcc/app_start.lib(system.o)
                              build\gcc\obj/example/example_multitask.o (Ql_Sleep)
libs/gcc/app_start.lib(taskMngt.o)
                              build\gcc\obj/example/example_multitask.o (Ql_OS_GetMessage)
libs/gcc/app_start.lib(timer.o)
                              libs/gcc/app_start.lib(ril_main.o) (Ql_Timer_Register)
libs/gcc/app_start.lib(uart.o)
                              build\gcc\obj/example/example_multitask.o (Ql_UART_Register)
libs/gcc/app_start.lib(ocpu_init.o)
                              libs/gcc/app_start.lib(ql_main.o) (_OCPU_InitUserMem)
tools\gcc\win\gcc-arm-none-eabi/arm-none-eabi/lib/armv7e-m/fpu/libc.a(lib_a-memset.o)
                              libs/gcc/app_start.lib(ql_main.o) (memset)
tools\gcc\win\gcc-arm-none-eabi/arm-none-eabi/lib/armv7e-m/fpu/libc.a(lib_a-strchr.o)
                              build\gcc\obj/ril/src/ril_system.o (strchr)
tools\gcc\win\gcc-arm-none-eabi/arm-none-eabi/lib/armv7e-m/fpu/libc.a(lib_a-strcpy.o)
                              build\gcc\obj/ril/src/ril_system.o (strcpy)
tools\gcc\win\gcc-arm-none-eabi/arm-none-eabi/lib/armv7e-m/fpu/libc.a(lib_a-strlen.o)
                              build\gcc\obj/ril/src/ril_system.o (strlen)
tools\gcc\win\gcc-arm-none-eabi/arm-none-eabi/lib/armv7e-m/fpu/libc.a(lib_a-strncpy.o)
                              build\gcc\obj/ril/src/ril_system.o (strncpy)
tools\gcc\win\gcc-arm-none-eabi/arm-none-eabi/lib/armv7e-m/fpu/libc.a(lib_a-strsep.o)
                              build\gcc\obj/ril/src/ril_system.o (strsep)
tools\gcc\win\gcc-arm-none-eabi/arm-none-eabi/lib/armv7e-m/fpu/libc.a(lib_a-strtok.o)
                              build\gcc\obj/ril/src/ril_system.o (strtok)
tools\gcc\win\gcc-arm-none-eabi/arm-none-eabi/lib/armv7e-m/fpu/libc.a(lib_a-strtok_r.o)
                              tools\gcc\win\gcc-arm-none-eabi/arm-none-eabi/lib/armv7e-m/fpu/libc.a(lib_a-strsep.o) (__strtok_r)
tools\gcc\win\gcc-arm-none-eabi/arm-none-eabi/lib/armv7e-m/fpu/libc.a(lib_a-impure.o)
                              tools\gcc\win\gcc-arm-none-eabi/arm-none-eabi/lib/armv7e-m/fpu/libc.a(lib_a-strtok.o) (_impure_ptr)

Discarded input sections

 .text          0x00000000        0x0 build\gcc\obj/custom/config/custom_sys_cfg.o
 .data          0x00000000        0x0 build\gcc\obj/custom/config/custom_sys_cfg.o
 .bss           0x00000000        0x0 build\gcc\obj/custom/config/custom_sys_cfg.o
 .text.Ql_WTD_GetWDIPinCfg
                0x00000000        0x8 build\gcc\obj/custom/config/custom_sys_cfg.o
 .text          0x00000000        0x0 build\gcc\obj/custom/config/sys_config.o
 .data          0x00000000        0x0 build\gcc\obj/custom/config/sys_config.o
 .bss           0x00000000        0x0 build\gcc\obj/custom/config/sys_config.o
 .text          0x00000000        0x0 build\gcc\obj/ril/src/ril_atResponse.o
 .data          0x00000000        0x0 build\gcc\obj/ril/src/ril_atResponse.o
 .bss           0x00000000        0x0 build\gcc\obj/ril/src/ril_atResponse.o
 .text.Ql_RIL_AT_GetErrCode
                0x00000000        0xc build\gcc\obj/ril/src/ril_atResponse.o
 .text.Ql_RIL_AT_SetErrCode
                0x00000000        0xc build\gcc\obj/ril/src/ril_atResponse.o
 .text          0x00000000        0x0 build\gcc\obj/ril/src/ril_init.o
 .data          0x00000000        0x0 build\gcc\obj/ril/src/ril_init.o
 .bss           0x00000000        0x0 build\gcc\obj/ril/src/ril_init.o
 .text.RIL_GetInitCmdCnt
                0x00000000        0x4 build\gcc\obj/ril/src/ril_init.o
 .text.RIL_GetLimitedCmdCnt
                0x00000000        0x4 build\gcc\obj/ril/src/ril_init.o
 .data.g_InitCmds
                0x00000000        0xc build\gcc\obj/ril/src/ril_init.o
 .data.g_LimitedCmds
                0x00000000        0x4 build\gcc\obj/ril/src/ril_init.o
 .rodata.str1.1
                0x00000000       0x2c build\gcc\obj/ril/src/ril_init.o
 .debug_info    0x00000000       0xfc build\gcc\obj/ril/src/ril_init.o
 .debug_abbrev  0x00000000       0x86 build\gcc\obj/ril/src/ril_init.o
 .debug_aranges
                0x00000000       0x28 build\gcc\obj/ril/src/ril_init.o
 .debug_ranges  0x00000000       0x18 build\gcc\obj/ril/src/ril_init.o
 .debug_line    0x00000000       0x69 build\gcc\obj/ril/src/ril_init.o
 .debug_str     0x00000000      0x259 build\gcc\obj/ril/src/ril_init.o
 .comment       0x00000000       0x71 build\gcc\obj/ril/src/ril_init.o
 .ARM.attributes
                0x00000000       0x39 build\gcc\obj/ril/src/ril_init.o
 .debug_frame   0x00000000       0x30 build\gcc\obj/ril/src/ril_init.o
 .text          0x00000000        0x0 build\gcc\obj/ril/src/ril_lwm2m.o
 .data          0x00000000        0x0 build\gcc\obj/ril/src/ril_lwm2m.o
 .bss           0x00000000        0x0 build\gcc\obj/ril/src/ril_lwm2m.o
 .text.ATResponse_Recv_Handler
                0x00000000      0x134 build\gcc\obj/ril/src/ril_lwm2m.o
 .text.ATResponse_Handler
                0x00000000       0x5c build\gcc\obj/ril/src/ril_lwm2m.o
 .text.ATResponse_Update_Handler
                0x00000000       0x6c build\gcc\obj/ril/src/ril_lwm2m.o
 .text.ATResponse_Send_Handler
                0x00000000       0x6c build\gcc\obj/ril/src/ril_lwm2m.o
 .text.ATResponse_Close_Handler
                0x00000000       0x6c build\gcc\obj/ril/src/ril_lwm2m.o
 .text.ATResponse_Delete_Handler
                0x00000000       0x5c build\gcc\obj/ril/src/ril_lwm2m.o
 .text.RIL_QLwM2M_Serv
                0x00000000       0x50 build\gcc\obj/ril/src/ril_lwm2m.o
 .text.RIL_QLwM2M_Conf
                0x00000000       0x4c build\gcc\obj/ril/src/ril_lwm2m.o
 .text.RIL_QLwM2M_Addobj
                0x00000000       0x6c build\gcc\obj/ril/src/ril_lwm2m.o
 .text.RIL_QLwM2M_Delobj
                0x00000000       0x4c build\gcc\obj/ril/src/ril_lwm2m.o
 .text.RIL_QLwM2M_Open
                0x00000000       0x4c build\gcc\obj/ril/src/ril_lwm2m.o
 .text.RIL_QLwM2M_Update
                0x00000000       0x48 build\gcc\obj/ril/src/ril_lwm2m.o
 .text.RIL_QLwM2M_Cfg
                0x00000000       0x5c build\gcc\obj/ril/src/ril_lwm2m.o
 .text.RIL_QLwM2M_Send
                0x00000000       0xb4 build\gcc\obj/ril/src/ril_lwm2m.o
 .text.RIL_QLwM2M_RD
                0x00000000       0xd8 build\gcc\obj/ril/src/ril_lwm2m.o
 .text.RIL_QLwM2M_Close
                0x00000000       0x48 build\gcc\obj/ril/src/ril_lwm2m.o
 .text.RIL_QLwM2M_Delete
                0x00000000       0x48 build\gcc\obj/ril/src/ril_lwm2m.o
 .bss.lwm2m_rd_temp_param
                0x00000000        0x8 build\gcc\obj/ril/src/ril_lwm2m.o
 .rodata.str1.1
                0x00000000      0x161 build\gcc\obj/ril/src/ril_lwm2m.o
 .text          0x00000000        0x0 build\gcc\obj/ril/src/ril_network.o
 .data          0x00000000        0x0 build\gcc\obj/ril/src/ril_network.o
 .bss           0x00000000        0x0 build\gcc\obj/ril/src/ril_network.o
 .text.ATResponse_CEREG_Handler
                0x00000000       0x84 build\gcc\obj/ril/src/ril_network.o
 .text.RIL_NW_GetEGPRSState
                0x00000000       0x4c build\gcc\obj/ril/src/ril_network.o
 .rodata        0x00000000        0xb build\gcc\obj/ril/src/ril_network.o
 .text          0x00000000        0x0 build\gcc\obj/ril/src/ril_onenet.o
 .data          0x00000000        0x0 build\gcc\obj/ril/src/ril_onenet.o
 .bss           0x00000000        0x0 build\gcc\obj/ril/src/ril_onenet.o
 .text.ATResponse_Read_Handler
                0x00000000      0x12c build\gcc\obj/ril/src/ril_onenet.o
 .text.ATResponse_Create_Handler
                0x00000000       0xb0 build\gcc\obj/ril/src/ril_onenet.o
 .text.ATResponse_Handler
                0x00000000       0x6c build\gcc\obj/ril/src/ril_onenet.o
 .text.RIL_QONENET_Create
                0x00000000       0x58 build\gcc\obj/ril/src/ril_onenet.o
 .text.RIL_QONENET_Addobj
                0x00000000       0x60 build\gcc\obj/ril/src/ril_onenet.o
 .text.RIL_QONENET_Delobj
                0x00000000       0x50 build\gcc\obj/ril/src/ril_onenet.o
 .text.RIL_QONENET_Open
                0x00000000       0x50 build\gcc\obj/ril/src/ril_onenet.o
 .text.RIL_QONENET_Observer_Rsp
                0x00000000       0x54 build\gcc\obj/ril/src/ril_onenet.o
 .text.RIL_QONENET_Discover_Rsp
                0x00000000       0x5c build\gcc\obj/ril/src/ril_onenet.o
 .text.RIL_QONENET_Config
                0x00000000       0x78 build\gcc\obj/ril/src/ril_onenet.o
 .text.RIL_QONENET_Notify
                0x00000000       0xc4 build\gcc\obj/ril/src/ril_onenet.o
 .text.RIL_QONENET_Update
                0x00000000       0x54 build\gcc\obj/ril/src/ril_onenet.o
 .text.RIL_QONENET_Write_Rsp
                0x00000000       0x68 build\gcc\obj/ril/src/ril_onenet.o
 .text.RIL_QONENET_Read_Rsp
                0x00000000       0x78 build\gcc\obj/ril/src/ril_onenet.o
 .text.RIL_QONENET_Execute_Rsp
                0x00000000       0x54 build\gcc\obj/ril/src/ril_onenet.o
 .text.RIL_QONENET_RD
                0x00000000       0xc4 build\gcc\obj/ril/src/ril_onenet.o
 .text.RIL_QONENET_CLOSE
                0x00000000       0x4c build\gcc\obj/ril/src/ril_onenet.o
 .text.RIL_QONENET_DELETE
                0x00000000       0x4c build\gcc\obj/ril/src/ril_onenet.o
 .bss.onenet_rd_temp_param
                0x00000000        0x8 build\gcc\obj/ril/src/ril_onenet.o
 .rodata.str1.1
                0x00000000      0x22c build\gcc\obj/ril/src/ril_onenet.o
 .bss.g_ONENET_RD_DATA_MODE
                0x00000000        0x1 build\gcc\obj/ril/src/ril_onenet.o
 .text          0x00000000        0x0 build\gcc\obj/ril/src/ril_socket.o
 .data          0x00000000        0x0 build\gcc\obj/ril/src/ril_socket.o
 .bss           0x00000000        0x0 build\gcc\obj/ril/src/ril_socket.o
 .text.ATRsp_Soc_Qiopen_Handler
                0x00000000       0xd4 build\gcc\obj/ril/src/ril_socket.o
 .text.ATRsp_Soc_Qird_Handler
                0x00000000      0x114 build\gcc\obj/ril/src/ril_socket.o
 .text.ATRsp_Soc_Qisend_Handler
                0x00000000       0x5c build\gcc\obj/ril/src/ril_socket.o
 .text.ATResponse_Handler
                0x00000000       0x5c build\gcc\obj/ril/src/ril_socket.o
 .text.ATRsp_Soc_Qiclose_Handler
                0x00000000       0x4c build\gcc\obj/ril/src/ril_socket.o
 .text.RIL_SOC_QIOPEN
                0x00000000       0xfc build\gcc\obj/ril/src/ril_socket.o
 .text.RIL_SOC_QISEND
                0x00000000       0x5c build\gcc\obj/ril/src/ril_socket.o
 .text.RIL_SOC_QISENDEX
                0x00000000       0x5c build\gcc\obj/ril/src/ril_socket.o
 .text.RIL_SOC_QIRD
                0x00000000       0xc8 build\gcc\obj/ril/src/ril_socket.o
 .text.RIL_SOC_QISWTMD
                0x00000000       0x50 build\gcc\obj/ril/src/ril_socket.o
 .text.RIL_SOC_QICFG_FORMAT
                0x00000000       0x50 build\gcc\obj/ril/src/ril_socket.o
 .text.RIL_SOC_QICLOSE
                0x00000000       0x4c build\gcc\obj/ril/src/ril_socket.o
 .rodata.str1.1
                0x00000000      0x12f build\gcc\obj/ril/src/ril_socket.o
 .bss.send_data_format
                0x00000000        0x1 build\gcc\obj/ril/src/ril_socket.o
 .text          0x00000000        0x0 build\gcc\obj/ril/src/ril_system.o
 .data          0x00000000        0x0 build\gcc\obj/ril/src/ril_system.o
 .bss           0x00000000        0x0 build\gcc\obj/ril/src/ril_system.o
 .text.ATRsp_IMEI_Handler
                0x00000000       0x88 build\gcc\obj/ril/src/ril_system.o
 .text.RIL_GetIMEI
                0x00000000       0x4c build\gcc\obj/ril/src/ril_system.o
 .text.open_socket_rd_param_parse_cmd
                0x00000000      0x160 build\gcc\obj/ril/src/ril_system.o
 .text.open_socket_push_param_parse_cmd
                0x00000000      0x130 build\gcc\obj/ril/src/ril_system.o
 .text.open_param_parse_cmd
                0x00000000       0xd4 build\gcc\obj/ril/src/ril_system.o
 .text          0x00000000        0x0 build\gcc\obj/ril/src/ril_urc.o
 .data          0x00000000        0x0 build\gcc\obj/ril/src/ril_urc.o
 .bss           0x00000000        0x0 build\gcc\obj/ril/src/ril_urc.o
 .text          0x00000000        0x0 build\gcc\obj/ril/src/ril_util.o
 .data          0x00000000        0x0 build\gcc\obj/ril/src/ril_util.o
 .bss           0x00000000        0x0 build\gcc\obj/ril/src/ril_util.o
 .text.Ql_StrToUpper
                0x00000000       0x28 build\gcc\obj/ril/src/ril_util.o
 .text.Ql_HexStrToInt
                0x00000000       0x4c build\gcc\obj/ril/src/ril_util.o
 .text.Ql_GenHash
                0x00000000       0x28 build\gcc\obj/ril/src/ril_util.o
 .text          0x00000000        0x0 build\gcc\obj/example/example_adc.o
 .data          0x00000000        0x0 build\gcc\obj/example/example_adc.o
 .bss           0x00000000        0x0 build\gcc\obj/example/example_adc.o
 .debug_line    0x00000000        0x0 build\gcc\obj/example/example_adc.o
 .debug_str     0x00000000        0x0 build\gcc\obj/example/example_adc.o
 .comment       0x00000000       0x71 build\gcc\obj/example/example_adc.o
 .ARM.attributes
                0x00000000       0x39 build\gcc\obj/example/example_adc.o
 .text          0x00000000        0x0 build\gcc\obj/example/example_eint.o
 .data          0x00000000        0x0 build\gcc\obj/example/example_eint.o
 .bss           0x00000000        0x0 build\gcc\obj/example/example_eint.o
 .debug_line    0x00000000        0x0 build\gcc\obj/example/example_eint.o
 .debug_str     0x00000000        0x0 build\gcc\obj/example/example_eint.o
 .comment       0x00000000       0x71 build\gcc\obj/example/example_eint.o
 .ARM.attributes
                0x00000000       0x39 build\gcc\obj/example/example_eint.o
 .text          0x00000000        0x0 build\gcc\obj/example/example_float_math.o
 .data          0x00000000        0x0 build\gcc\obj/example/example_float_math.o
 .bss           0x00000000        0x0 build\gcc\obj/example/example_float_math.o
 .debug_line    0x00000000        0x0 build\gcc\obj/example/example_float_math.o
 .debug_str     0x00000000        0x0 build\gcc\obj/example/example_float_math.o
 .comment       0x00000000       0x71 build\gcc\obj/example/example_float_math.o
 .ARM.attributes
                0x00000000       0x39 build\gcc\obj/example/example_float_math.o
 .text          0x00000000        0x0 build\gcc\obj/example/example_gpio.o
 .data          0x00000000        0x0 build\gcc\obj/example/example_gpio.o
 .bss           0x00000000        0x0 build\gcc\obj/example/example_gpio.o
 .debug_line    0x00000000        0x0 build\gcc\obj/example/example_gpio.o
 .debug_str     0x00000000        0x0 build\gcc\obj/example/example_gpio.o
 .comment       0x00000000       0x71 build\gcc\obj/example/example_gpio.o
 .ARM.attributes
                0x00000000       0x39 build\gcc\obj/example/example_gpio.o
 .text          0x00000000        0x0 build\gcc\obj/example/example_iic.o
 .data          0x00000000        0x0 build\gcc\obj/example/example_iic.o
 .bss           0x00000000        0x0 build\gcc\obj/example/example_iic.o
 .debug_line    0x00000000        0x0 build\gcc\obj/example/example_iic.o
 .debug_str     0x00000000        0x0 build\gcc\obj/example/example_iic.o
 .comment       0x00000000       0x71 build\gcc\obj/example/example_iic.o
 .ARM.attributes
                0x00000000       0x39 build\gcc\obj/example/example_iic.o
 .text          0x00000000        0x0 build\gcc\obj/example/example_lwm2m.o
 .data          0x00000000        0x0 build\gcc\obj/example/example_lwm2m.o
 .bss           0x00000000        0x0 build\gcc\obj/example/example_lwm2m.o
 .debug_line    0x00000000        0x0 build\gcc\obj/example/example_lwm2m.o
 .debug_str     0x00000000        0x0 build\gcc\obj/example/example_lwm2m.o
 .comment       0x00000000       0x71 build\gcc\obj/example/example_lwm2m.o
 .ARM.attributes
                0x00000000       0x39 build\gcc\obj/example/example_lwm2m.o
 .text          0x00000000        0x0 build\gcc\obj/example/example_memory.o
 .data          0x00000000        0x0 build\gcc\obj/example/example_memory.o
 .bss           0x00000000        0x0 build\gcc\obj/example/example_memory.o
 .debug_line    0x00000000        0x0 build\gcc\obj/example/example_memory.o
 .debug_str     0x00000000        0x0 build\gcc\obj/example/example_memory.o
 .comment       0x00000000       0x71 build\gcc\obj/example/example_memory.o
 .ARM.attributes
                0x00000000       0x39 build\gcc\obj/example/example_memory.o
 .text          0x00000000        0x0 build\gcc\obj/example/example_multitask.o
 .data          0x00000000        0x0 build\gcc\obj/example/example_multitask.o
 .bss           0x00000000        0x0 build\gcc\obj/example/example_multitask.o
 .text.SemaphoreTest
                0x00000000      0x10c build\gcc\obj/example/example_multitask.o
 .text          0x00000000        0x0 build\gcc\obj/example/example_onenet.o
 .data          0x00000000        0x0 build\gcc\obj/example/example_onenet.o
 .bss           0x00000000        0x0 build\gcc\obj/example/example_onenet.o
 .debug_line    0x00000000        0x0 build\gcc\obj/example/example_onenet.o
 .debug_str     0x00000000        0x0 build\gcc\obj/example/example_onenet.o
 .comment       0x00000000       0x71 build\gcc\obj/example/example_onenet.o
 .ARM.attributes
                0x00000000       0x39 build\gcc\obj/example/example_onenet.o
 .text          0x00000000        0x0 build\gcc\obj/example/example_pwm.o
 .data          0x00000000        0x0 build\gcc\obj/example/example_pwm.o
 .bss           0x00000000        0x0 build\gcc\obj/example/example_pwm.o
 .debug_line    0x00000000        0x0 build\gcc\obj/example/example_pwm.o
 .debug_str     0x00000000        0x0 build\gcc\obj/example/example_pwm.o
 .comment       0x00000000       0x71 build\gcc\obj/example/example_pwm.o
 .ARM.attributes
                0x00000000       0x39 build\gcc\obj/example/example_pwm.o
 .text          0x00000000        0x0 build\gcc\obj/example/example_rtc.o
 .data          0x00000000        0x0 build\gcc\obj/example/example_rtc.o
 .bss           0x00000000        0x0 build\gcc\obj/example/example_rtc.o
 .debug_line    0x00000000        0x0 build\gcc\obj/example/example_rtc.o
 .debug_str     0x00000000        0x0 build\gcc\obj/example/example_rtc.o
 .comment       0x00000000       0x71 build\gcc\obj/example/example_rtc.o
 .ARM.attributes
                0x00000000       0x39 build\gcc\obj/example/example_rtc.o
 .text          0x00000000        0x0 build\gcc\obj/example/example_spi.o
 .data          0x00000000        0x0 build\gcc\obj/example/example_spi.o
 .bss           0x00000000        0x0 build\gcc\obj/example/example_spi.o
 .debug_line    0x00000000        0x0 build\gcc\obj/example/example_spi.o
 .debug_str     0x00000000        0x0 build\gcc\obj/example/example_spi.o
 .comment       0x00000000       0x71 build\gcc\obj/example/example_spi.o
 .ARM.attributes
                0x00000000       0x39 build\gcc\obj/example/example_spi.o
 .text          0x00000000        0x0 build\gcc\obj/example/example_system.o
 .data          0x00000000        0x0 build\gcc\obj/example/example_system.o
 .bss           0x00000000        0x0 build\gcc\obj/example/example_system.o
 .debug_line    0x00000000        0x0 build\gcc\obj/example/example_system.o
 .debug_str     0x00000000        0x0 build\gcc\obj/example/example_system.o
 .comment       0x00000000       0x71 build\gcc\obj/example/example_system.o
 .ARM.attributes
                0x00000000       0x39 build\gcc\obj/example/example_system.o
 .text          0x00000000        0x0 build\gcc\obj/example/example_tcpclient.o
 .data          0x00000000        0x0 build\gcc\obj/example/example_tcpclient.o
 .bss           0x00000000        0x0 build\gcc\obj/example/example_tcpclient.o
 .debug_line    0x00000000        0x0 build\gcc\obj/example/example_tcpclient.o
 .debug_str     0x00000000        0x0 build\gcc\obj/example/example_tcpclient.o
 .comment       0x00000000       0x71 build\gcc\obj/example/example_tcpclient.o
 .ARM.attributes
                0x00000000       0x39 build\gcc\obj/example/example_tcpclient.o
 .text          0x00000000        0x0 build\gcc\obj/example/example_time.o
 .data          0x00000000        0x0 build\gcc\obj/example/example_time.o
 .bss           0x00000000        0x0 build\gcc\obj/example/example_time.o
 .debug_line    0x00000000        0x0 build\gcc\obj/example/example_time.o
 .debug_str     0x00000000        0x0 build\gcc\obj/example/example_time.o
 .comment       0x00000000       0x71 build\gcc\obj/example/example_time.o
 .ARM.attributes
                0x00000000       0x39 build\gcc\obj/example/example_time.o
 .text          0x00000000        0x0 build\gcc\obj/example/example_timer.o
 .data          0x00000000        0x0 build\gcc\obj/example/example_timer.o
 .bss           0x00000000        0x0 build\gcc\obj/example/example_timer.o
 .debug_line    0x00000000        0x0 build\gcc\obj/example/example_timer.o
 .debug_str     0x00000000        0x0 build\gcc\obj/example/example_timer.o
 .comment       0x00000000       0x71 build\gcc\obj/example/example_timer.o
 .ARM.attributes
                0x00000000       0x39 build\gcc\obj/example/example_timer.o
 .text          0x00000000        0x0 build\gcc\obj/example/example_udpclient.o
 .data          0x00000000        0x0 build\gcc\obj/example/example_udpclient.o
 .bss           0x00000000        0x0 build\gcc\obj/example/example_udpclient.o
 .debug_line    0x00000000        0x0 build\gcc\obj/example/example_udpclient.o
 .debug_str     0x00000000        0x0 build\gcc\obj/example/example_udpclient.o
 .comment       0x00000000       0x71 build\gcc\obj/example/example_udpclient.o
 .ARM.attributes
                0x00000000       0x39 build\gcc\obj/example/example_udpclient.o
 .text          0x00000000        0x0 build\gcc\obj/example/example_watchdog.o
 .data          0x00000000        0x0 build\gcc\obj/example/example_watchdog.o
 .bss           0x00000000        0x0 build\gcc\obj/example/example_watchdog.o
 .debug_line    0x00000000        0x0 build\gcc\obj/example/example_watchdog.o
 .debug_str     0x00000000        0x0 build\gcc\obj/example/example_watchdog.o
 .comment       0x00000000       0x71 build\gcc\obj/example/example_watchdog.o
 .ARM.attributes
                0x00000000       0x39 build\gcc\obj/example/example_watchdog.o
 .text          0x00000000        0x0 build\gcc\obj/example/utility.o
 .data          0x00000000        0x0 build\gcc\obj/example/utility.o
 .bss           0x00000000        0x0 build\gcc\obj/example/utility.o
 .text.Analyse_Command
                0x00000000       0xec build\gcc\obj/example/utility.o
 .rodata.str1.1
                0x00000000        0xb build\gcc\obj/example/utility.o
 .debug_info    0x00000000      0x28e build\gcc\obj/example/utility.o
 .debug_abbrev  0x00000000      0x154 build\gcc\obj/example/utility.o
 .debug_loc     0x00000000      0x2e4 build\gcc\obj/example/utility.o
 .debug_aranges
                0x00000000       0x20 build\gcc\obj/example/utility.o
 .debug_ranges  0x00000000       0x10 build\gcc\obj/example/utility.o
 .debug_line    0x00000000       0x89 build\gcc\obj/example/utility.o
 .debug_str     0x00000000      0x286 build\gcc\obj/example/utility.o
 .comment       0x00000000       0x71 build\gcc\obj/example/utility.o
 .ARM.attributes
                0x00000000       0x39 build\gcc\obj/example/utility.o
 .debug_frame   0x00000000       0x3c build\gcc\obj/example/utility.o
 .text          0x00000000        0x0 build\gcc\obj/custom/main.o
 .data          0x00000000        0x0 build\gcc\obj/custom/main.o
 .bss           0x00000000        0x0 build\gcc\obj/custom/main.o
 .debug_line    0x00000000        0x0 build\gcc\obj/custom/main.o
 .debug_str     0x00000000        0x0 build\gcc\obj/custom/main.o
 .comment       0x00000000       0x71 build\gcc\obj/custom/main.o
 .ARM.attributes
                0x00000000       0x39 build\gcc\obj/custom/main.o
 .text          0x00000000        0x0 libs/gcc/app_start.lib(gpio.o)
 .data          0x00000000        0x0 libs/gcc/app_start.lib(gpio.o)
 .bss           0x00000000        0x0 libs/gcc/app_start.lib(gpio.o)
 .text.Ql_GPIO_GetLevel
                0x00000000       0x34 libs/gcc/app_start.lib(gpio.o)
 .text.Ql_GPIO_SetDirection
                0x00000000       0x38 libs/gcc/app_start.lib(gpio.o)
 .text.Ql_GPIO_GetDirection
                0x00000000       0x34 libs/gcc/app_start.lib(gpio.o)
 .text.Ql_GPIO_SetPullSelection
                0x00000000       0x38 libs/gcc/app_start.lib(gpio.o)
 .text.Ql_GPIO_Uninit
                0x00000000       0x34 libs/gcc/app_start.lib(gpio.o)
 .bss.m_GPIO_GetDirection
                0x00000000        0x4 libs/gcc/app_start.lib(gpio.o)
 .bss.m_GPIO_SetDirection
                0x00000000        0x4 libs/gcc/app_start.lib(gpio.o)
 .bss.m_GPIO_SetPullSelection
                0x00000000        0x4 libs/gcc/app_start.lib(gpio.o)
 .bss.m_GPIO_GetLevel
                0x00000000        0x4 libs/gcc/app_start.lib(gpio.o)
 .bss.m_GPIO_Uninit
                0x00000000        0x4 libs/gcc/app_start.lib(gpio.o)
 .text          0x00000000        0x0 libs/gcc/app_start.lib(memory.o)
 .data          0x00000000        0x0 libs/gcc/app_start.lib(memory.o)
 .bss           0x00000000        0x0 libs/gcc/app_start.lib(memory.o)
 .text          0x00000000        0x0 libs/gcc/app_start.lib(ql_func.o)
 .data          0x00000000        0x0 libs/gcc/app_start.lib(ql_func.o)
 .bss           0x00000000        0x0 libs/gcc/app_start.lib(ql_func.o)
 .text.Ql_StartPlayAudioStream
                0x00000000       0x50 libs/gcc/app_start.lib(ql_func.o)
 .text.Ql_StopPlayAudioStream
                0x00000000       0x30 libs/gcc/app_start.lib(ql_func.o)
 .text.Ql_GetRelativeTime_Counter
                0x00000000       0x28 libs/gcc/app_start.lib(ql_func.o)
 .text.Ql_SecondToTicks
                0x00000000       0x2c libs/gcc/app_start.lib(ql_func.o)
 .text.Ql_MillisecondToTicks
                0x00000000       0x2c libs/gcc/app_start.lib(ql_func.o)
 .text.Ql_CalendarTime2LocalTime
                0x00000000       0x34 libs/gcc/app_start.lib(ql_func.o)
 .text.Ql_osChangeTaskPriority
                0x00000000       0x30 libs/gcc/app_start.lib(ql_func.o)
 .bss.m_SecondToTicks
                0x00000000        0x4 libs/gcc/app_start.lib(ql_func.o)
 .bss.m_GetRelativeTime_Counter
                0x00000000        0x4 libs/gcc/app_start.lib(ql_func.o)
 .rodata.str1.1
                0x00000000       0xa3 libs/gcc/app_start.lib(ql_func.o)
 .bss.m_StartPlayAudioStream
                0x00000000        0x4 libs/gcc/app_start.lib(ql_func.o)
 .bss.m_StopPlayAudioStream
                0x00000000        0x4 libs/gcc/app_start.lib(ql_func.o)
 .bss.m_CalendarTime2LocalTime
                0x00000000        0x4 libs/gcc/app_start.lib(ql_func.o)
 .bss.m_MillisecondToTicks
                0x00000000        0x4 libs/gcc/app_start.lib(ql_func.o)
 .bss.m_osChangeTaskPriority
                0x00000000        0x4 libs/gcc/app_start.lib(ql_func.o)
 .text          0x00000000        0x0 libs/gcc/app_start.lib(ql_main.o)
 .data          0x00000000        0x0 libs/gcc/app_start.lib(ql_main.o)
 .bss           0x00000000        0x0 libs/gcc/app_start.lib(ql_main.o)
 .text          0x00000000        0x0 libs/gcc/app_start.lib(ril_aux.o)
 .data          0x00000000        0x0 libs/gcc/app_start.lib(ril_aux.o)
 .bss           0x00000000        0x0 libs/gcc/app_start.lib(ril_aux.o)
 .text          0x00000000        0x0 libs/gcc/app_start.lib(ril_main.o)
 .data          0x00000000        0x0 libs/gcc/app_start.lib(ril_main.o)
 .bss           0x00000000        0x0 libs/gcc/app_start.lib(ril_main.o)
 .text.get_ril_init_status
                0x00000000        0xc libs/gcc/app_start.lib(ril_main.o)
 .text.Ql_RIL_Initialize
                0x00000000       0x90 libs/gcc/app_start.lib(ril_main.o)
 .text.Ql_RIL_SendATCmd
                0x00000000      0x1c8 libs/gcc/app_start.lib(ril_main.o)
 .text.Ql_RIL_WriteDataToCore
                0x00000000        0x4 libs/gcc/app_start.lib(ril_main.o)
 .bss.m_isRILInited
                0x00000000        0x1 libs/gcc/app_start.lib(ril_main.o)
 .text          0x00000000        0x0 libs/gcc/app_start.lib(stdlib_func.o)
 .data          0x00000000        0x0 libs/gcc/app_start.lib(stdlib_func.o)
 .bss           0x00000000        0x0 libs/gcc/app_start.lib(stdlib_func.o)
 .text.Ql_create_api_hash
                0x00000000       0x18 libs/gcc/app_start.lib(stdlib_func.o)
 .text.Ql_ui64toa
                0x00000000       0x60 libs/gcc/app_start.lib(stdlib_func.o)
 .text.Ql_itoa  0x00000000       0x58 libs/gcc/app_start.lib(stdlib_func.o)
 .text.Ql_atof  0x00000000       0x60 libs/gcc/app_start.lib(stdlib_func.o)
 .text.Ql_strcpy
                0x00000000       0x58 libs/gcc/app_start.lib(stdlib_func.o)
 .text.Ql_strcat
                0x00000000       0x48 libs/gcc/app_start.lib(stdlib_func.o)
 .text.Ql_strncat
                0x00000000       0x50 libs/gcc/app_start.lib(stdlib_func.o)
 .text.Ql_strcmp
                0x00000000       0x38 libs/gcc/app_start.lib(stdlib_func.o)
 .text.Ql_memmove
                0x00000000       0x50 libs/gcc/app_start.lib(stdlib_func.o)
 .text.Ql_toupper
                0x00000000        0x4 libs/gcc/app_start.lib(stdlib_func.o)
 .text.Ql_tolower
                0x00000000        0x4 libs/gcc/app_start.lib(stdlib_func.o)
 .text.Ql_isdigit
                0x00000000        0xc libs/gcc/app_start.lib(stdlib_func.o)
 .bss.m_memmove
                0x00000000        0x4 libs/gcc/app_start.lib(stdlib_func.o)
 .bss.m_strcpy  0x00000000        0x4 libs/gcc/app_start.lib(stdlib_func.o)
 .bss.m_atof    0x00000000        0x4 libs/gcc/app_start.lib(stdlib_func.o)
 .bss.m_strcmp  0x00000000        0x4 libs/gcc/app_start.lib(stdlib_func.o)
 .bss.m_strncat
                0x00000000        0x4 libs/gcc/app_start.lib(stdlib_func.o)
 .bss.m_itoa    0x00000000        0x4 libs/gcc/app_start.lib(stdlib_func.o)
 .bss.m_strcat  0x00000000        0x4 libs/gcc/app_start.lib(stdlib_func.o)
 .bss.m_ui64toa
                0x00000000        0x4 libs/gcc/app_start.lib(stdlib_func.o)
 .text          0x00000000        0x0 libs/gcc/app_start.lib(system.o)
 .data          0x00000000        0x0 libs/gcc/app_start.lib(system.o)
 .bss           0x00000000        0x0 libs/gcc/app_start.lib(system.o)
 .text.Ql_Reset
                0x00000000       0x40 libs/gcc/app_start.lib(system.o)
 .bss.m_Reset   0x00000000        0x4 libs/gcc/app_start.lib(system.o)
 .text          0x00000000        0x0 libs/gcc/app_start.lib(taskMngt.o)
 .data          0x00000000        0x0 libs/gcc/app_start.lib(taskMngt.o)
 .bss           0x00000000        0x0 libs/gcc/app_start.lib(taskMngt.o)
 .text.Ql_OS_SendMessageFromISR
                0x00000000       0x44 libs/gcc/app_start.lib(taskMngt.o)
 .text.Ql_OS_WaitEvent
                0x00000000       0x3c libs/gcc/app_start.lib(taskMngt.o)
 .text.Ql_OS_GetActiveTaskId
                0x00000000       0x30 libs/gcc/app_start.lib(taskMngt.o)
 .text.Ql_SecureData_Store
                0x00000000       0x34 libs/gcc/app_start.lib(taskMngt.o)
 .text.Ql_SecureData_Read
                0x00000000       0x34 libs/gcc/app_start.lib(taskMngt.o)
 .bss.m_OS_SendMessageFromISR
                0x00000000        0x4 libs/gcc/app_start.lib(taskMngt.o)
 .bss.m_OS_GetActiveTaskId
                0x00000000        0x4 libs/gcc/app_start.lib(taskMngt.o)
 .bss.m_Ql_SecureData_Store
                0x00000000        0x4 libs/gcc/app_start.lib(taskMngt.o)
 .bss.m_OS_WaitEvent
                0x00000000        0x4 libs/gcc/app_start.lib(taskMngt.o)
 .bss.m_Ql_SecureData_Read
                0x00000000        0x4 libs/gcc/app_start.lib(taskMngt.o)
 .text          0x00000000        0x0 libs/gcc/app_start.lib(timer.o)
 .data          0x00000000        0x0 libs/gcc/app_start.lib(timer.o)
 .bss           0x00000000        0x0 libs/gcc/app_start.lib(timer.o)
 .text.Ql_Timer_RegisterFast
                0x00000000       0x3c libs/gcc/app_start.lib(timer.o)
 .bss.m_Timer_RegisterFast
                0x00000000        0x4 libs/gcc/app_start.lib(timer.o)
 .text          0x00000000        0x0 libs/gcc/app_start.lib(uart.o)
 .data          0x00000000        0x0 libs/gcc/app_start.lib(uart.o)
 .bss           0x00000000        0x0 libs/gcc/app_start.lib(uart.o)
 .text.Ql_UART_OpenEx
                0x00000000       0x38 libs/gcc/app_start.lib(uart.o)
 .text.Ql_UART_Close
                0x00000000       0x2c libs/gcc/app_start.lib(uart.o)
 .bss.m_Ql_UART_Close
                0x00000000        0x4 libs/gcc/app_start.lib(uart.o)
 .bss.m_Ql_UART_OpenEx
                0x00000000        0x4 libs/gcc/app_start.lib(uart.o)
 .data          0x00000000        0x0 libs/gcc/app_start.lib(ocpu_init.o)
 .bss           0x00000000        0x0 libs/gcc/app_start.lib(ocpu_init.o)
 .text          0x00000000        0x0 tools\gcc\win\gcc-arm-none-eabi/arm-none-eabi/lib/armv7e-m/fpu/libc.a(lib_a-memset.o)
 .data          0x00000000        0x0 tools\gcc\win\gcc-arm-none-eabi/arm-none-eabi/lib/armv7e-m/fpu/libc.a(lib_a-memset.o)
 .bss           0x00000000        0x0 tools\gcc\win\gcc-arm-none-eabi/arm-none-eabi/lib/armv7e-m/fpu/libc.a(lib_a-memset.o)
 .text          0x00000000        0x0 tools\gcc\win\gcc-arm-none-eabi/arm-none-eabi/lib/armv7e-m/fpu/libc.a(lib_a-strchr.o)
 .data          0x00000000        0x0 tools\gcc\win\gcc-arm-none-eabi/arm-none-eabi/lib/armv7e-m/fpu/libc.a(lib_a-strchr.o)
 .bss           0x00000000        0x0 tools\gcc\win\gcc-arm-none-eabi/arm-none-eabi/lib/armv7e-m/fpu/libc.a(lib_a-strchr.o)
 .text          0x00000000        0x0 tools\gcc\win\gcc-arm-none-eabi/arm-none-eabi/lib/armv7e-m/fpu/libc.a(lib_a-strcpy.o)
 .data          0x00000000        0x0 tools\gcc\win\gcc-arm-none-eabi/arm-none-eabi/lib/armv7e-m/fpu/libc.a(lib_a-strcpy.o)
 .bss           0x00000000        0x0 tools\gcc\win\gcc-arm-none-eabi/arm-none-eabi/lib/armv7e-m/fpu/libc.a(lib_a-strcpy.o)
 .text          0x00000000        0x0 tools\gcc\win\gcc-arm-none-eabi/arm-none-eabi/lib/armv7e-m/fpu/libc.a(lib_a-strlen.o)
 .data          0x00000000        0x0 tools\gcc\win\gcc-arm-none-eabi/arm-none-eabi/lib/armv7e-m/fpu/libc.a(lib_a-strlen.o)
 .bss           0x00000000        0x0 tools\gcc\win\gcc-arm-none-eabi/arm-none-eabi/lib/armv7e-m/fpu/libc.a(lib_a-strlen.o)
 .text          0x00000000        0x0 tools\gcc\win\gcc-arm-none-eabi/arm-none-eabi/lib/armv7e-m/fpu/libc.a(lib_a-strncpy.o)
 .data          0x00000000        0x0 tools\gcc\win\gcc-arm-none-eabi/arm-none-eabi/lib/armv7e-m/fpu/libc.a(lib_a-strncpy.o)
 .bss           0x00000000        0x0 tools\gcc\win\gcc-arm-none-eabi/arm-none-eabi/lib/armv7e-m/fpu/libc.a(lib_a-strncpy.o)
 .text          0x00000000        0x0 tools\gcc\win\gcc-arm-none-eabi/arm-none-eabi/lib/armv7e-m/fpu/libc.a(lib_a-strsep.o)
 .data          0x00000000        0x0 tools\gcc\win\gcc-arm-none-eabi/arm-none-eabi/lib/armv7e-m/fpu/libc.a(lib_a-strsep.o)
 .bss           0x00000000        0x0 tools\gcc\win\gcc-arm-none-eabi/arm-none-eabi/lib/armv7e-m/fpu/libc.a(lib_a-strsep.o)
 .text          0x00000000        0x0 tools\gcc\win\gcc-arm-none-eabi/arm-none-eabi/lib/armv7e-m/fpu/libc.a(lib_a-strtok.o)
 .data          0x00000000        0x0 tools\gcc\win\gcc-arm-none-eabi/arm-none-eabi/lib/armv7e-m/fpu/libc.a(lib_a-strtok.o)
 .bss           0x00000000        0x0 tools\gcc\win\gcc-arm-none-eabi/arm-none-eabi/lib/armv7e-m/fpu/libc.a(lib_a-strtok.o)
 .text          0x00000000        0x0 tools\gcc\win\gcc-arm-none-eabi/arm-none-eabi/lib/armv7e-m/fpu/libc.a(lib_a-strtok_r.o)
 .data          0x00000000        0x0 tools\gcc\win\gcc-arm-none-eabi/arm-none-eabi/lib/armv7e-m/fpu/libc.a(lib_a-strtok_r.o)
 .bss           0x00000000        0x0 tools\gcc\win\gcc-arm-none-eabi/arm-none-eabi/lib/armv7e-m/fpu/libc.a(lib_a-strtok_r.o)
 .text.strtok_r
                0x00000000        0x8 tools\gcc\win\gcc-arm-none-eabi/arm-none-eabi/lib/armv7e-m/fpu/libc.a(lib_a-strtok_r.o)
 .text          0x00000000        0x0 tools\gcc\win\gcc-arm-none-eabi/arm-none-eabi/lib/armv7e-m/fpu/libc.a(lib_a-impure.o)
 .data          0x00000000        0x0 tools\gcc\win\gcc-arm-none-eabi/arm-none-eabi/lib/armv7e-m/fpu/libc.a(lib_a-impure.o)
 .bss           0x00000000        0x0 tools\gcc\win\gcc-arm-none-eabi/arm-none-eabi/lib/armv7e-m/fpu/libc.a(lib_a-impure.o)
 .rodata._global_impure_ptr
                0x00000000        0x4 tools\gcc\win\gcc-arm-none-eabi/arm-none-eabi/lib/armv7e-m/fpu/libc.a(lib_a-impure.o)

Memory Configuration

Name             Origin             Length             Attributes
ROM              0x08292040         0x00032000         xr
RAM              0x001e7000         0x00019000         xrw
*default*        0x00000000         0xffffffff

Linker script and memory map

                0x08292040                . = 0x8292040

.initdata       0x08292040       0x2c
                0x08292040                . = ALIGN (0x4)
 *(.initdata)
 .initdata      0x08292040       0x2c libs/gcc/app_start.lib(ql_main.o)
                0x08292040                GADLENTRY

text            0x0829206c     0x33f4
                0x0829206c                . = ALIGN (0x4)
 *(.text.*)
 .text.Default_atRsp_callback
                0x0829206c       0xec build\gcc\obj/ril/src/ril_atResponse.o
                0x0829206c                Default_atRsp_callback
 .text.RIL_SIM_GetSimStateByName
                0x08292158       0xc8 build\gcc\obj/ril/src/ril_network.o
                0x08292158                RIL_SIM_GetSimStateByName
 .text.QSDK_Get_Str
                0x08292220       0x78 build\gcc\obj/ril/src/ril_system.o
                0x08292220                QSDK_Get_Str
 .text.open_socket_push_json_param_parse_cmd
                0x08292298      0x128 build\gcc\obj/ril/src/ril_system.o
                0x08292298                open_socket_push_json_param_parse_cmd
 .text.open_lwm2m_param_parse_cmd
                0x082923c0      0x130 build\gcc\obj/ril/src/ril_system.o
                0x082923c0                open_lwm2m_param_parse_cmd
 .text.Qstr_seacher_with
                0x082924f0       0x58 build\gcc\obj/ril/src/ril_system.o
                0x082924f0                Qstr_seacher_with
 .text.open_onenet_push_param_parse_cmd
                0x08292548      0x17c build\gcc\obj/ril/src/ril_system.o
                0x08292548                open_onenet_push_param_parse_cmd
 .text.OnURCHandler_ONENET_EXECUTE
                0x082926c4      0x104 build\gcc\obj/ril/src/ril_urc.o
 .text.OnURCHandler_ONENET_READ
                0x082927c8       0xdc build\gcc\obj/ril/src/ril_urc.o
 .text.OnURCHandler_ONENET_DISCOVER
                0x082928a4       0xac build\gcc\obj/ril/src/ril_urc.o
 .text.OnURCHandler_ONENET_OBSERVER
                0x08292950       0xf0 build\gcc\obj/ril/src/ril_urc.o
 .text.OnURCHandler_ONENET_EVENT
                0x08292a40       0xf8 build\gcc\obj/ril/src/ril_urc.o
 .text.OnURCHandler_LwM2M_OBSERVE
                0x08292b38       0xc4 build\gcc\obj/ril/src/ril_urc.o
 .text.OnURCHandler_CFUN
                0x08292bfc       0x70 build\gcc\obj/ril/src/ril_urc.o
 .text.OnURCHandler_Network
                0x08292c6c      0x130 build\gcc\obj/ril/src/ril_urc.o
 .text.OnURCHandler_ONENET_WRITE
                0x08292d9c      0x14c build\gcc\obj/ril/src/ril_urc.o
 .text.OnURCHandler_LwM2M_RECV_DATA
                0x08292ee8       0xec build\gcc\obj/ril/src/ril_urc.o
 .text.OnURCHandler_QIURC_DATA
                0x08292fd4      0x160 build\gcc\obj/ril/src/ril_urc.o
 .text.OnURCHandler_SIM
                0x08293134       0x90 build\gcc\obj/ril/src/ril_urc.o
 .text.OnURCHandler
                0x082931c4       0x70 build\gcc\obj/ril/src/ril_urc.o
                0x082931c4                OnURCHandler
 .text.Ql_RIL_IsURCStr
                0x08293234       0x40 build\gcc\obj/ril/src/ril_urc.o
                0x08293234                Ql_RIL_IsURCStr
 .text.Ql_StrPrefixMatch
                0x08293274       0x28 build\gcc\obj/ril/src/ril_util.o
                0x08293274                Ql_StrPrefixMatch
 .text.Ql_RIL_FindString
                0x0829329c       0x50 build\gcc\obj/ril/src/ril_util.o
                0x0829329c                Ql_RIL_FindString
 .text.Ql_RIL_FindLine
                0x082932ec      0x154 build\gcc\obj/ril/src/ril_util.o
                0x082932ec                Ql_RIL_FindLine
 .text.MutextTest
                0x08293440       0xd0 build\gcc\obj/example/example_multitask.o
                0x08293440                MutextTest
 .text.SemaphoreTest1
                0x08293510      0x114 build\gcc\obj/example/example_multitask.o
                0x08293510                SemaphoreTest1
 .text.GetCurrentTaskPriority
                0x08293624       0x54 build\gcc\obj/example/example_multitask.o
                0x08293624                GetCurrentTaskPriority
 .text.GetCurrenTaskRemainStackSize
                0x08293678       0x54 build\gcc\obj/example/example_multitask.o
                0x08293678                GetCurrenTaskRemainStackSize
 .text.SendEvent2AllSubTask
                0x082936cc       0x18 build\gcc\obj/example/example_multitask.o
                0x082936cc                SendEvent2AllSubTask
 .text.CallBack_UART_Hdlr
                0x082936e4      0x384 build\gcc\obj/example/example_multitask.o
 .text.proc_main_task
                0x08293a68      0x178 build\gcc\obj/example/example_multitask.o
                0x08293a68                proc_main_task
 .text.proc_subtask1
                0x08293be0       0xdc build\gcc\obj/example/example_multitask.o
                0x08293be0                proc_subtask1
 .text.proc_subtask2
                0x08293cbc       0xdc build\gcc\obj/example/example_multitask.o
                0x08293cbc                proc_subtask2
 .text.proc_subtask3
                0x08293d98       0xdc build\gcc\obj/example/example_multitask.o
                0x08293d98                proc_subtask3
 .text.proc_subtask4
                0x08293e74       0xdc build\gcc\obj/example/example_multitask.o
                0x08293e74                proc_subtask4
 .text.proc_subtask5
                0x08293f50       0xdc build\gcc\obj/example/example_multitask.o
                0x08293f50                proc_subtask5
 .text.proc_subtask6
                0x0829402c       0xdc build\gcc\obj/example/example_multitask.o
                0x0829402c                proc_subtask6
 .text.proc_subtask7
                0x08294108       0xdc build\gcc\obj/example/example_multitask.o
                0x08294108                proc_subtask7
 .text.proc_subtask8
                0x082941e4      0x104 build\gcc\obj/example/example_multitask.o
                0x082941e4                proc_subtask8
 .text.Ql_GPIO_Init
                0x082942e8       0x44 libs/gcc/app_start.lib(gpio.o)
                0x082942e8                Ql_GPIO_Init
 .text.Ql_GPIO_SetLevel
                0x0829432c       0x38 libs/gcc/app_start.lib(gpio.o)
                0x0829432c                Ql_GPIO_SetLevel
 .text.Ql_MEM_Alloc
                0x08294364       0x44 libs/gcc/app_start.lib(memory.o)
                0x08294364                Ql_MEM_Alloc
 .text.Ql_MEM_Free
                0x082943a8       0x40 libs/gcc/app_start.lib(memory.o)
                0x082943a8                Ql_MEM_Free
 .text.ql_InitVFunc
                0x082943e8       0x7c libs/gcc/app_start.lib(ql_main.o)
                0x082943e8                ql_InitVFunc
 .text.ocpu_main
                0x08294464       0x68 libs/gcc/app_start.lib(ql_main.o)
                0x08294464                ocpu_main
 .text.proc_reserved2
                0x082944cc       0x40 libs/gcc/app_start.lib(ril_aux.o)
                0x082944cc                proc_reserved2
 .text.ril_StopATTimer
                0x0829450c       0x1c libs/gcc/app_start.lib(ril_main.o)
 .text.Callback_OnATTimer
                0x08294528       0x34 libs/gcc/app_start.lib(ril_main.o)
 .text.str_seacher_with
                0x0829455c       0x58 libs/gcc/app_start.lib(ril_main.o)
                0x0829455c                str_seacher_with
 .text.proc_reserved1
                0x082945b4      0x340 libs/gcc/app_start.lib(ril_main.o)
                0x082945b4                proc_reserved1
 .text.Ql_strncpy
                0x082948f4       0x50 libs/gcc/app_start.lib(stdlib_func.o)
                0x082948f4                Ql_strncpy
 .text.Ql_strlen
                0x08294944       0x44 libs/gcc/app_start.lib(stdlib_func.o)
                0x08294944                Ql_strlen
 .text.Ql_strncmp
                0x08294988       0x3c libs/gcc/app_start.lib(stdlib_func.o)
                0x08294988                Ql_strncmp
 .text.Ql_memset
                0x082949c4       0x50 libs/gcc/app_start.lib(stdlib_func.o)
                0x082949c4                Ql_memset
 .text.Ql_memcpy
                0x08294a14       0x50 libs/gcc/app_start.lib(stdlib_func.o)
                0x08294a14                Ql_memcpy
 .text.Ql_memcmp
                0x08294a64       0x3c libs/gcc/app_start.lib(stdlib_func.o)
                0x08294a64                Ql_memcmp
 .text.Ql_strstr
                0x08294aa0       0x48 libs/gcc/app_start.lib(stdlib_func.o)
                0x08294aa0                Ql_strstr
 .text.Ql_strchr
                0x08294ae8       0x48 libs/gcc/app_start.lib(stdlib_func.o)
                0x08294ae8                Ql_strchr
 .text.Ql_atoi  0x08294b30       0x4e libs/gcc/app_start.lib(stdlib_func.o)
                0x08294b30                Ql_atoi
 *fill*         0x08294b7e        0x2 
 .text.Ql_Sleep
                0x08294b80       0x40 libs/gcc/app_start.lib(system.o)
                0x08294b80                Ql_Sleep
 .text.Ql_GetvFunc_Init_Status
                0x08294bc0       0x28 libs/gcc/app_start.lib(system.o)
                0x08294bc0                Ql_GetvFunc_Init_Status
 .text.Ql_GetSDKVer
                0x08294be8       0x38 libs/gcc/app_start.lib(system.o)
                0x08294be8                Ql_GetSDKVer
 .text.Ql_OS_GetMessage
                0x08294c20       0x34 libs/gcc/app_start.lib(taskMngt.o)
                0x08294c20                Ql_OS_GetMessage
 .text.Ql_OS_SendMessage
                0x08294c54       0x44 libs/gcc/app_start.lib(taskMngt.o)
                0x08294c54                Ql_OS_SendMessage
 .text.Ql_OS_CreateMutex
                0x08294c98       0x28 libs/gcc/app_start.lib(taskMngt.o)
                0x08294c98                Ql_OS_CreateMutex
 .text.Ql_OS_TakeMutex
                0x08294cc0       0x30 libs/gcc/app_start.lib(taskMngt.o)
                0x08294cc0                Ql_OS_TakeMutex
 .text.Ql_OS_GiveMutex
                0x08294cf0       0x2c libs/gcc/app_start.lib(taskMngt.o)
                0x08294cf0                Ql_OS_GiveMutex
 .text.Ql_OS_CreateSemaphore
                0x08294d1c       0x30 libs/gcc/app_start.lib(taskMngt.o)
                0x08294d1c                Ql_OS_CreateSemaphore
 .text.Ql_OS_TakeSemaphore
                0x08294d4c       0x30 libs/gcc/app_start.lib(taskMngt.o)
                0x08294d4c                Ql_OS_TakeSemaphore
 .text.Ql_OS_GiveSemaphore
                0x08294d7c       0x2c libs/gcc/app_start.lib(taskMngt.o)
                0x08294d7c                Ql_OS_GiveSemaphore
 .text.Ql_OS_CreateEvent
                0x08294da8       0x28 libs/gcc/app_start.lib(taskMngt.o)
                0x08294da8                Ql_OS_CreateEvent
 .text.Ql_OS_SetEvent
                0x08294dd0       0x38 libs/gcc/app_start.lib(taskMngt.o)
                0x08294dd0                Ql_OS_SetEvent
 .text.Ql_SetLastErrorCode
                0x08294e08       0x34 libs/gcc/app_start.lib(taskMngt.o)
                0x08294e08                Ql_SetLastErrorCode
 .text.Ql_GetLastErrorCode
                0x08294e3c       0x30 libs/gcc/app_start.lib(taskMngt.o)
                0x08294e3c                Ql_GetLastErrorCode
 .text.Ql_OS_GetCurrentTaskPriority
                0x08294e6c       0x28 libs/gcc/app_start.lib(taskMngt.o)
                0x08294e6c                Ql_OS_GetCurrentTaskPriority
 .text.Ql_OS_GetCurrenTaskLeftStackSize
                0x08294e94       0x28 libs/gcc/app_start.lib(taskMngt.o)
                0x08294e94                Ql_OS_GetCurrenTaskLeftStackSize
 .text.Ql_ril_request_command
                0x08294ebc       0x34 libs/gcc/app_start.lib(taskMngt.o)
                0x08294ebc                Ql_ril_request_command
 .text.Ql_Timer_Register
                0x08294ef0       0x3c libs/gcc/app_start.lib(timer.o)
                0x08294ef0                Ql_Timer_Register
 .text.Ql_Timer_Start
                0x08294f2c       0x3c libs/gcc/app_start.lib(timer.o)
                0x08294f2c                Ql_Timer_Start
 .text.Ql_Timer_Stop
                0x08294f68       0x34 libs/gcc/app_start.lib(timer.o)
                0x08294f68                Ql_Timer_Stop
 .text.Ql_UART_Register
                0x08294f9c       0x3c libs/gcc/app_start.lib(uart.o)
                0x08294f9c                Ql_UART_Register
 .text.Ql_UART_Open
                0x08294fd8       0x3c libs/gcc/app_start.lib(uart.o)
                0x08294fd8                Ql_UART_Open
 .text.Ql_UART_Write
                0x08295014       0x3c libs/gcc/app_start.lib(uart.o)
                0x08295014                Ql_UART_Write
 .text.Ql_UART_Read
                0x08295050       0x3c libs/gcc/app_start.lib(uart.o)
                0x08295050                Ql_UART_Read
 .text.memset   0x0829508c       0x94 tools\gcc\win\gcc-arm-none-eabi/arm-none-eabi/lib/armv7e-m/fpu/libc.a(lib_a-memset.o)
                0x0829508c                memset
 .text.strchr   0x08295120       0xf4 tools\gcc\win\gcc-arm-none-eabi/arm-none-eabi/lib/armv7e-m/fpu/libc.a(lib_a-strchr.o)
                0x08295120                strchr
 .text.strcpy   0x08295214       0xbc tools\gcc\win\gcc-arm-none-eabi/arm-none-eabi/lib/armv7e-m/fpu/libc.a(lib_a-strcpy.o)
                0x08295214                strcpy
 .text.strlen   0x082952d0       0x60 tools\gcc\win\gcc-arm-none-eabi/arm-none-eabi/lib/armv7e-m/fpu/libc.a(lib_a-strlen.o)
                0x082952d0                strlen
 .text.strncpy  0x08295330       0x64 tools\gcc\win\gcc-arm-none-eabi/arm-none-eabi/lib/armv7e-m/fpu/libc.a(lib_a-strncpy.o)
                0x08295330                strncpy
 .text.strsep   0x08295394        0xc tools\gcc\win\gcc-arm-none-eabi/arm-none-eabi/lib/armv7e-m/fpu/libc.a(lib_a-strsep.o)
                0x08295394                strsep
 .text.strtok   0x082953a0       0x10 tools\gcc\win\gcc-arm-none-eabi/arm-none-eabi/lib/armv7e-m/fpu/libc.a(lib_a-strtok.o)
                0x082953a0                strtok
 .text.__strtok_r
                0x082953b0       0x64 tools\gcc\win\gcc-arm-none-eabi/arm-none-eabi/lib/armv7e-m/fpu/libc.a(lib_a-strtok_r.o)
                0x082953b0                __strtok_r
 *(.text)
 .text          0x08295414       0x4c libs/gcc/app_start.lib(ocpu_init.o)
                0x08295428                _OCPU_InitUserMem

.glue_7         0x08295460        0x0
 .glue_7        0x00000000        0x0 linker stubs

.glue_7t        0x08295460        0x0
 .glue_7t       0x00000000        0x0 linker stubs

.vfp11_veneer   0x08295460        0x0
 .vfp11_veneer  0x00000000        0x0 linker stubs

.v4_bx          0x08295460        0x0
 .v4_bx         0x00000000        0x0 linker stubs

.iplt           0x08295460        0x0
 .iplt          0x00000000        0x0 build\gcc\obj/custom/config/custom_sys_cfg.o

.rodata         0x08295460       0x2c
                0x08295460                . = ALIGN (0x4)
 *(.rodata)
 .rodata        0x08295460       0x16 libs/gcc/app_start.lib(ql_main.o)
 .rodata        0x08295476       0x16 libs/gcc/app_start.lib(system.o)
                0x08296680                __data_load = LOADADDR (.data)

.rodata.wtdCfg  0x0829548c        0x2
 .rodata.wtdCfg
                0x0829548c        0x2 build\gcc\obj/custom/config/custom_sys_cfg.o

.rodata.appEnableCfg
                0x08295490        0x4
 .rodata.appEnableCfg
                0x08295490        0x4 build\gcc\obj/custom/config/custom_sys_cfg.o

.rodata.debugPortCfg
                0x08295494        0x1
 .rodata.debugPortCfg
                0x08295494        0x1 build\gcc\obj/custom/config/custom_sys_cfg.o

.rodata.debugPortSet
                0x08295495        0x2
 .rodata.debugPortSet
                0x08295495        0x2 build\gcc\obj/custom/config/custom_sys_cfg.o

.rodata.SystemCfg
                0x08295498       0x3c
 .rodata.SystemCfg
                0x08295498       0x3c build\gcc\obj/custom/config/custom_sys_cfg.o
                0x08295498                SystemCfg

.rodata.GpioConfigTbl
                0x082954d4        0x4
 .rodata.GpioConfigTbl
                0x082954d4        0x4 build\gcc\obj/custom/config/sys_config.o
                0x082954d4                GpioConfigTbl

.rodata.TaskConfig
                0x082954d8       0xf0
 .rodata.TaskConfig
                0x082954d8       0xf0 build\gcc\obj/custom/config/sys_config.o
                0x082954d8                TaskConfig

.rodata.str1.1  0x082955c8      0xe14
 .rodata.str1.1
                0x082955c8       0x52 build\gcc\obj/ril/src/ril_atResponse.o
 .rodata.str1.1
                0x0829561a       0x63 build\gcc\obj/ril/src/ril_network.o
                                 0x8e (size before relaxing)
 .rodata.str1.1
                0x0829567d       0x14 build\gcc\obj/ril/src/ril_system.o
                                 0x2e (size before relaxing)
 .rodata.str1.1
                0x08295691       0xdb build\gcc\obj/ril/src/ril_urc.o
                                 0xde (size before relaxing)
 .rodata.str1.1
                0x0829576c       0x11 build\gcc\obj/ril/src/ril_util.o
                                 0x16 (size before relaxing)
 .rodata.str1.1
                0x0829577d      0x8e0 build\gcc\obj/example/example_multitask.o
                                0x8e2 (size before relaxing)
 .rodata.str1.1
                0x0829605d       0x81 libs/gcc/app_start.lib(gpio.o)
 .rodata.str1.1
                0x082960de       0x19 libs/gcc/app_start.lib(memory.o)
 .rodata.str1.1
                0x082960f7       0x1a libs/gcc/app_start.lib(ql_main.o)
 .rodata.str1.1
                0x08296111        0x8 libs/gcc/app_start.lib(ril_main.o)
                                 0x11 (size before relaxing)
 .rodata.str1.1
                0x08296119       0xa1 libs/gcc/app_start.lib(stdlib_func.o)
 .rodata.str1.1
                0x082961ba       0x2a libs/gcc/app_start.lib(system.o)
 .rodata.str1.1
                0x082961e4      0x15d libs/gcc/app_start.lib(taskMngt.o)
                                0x197 (size before relaxing)
 .rodata.str1.1
                0x08296341       0x45 libs/gcc/app_start.lib(timer.o)
 .rodata.str1.1
                0x08296386       0x56 libs/gcc/app_start.lib(uart.o)

.rodata.m_AtURCHdlEntry
                0x082963dc      0x1f8
 .rodata.m_AtURCHdlEntry
                0x082963dc      0x1f8 build\gcc\obj/ril/src/ril_urc.o

.rodata.m_SysURCHdlEntry
                0x082965d4       0xa8
 .rodata.m_SysURCHdlEntry
                0x082965d4       0xa8 build\gcc\obj/ril/src/ril_urc.o

.rodata.str1.4  0x0829667c        0x4
 .rodata.str1.4
                0x0829667c        0x4 tools\gcc\win\gcc-arm-none-eabi/arm-none-eabi/lib/armv7e-m/fpu/libc.a(lib_a-impure.o)

.rel.dyn        0x08296680        0x0
 .rel.iplt      0x00000000        0x0 build\gcc\obj/custom/config/custom_sys_cfg.o

.data           0x001e7000      0x464 load address 0x08296680
                0x001e7000                __data_start = .
                0x001e7000                . = ALIGN (0x4)
 *(.data.*)
 .data.s_iPassTask
                0x001e7000        0x4 build\gcc\obj/example/example_multitask.o
 .data.s_iTestSemNum
                0x001e7004        0x4 build\gcc\obj/example/example_multitask.o
 .data.api_notsup
                0x001e7008       0x18 libs/gcc/app_start.lib(ql_func.o)
                0x001e7008                api_notsup
 .data.g_ril_auxTaskId
                0x001e7020        0x4 libs/gcc/app_start.lib(ril_aux.o)
                0x001e7020                g_ril_auxTaskId
 .data.m_atTimer
                0x001e7024        0xc libs/gcc/app_start.lib(ril_main.o)
 .data.m_thisTaskId
                0x001e7030        0x4 libs/gcc/app_start.lib(ril_main.o)
 *fill*         0x001e7034        0x4 
 .data.impure_data
                0x001e7038      0x428 tools\gcc\win\gcc-arm-none-eabi/arm-none-eabi/lib/armv7e-m/fpu/libc.a(lib_a-impure.o)
 .data._impure_ptr
                0x001e7460        0x4 tools\gcc\win\gcc-arm-none-eabi/arm-none-eabi/lib/armv7e-m/fpu/libc.a(lib_a-impure.o)
                0x001e7460                _impure_ptr
 *(.data)
                0x001e7464                _edata = .

.igot.plt       0x001e7464        0x0 load address 0x08296ae4
 .igot.plt      0x00000000        0x0 build\gcc\obj/custom/config/custom_sys_cfg.o

.bss            0x001e7464     0x1ae4 load address 0x08296ae4
                0x001e7464                __bss_start__ = .
                0x001e7464                . = ALIGN (0x4)
 *(.bss)
 *(.bss.*)
 .bss.m_iErrCode
                0x001e7464        0x4 build\gcc\obj/ril/src/ril_atResponse.o
 .bss.g_LWM2M_RECV_DATA_MODE
                0x001e7468        0x1 build\gcc\obj/ril/src/ril_lwm2m.o
                0x001e7468                g_LWM2M_RECV_DATA_MODE
 .bss.g_ONENET_PUSH_RECV_MODE
                0x001e7469        0x1 build\gcc\obj/ril/src/ril_onenet.o
                0x001e7469                g_ONENET_PUSH_RECV_MODE
 .bss.recv_data_format
                0x001e746a        0x1 build\gcc\obj/ril/src/ril_socket.o
                0x001e746a                recv_data_format
 *fill*         0x001e746b        0x1 
 .bss.onenet_urc_param
                0x001e746c      0x4ec build\gcc\obj/ril/src/ril_urc.o
                0x001e746c                onenet_urc_param
 .bss.lwm2m_urc_param
                0x001e7958      0x4c8 build\gcc\obj/ril/src/ril_urc.o
                0x001e7958                lwm2m_urc_param
 .bss.socket_recv_param
                0x001e7e20      0x4bc build\gcc\obj/ril/src/ril_urc.o
                0x001e7e20                socket_recv_param
 .bss.s_iMutexId
                0x001e82dc        0x4 build\gcc\obj/example/example_multitask.o
 .bss.s_iSemMutex
                0x001e82e0        0x4 build\gcc\obj/example/example_multitask.o
 .bss.DBG_BUFFER
                0x001e82e4      0x200 build\gcc\obj/example/example_multitask.o
 .bss.s_iSemaphoreId
                0x001e84e4        0x4 build\gcc\obj/example/example_multitask.o
 .bss.m_Read_Buffer
                0x001e84e8      0x400 build\gcc\obj/example/example_multitask.o
 .bss.m_GPIO_Init
                0x001e88e8        0x4 libs/gcc/app_start.lib(gpio.o)
                0x001e88e8                m_GPIO_Init
 .bss.m_GPIO_SetLevel
                0x001e88ec        0x4 libs/gcc/app_start.lib(gpio.o)
                0x001e88ec                m_GPIO_SetLevel
 .bss.m_MEM_Alloc
                0x001e88f0        0x4 libs/gcc/app_start.lib(memory.o)
 .bss.m_MEM_Free
                0x001e88f4        0x4 libs/gcc/app_start.lib(memory.o)
 .bss.m_create_api_hash
                0x001e88f8        0x4 libs/gcc/app_start.lib(ql_func.o)
                0x001e88f8                m_create_api_hash
 .bss.m_get_api_ptr
                0x001e88fc        0x4 libs/gcc/app_start.lib(ql_func.o)
                0x001e88fc                m_get_api_ptr
 .bss.Ql_sscanf
                0x001e8900        0x4 libs/gcc/app_start.lib(ql_main.o)
                0x001e8900                Ql_sscanf
 .bss.runinfo   0x001e8904        0x8 libs/gcc/app_start.lib(ql_main.o)
                0x001e8904                runinfo
 .bss.Ql_Debug_Trace
                0x001e890c        0x4 libs/gcc/app_start.lib(ql_main.o)
                0x001e890c                Ql_Debug_Trace
 .bss.Ql_sprintf
                0x001e8910        0x4 libs/gcc/app_start.lib(ql_main.o)
                0x001e8910                Ql_sprintf
 .bss.Ql_snprintf
                0x001e8914        0x4 libs/gcc/app_start.lib(ql_main.o)
                0x001e8914                Ql_snprintf
 .bss.init_size
                0x001e8918        0x4 libs/gcc/app_start.lib(ql_main.o)
 .bss.g_ril_auxTaskReady
                0x001e891c        0x1 libs/gcc/app_start.lib(ril_aux.o)
                0x001e891c                g_ril_auxTaskReady
 *fill*         0x001e891d        0x3 
 .bss.m_pATRspLineBuf
                0x001e8920        0x4 libs/gcc/app_start.lib(ril_main.o)
 .bss.m_strATCmd
                0x001e8924      0x578 libs/gcc/app_start.lib(ril_main.o)
 .bss.m_IsATHandling
                0x001e8e9c        0x1 libs/gcc/app_start.lib(ril_main.o)
 *fill*         0x001e8e9d        0x3 
 .bss.m_data    0x001e8ea0        0x8 libs/gcc/app_start.lib(ril_main.o)
 .bss.m_nATRspBufLen
                0x001e8ea8        0x4 libs/gcc/app_start.lib(ril_main.o)
 .bss.m_nAtMutexId
                0x001e8eac        0x4 libs/gcc/app_start.lib(ril_main.o)
 .bss.m_userdata
                0x001e8eb0        0x4 libs/gcc/app_start.lib(ril_main.o)
 .bss.g_nEventGrpId
                0x001e8eb4        0x4 libs/gcc/app_start.lib(ril_main.o)
 .bss.m_pATRspBuffer
                0x001e8eb8        0x4 libs/gcc/app_start.lib(ril_main.o)
 .bss.m_nATErrCode
                0x001e8ebc        0x4 libs/gcc/app_start.lib(ril_main.o)
 .bss.m_atRsp_callback
                0x001e8ec0        0x4 libs/gcc/app_start.lib(ril_main.o)
 .bss.m_nATRsp_Result
                0x001e8ec4        0x4 libs/gcc/app_start.lib(ril_main.o)
 .bss.m_strncmp
                0x001e8ec8        0x4 libs/gcc/app_start.lib(stdlib_func.o)
 .bss.m_strncpy
                0x001e8ecc        0x4 libs/gcc/app_start.lib(stdlib_func.o)
 .bss.m_memset  0x001e8ed0        0x4 libs/gcc/app_start.lib(stdlib_func.o)
 .bss.m_memcpy  0x001e8ed4        0x4 libs/gcc/app_start.lib(stdlib_func.o)
 .bss.m_memcmp  0x001e8ed8        0x4 libs/gcc/app_start.lib(stdlib_func.o)
 .bss.m_strlen  0x001e8edc        0x4 libs/gcc/app_start.lib(stdlib_func.o)
 .bss.m_strstr  0x001e8ee0        0x4 libs/gcc/app_start.lib(stdlib_func.o)
 .bss.m_strchr  0x001e8ee4        0x4 libs/gcc/app_start.lib(stdlib_func.o)
 .bss.m_Sleep   0x001e8ee8        0x4 libs/gcc/app_start.lib(system.o)
 .bss.m_GetvFunc_Init_Status
                0x001e8eec        0x4 libs/gcc/app_start.lib(system.o)
 .bss.m_RIL_request_custom_command
                0x001e8ef0        0x4 libs/gcc/app_start.lib(taskMngt.o)
 .bss.m_OS_CreateEvent
                0x001e8ef4        0x4 libs/gcc/app_start.lib(taskMngt.o)
 .bss.m_OS_CreateMutex
                0x001e8ef8        0x4 libs/gcc/app_start.lib(taskMngt.o)
 .bss.m_OS_CreateSemaphore
                0x001e8efc        0x4 libs/gcc/app_start.lib(taskMngt.o)
 .bss.m_OS_GetCurrenTaskLeftStackSize
                0x001e8f00        0x4 libs/gcc/app_start.lib(taskMngt.o)
 .bss.m_OS_SetEvent
                0x001e8f04        0x4 libs/gcc/app_start.lib(taskMngt.o)
 .bss.m_OS_TakeMutex
                0x001e8f08        0x4 libs/gcc/app_start.lib(taskMngt.o)
 .bss.m_OS_GiveMutex
                0x001e8f0c        0x4 libs/gcc/app_start.lib(taskMngt.o)
 .bss.m_GetLastErrorCode
                0x001e8f10        0x4 libs/gcc/app_start.lib(taskMngt.o)
 .bss.m_OS_GiveSemaphore
                0x001e8f14        0x4 libs/gcc/app_start.lib(taskMngt.o)
 .bss.m_OS_SendMessage
                0x001e8f18        0x4 libs/gcc/app_start.lib(taskMngt.o)
 .bss.m_SetLastErrorCode
                0x001e8f1c        0x4 libs/gcc/app_start.lib(taskMngt.o)
 .bss.m_OS_TakeSemaphore
                0x001e8f20        0x4 libs/gcc/app_start.lib(taskMngt.o)
 .bss.m_OS_GetMessage
                0x001e8f24        0x4 libs/gcc/app_start.lib(taskMngt.o)
 .bss.m_OS_GetCurrentTaskPriority
                0x001e8f28        0x4 libs/gcc/app_start.lib(taskMngt.o)
 .bss.m_Timer_Register
                0x001e8f2c        0x4 libs/gcc/app_start.lib(timer.o)
 .bss.m_Timer_Stop
                0x001e8f30        0x4 libs/gcc/app_start.lib(timer.o)
 .bss.m_Timer_Start
                0x001e8f34        0x4 libs/gcc/app_start.lib(timer.o)
 .bss.m_Ql_UART_Open
                0x001e8f38        0x4 libs/gcc/app_start.lib(uart.o)
 .bss.m_Ql_UART_Read
                0x001e8f3c        0x4 libs/gcc/app_start.lib(uart.o)
 .bss.m_Ql_UART_Register
                0x001e8f40        0x4 libs/gcc/app_start.lib(uart.o)
 .bss.m_Ql_UART_Write
                0x001e8f44        0x4 libs/gcc/app_start.lib(uart.o)
                0x001e8f48                __bss_end__ = .
LOAD build\gcc\obj/custom/config/custom_sys_cfg.o
LOAD build\gcc\obj/custom/config/sys_config.o
LOAD build\gcc\obj/ril/src/ril_atResponse.o
LOAD build\gcc\obj/ril/src/ril_init.o
LOAD build\gcc\obj/ril/src/ril_lwm2m.o
LOAD build\gcc\obj/ril/src/ril_network.o
LOAD build\gcc\obj/ril/src/ril_onenet.o
LOAD build\gcc\obj/ril/src/ril_socket.o
LOAD build\gcc\obj/ril/src/ril_system.o
LOAD build\gcc\obj/ril/src/ril_urc.o
LOAD build\gcc\obj/ril/src/ril_util.o
LOAD build\gcc\obj/example/example_adc.o
LOAD build\gcc\obj/example/example_eint.o
LOAD build\gcc\obj/example/example_float_math.o
LOAD build\gcc\obj/example/example_gpio.o
LOAD build\gcc\obj/example/example_iic.o
LOAD build\gcc\obj/example/example_lwm2m.o
LOAD build\gcc\obj/example/example_memory.o
LOAD build\gcc\obj/example/example_multitask.o
LOAD build\gcc\obj/example/example_onenet.o
LOAD build\gcc\obj/example/example_pwm.o
LOAD build\gcc\obj/example/example_rtc.o
LOAD build\gcc\obj/example/example_spi.o
LOAD build\gcc\obj/example/example_system.o
LOAD build\gcc\obj/example/example_tcpclient.o
LOAD build\gcc\obj/example/example_time.o
LOAD build\gcc\obj/example/example_timer.o
LOAD build\gcc\obj/example/example_udpclient.o
LOAD build\gcc\obj/example/example_watchdog.o
LOAD build\gcc\obj/example/utility.o
LOAD build\gcc\obj/custom/main.o
LOAD libs/gcc/app_start.lib
LOAD tools\gcc\win\gcc-arm-none-eabi/arm-none-eabi/lib/armv7e-m/fpu/libm.a
LOAD tools\gcc\win\gcc-arm-none-eabi/arm-none-eabi/lib/armv7e-m/fpu/libc.a
LOAD tools\gcc\win\gcc-arm-none-eabi/lib/gcc/arm-none-eabi/4.8.3/armv7e-m/fpu/libgcc.a
OUTPUT(build\gcc/APPGS3MDM32A01.elf elf32-littlearm)

.debug_info     0x00000000    0x11231
 .debug_info    0x00000000      0x382 build\gcc\obj/custom/config/custom_sys_cfg.o
 .debug_info    0x00000382      0x2be build\gcc\obj/custom/config/sys_config.o
 .debug_info    0x00000640      0x300 build\gcc\obj/ril/src/ril_atResponse.o
 .debug_info    0x00000940     0x1427 build\gcc\obj/ril/src/ril_lwm2m.o
 .debug_info    0x00001d67      0x516 build\gcc\obj/ril/src/ril_network.o
 .debug_info    0x0000227d     0x186a build\gcc\obj/ril/src/ril_onenet.o
 .debug_info    0x00003ae7     0x119a build\gcc\obj/ril/src/ril_socket.o
 .debug_info    0x00004c81     0x12e5 build\gcc\obj/ril/src/ril_system.o
 .debug_info    0x00005f66     0x223c build\gcc\obj/ril/src/ril_urc.o
 .debug_info    0x000081a2      0x5a6 build\gcc\obj/ril/src/ril_util.o
 .debug_info    0x00008748     0x1e4b build\gcc\obj/example/example_multitask.o
 .debug_info    0x0000a593      0x99a libs/gcc/app_start.lib(gpio.o)
 .debug_info    0x0000af2d      0x24e libs/gcc/app_start.lib(memory.o)
 .debug_info    0x0000b17b      0x9b2 libs/gcc/app_start.lib(ql_func.o)
 .debug_info    0x0000bb2d      0x6f8 libs/gcc/app_start.lib(ql_main.o)
 .debug_info    0x0000c225      0x19b libs/gcc/app_start.lib(ril_aux.o)
 .debug_info    0x0000c3c0     0x123e libs/gcc/app_start.lib(ril_main.o)
 .debug_info    0x0000d5fe     0x12eb libs/gcc/app_start.lib(stdlib_func.o)
 .debug_info    0x0000e8e9      0x6c8 libs/gcc/app_start.lib(system.o)
 .debug_info    0x0000efb1     0x10b4 libs/gcc/app_start.lib(taskMngt.o)
 .debug_info    0x00010065      0x739 libs/gcc/app_start.lib(timer.o)
 .debug_info    0x0001079e      0xa22 libs/gcc/app_start.lib(uart.o)
 .debug_info    0x000111c0       0x71 libs/gcc/app_start.lib(ocpu_init.o)

.debug_abbrev   0x00000000     0x2926
 .debug_abbrev  0x00000000       0xe8 build\gcc\obj/custom/config/custom_sys_cfg.o
 .debug_abbrev  0x000000e8       0xc2 build\gcc\obj/custom/config/sys_config.o
 .debug_abbrev  0x000001aa      0x178 build\gcc\obj/ril/src/ril_atResponse.o
 .debug_abbrev  0x00000322      0x287 build\gcc\obj/ril/src/ril_lwm2m.o
 .debug_abbrev  0x000005a9      0x1dc build\gcc\obj/ril/src/ril_network.o
 .debug_abbrev  0x00000785      0x2eb build\gcc\obj/ril/src/ril_onenet.o
 .debug_abbrev  0x00000a70      0x27d build\gcc\obj/ril/src/ril_socket.o
 .debug_abbrev  0x00000ced      0x28a build\gcc\obj/ril/src/ril_system.o
 .debug_abbrev  0x00000f77      0x328 build\gcc\obj/ril/src/ril_urc.o
 .debug_abbrev  0x0000129f      0x13e build\gcc\obj/ril/src/ril_util.o
 .debug_abbrev  0x000013dd      0x269 build\gcc\obj/example/example_multitask.o
 .debug_abbrev  0x00001646      0x119 libs/gcc/app_start.lib(gpio.o)
 .debug_abbrev  0x0000175f      0x13f libs/gcc/app_start.lib(memory.o)
 .debug_abbrev  0x0000189e      0x176 libs/gcc/app_start.lib(ql_func.o)
 .debug_abbrev  0x00001a14      0x1c5 libs/gcc/app_start.lib(ql_main.o)
 .debug_abbrev  0x00001bd9      0x10b libs/gcc/app_start.lib(ril_aux.o)
 .debug_abbrev  0x00001ce4      0x3ec libs/gcc/app_start.lib(ril_main.o)
 .debug_abbrev  0x000020d0      0x248 libs/gcc/app_start.lib(stdlib_func.o)
 .debug_abbrev  0x00002318      0x190 libs/gcc/app_start.lib(system.o)
 .debug_abbrev  0x000024a8      0x202 libs/gcc/app_start.lib(taskMngt.o)
 .debug_abbrev  0x000026aa      0x10c libs/gcc/app_start.lib(timer.o)
 .debug_abbrev  0x000027b6      0x15c libs/gcc/app_start.lib(uart.o)
 .debug_abbrev  0x00002912       0x14 libs/gcc/app_start.lib(ocpu_init.o)

.debug_aranges  0x00000000      0x7e0
 .debug_aranges
                0x00000000       0x20 build\gcc\obj/custom/config/custom_sys_cfg.o
 .debug_aranges
                0x00000020       0x18 build\gcc\obj/custom/config/sys_config.o
 .debug_aranges
                0x00000038       0x30 build\gcc\obj/ril/src/ril_atResponse.o
 .debug_aranges
                0x00000068       0xa0 build\gcc\obj/ril/src/ril_lwm2m.o
 .debug_aranges
                0x00000108       0x30 build\gcc\obj/ril/src/ril_network.o
 .debug_aranges
                0x00000138       0xa8 build\gcc\obj/ril/src/ril_onenet.o
 .debug_aranges
                0x000001e0       0x78 build\gcc\obj/ril/src/ril_socket.o
 .debug_aranges
                0x00000258       0x68 build\gcc\obj/ril/src/ril_system.o
 .debug_aranges
                0x000002c0       0x88 build\gcc\obj/ril/src/ril_urc.o
 .debug_aranges
                0x00000348       0x48 build\gcc\obj/ril/src/ril_util.o
 .debug_aranges
                0x00000390       0x98 build\gcc\obj/example/example_multitask.o
 .debug_aranges
                0x00000428       0x50 libs/gcc/app_start.lib(gpio.o)
 .debug_aranges
                0x00000478       0x28 libs/gcc/app_start.lib(memory.o)
 .debug_aranges
                0x000004a0       0x50 libs/gcc/app_start.lib(ql_func.o)
 .debug_aranges
                0x000004f0       0x28 libs/gcc/app_start.lib(ql_main.o)
 .debug_aranges
                0x00000518       0x20 libs/gcc/app_start.lib(ril_aux.o)
 .debug_aranges
                0x00000538       0x58 libs/gcc/app_start.lib(ril_main.o)
 .debug_aranges
                0x00000590       0xc0 libs/gcc/app_start.lib(stdlib_func.o)
 .debug_aranges
                0x00000650       0x38 libs/gcc/app_start.lib(system.o)
 .debug_aranges
                0x00000688       0xb8 libs/gcc/app_start.lib(taskMngt.o)
 .debug_aranges
                0x00000740       0x38 libs/gcc/app_start.lib(timer.o)
 .debug_aranges
                0x00000778       0x48 libs/gcc/app_start.lib(uart.o)
 .debug_aranges
                0x000007c0       0x20 libs/gcc/app_start.lib(ocpu_init.o)

.debug_ranges   0x00000000      0xaf0
 .debug_ranges  0x00000000       0x10 build\gcc\obj/custom/config/custom_sys_cfg.o
 .debug_ranges  0x00000010       0x20 build\gcc\obj/ril/src/ril_atResponse.o
 .debug_ranges  0x00000030       0x90 build\gcc\obj/ril/src/ril_lwm2m.o
 .debug_ranges  0x000000c0       0x20 build\gcc\obj/ril/src/ril_network.o
 .debug_ranges  0x000000e0       0xb0 build\gcc\obj/ril/src/ril_onenet.o
 .debug_ranges  0x00000190       0x80 build\gcc\obj/ril/src/ril_socket.o
 .debug_ranges  0x00000210      0x158 build\gcc\obj/ril/src/ril_system.o
 .debug_ranges  0x00000368       0xa8 build\gcc\obj/ril/src/ril_urc.o
 .debug_ranges  0x00000410       0x38 build\gcc\obj/ril/src/ril_util.o
 .debug_ranges  0x00000448       0x88 build\gcc\obj/example/example_multitask.o
 .debug_ranges  0x000004d0       0xe8 libs/gcc/app_start.lib(gpio.o)
 .debug_ranges  0x000005b8       0x18 libs/gcc/app_start.lib(memory.o)
 .debug_ranges  0x000005d0       0x70 libs/gcc/app_start.lib(ql_func.o)
 .debug_ranges  0x00000640       0x18 libs/gcc/app_start.lib(ql_main.o)
 .debug_ranges  0x00000658       0x10 libs/gcc/app_start.lib(ril_aux.o)
 .debug_ranges  0x00000668       0xb0 libs/gcc/app_start.lib(ril_main.o)
 .debug_ranges  0x00000718      0x110 libs/gcc/app_start.lib(stdlib_func.o)
 .debug_ranges  0x00000828       0x28 libs/gcc/app_start.lib(system.o)
 .debug_ranges  0x00000850      0x168 libs/gcc/app_start.lib(taskMngt.o)
 .debug_ranges  0x000009b8       0x88 libs/gcc/app_start.lib(timer.o)
 .debug_ranges  0x00000a40       0xb0 libs/gcc/app_start.lib(uart.o)

.debug_line     0x00000000     0x25e9
 .debug_line    0x00000000       0x8f build\gcc\obj/custom/config/custom_sys_cfg.o
 .debug_line    0x0000008f       0x7b build\gcc\obj/custom/config/sys_config.o
 .debug_line    0x0000010a       0xc2 build\gcc\obj/ril/src/ril_atResponse.o
 .debug_line    0x000001cc      0x26c build\gcc\obj/ril/src/ril_lwm2m.o
 .debug_line    0x00000438       0xe7 build\gcc\obj/ril/src/ril_network.o
 .debug_line    0x0000051f      0x276 build\gcc\obj/ril/src/ril_onenet.o
 .debug_line    0x00000795      0x20d build\gcc\obj/ril/src/ril_socket.o
 .debug_line    0x000009a2      0x40e build\gcc\obj/ril/src/ril_system.o
 .debug_line    0x00000db0      0x398 build\gcc\obj/ril/src/ril_urc.o
 .debug_line    0x00001148      0x187 build\gcc\obj/ril/src/ril_util.o
 .debug_line    0x000012cf      0x354 build\gcc\obj/example/example_multitask.o
 .debug_line    0x00001623      0x13c libs/gcc/app_start.lib(gpio.o)
 .debug_line    0x0000175f       0xb1 libs/gcc/app_start.lib(memory.o)
 .debug_line    0x00001810      0x12a libs/gcc/app_start.lib(ql_func.o)
 .debug_line    0x0000193a       0xf9 libs/gcc/app_start.lib(ql_main.o)
 .debug_line    0x00001a33       0x75 libs/gcc/app_start.lib(ril_aux.o)
 .debug_line    0x00001aa8      0x2a9 libs/gcc/app_start.lib(ril_main.o)
 .debug_line    0x00001d51      0x2cb libs/gcc/app_start.lib(stdlib_func.o)
 .debug_line    0x0000201c       0xf2 libs/gcc/app_start.lib(system.o)
 .debug_line    0x0000210e      0x27e libs/gcc/app_start.lib(taskMngt.o)
 .debug_line    0x0000238c       0xef libs/gcc/app_start.lib(timer.o)
 .debug_line    0x0000247b      0x11d libs/gcc/app_start.lib(uart.o)
 .debug_line    0x00002598       0x51 libs/gcc/app_start.lib(ocpu_init.o)

.debug_str      0x00000000     0x47c4
 .debug_str     0x00000000      0x584 build\gcc\obj/custom/config/custom_sys_cfg.o
                                0x5b2 (size before relaxing)
 .debug_str     0x00000584      0x1be build\gcc\obj/custom/config/sys_config.o
                                0x50d (size before relaxing)
 .debug_str     0x00000742       0xd0 build\gcc\obj/ril/src/ril_atResponse.o
                                0x2ec (size before relaxing)
 .debug_str     0x00000812      0x3f3 build\gcc\obj/ril/src/ril_lwm2m.o
                                0x661 (size before relaxing)
 .debug_str     0x00000c05      0x141 build\gcc\obj/ril/src/ril_network.o
                                0x408 (size before relaxing)
 .debug_str     0x00000d46      0x6a6 build\gcc\obj/ril/src/ril_onenet.o
                                0xa1c (size before relaxing)
 .debug_str     0x000013ec      0x324 build\gcc\obj/ril/src/ril_socket.o
                                0x69b (size before relaxing)
 .debug_str     0x00001710      0x19e build\gcc\obj/ril/src/ril_system.o
                                0x569 (size before relaxing)
 .debug_str     0x000018ae      0x5b7 build\gcc\obj/ril/src/ril_urc.o
                                0xb0c (size before relaxing)
 .debug_str     0x00001e65       0xae build\gcc\obj/ril/src/ril_util.o
                                0x2d3 (size before relaxing)
 .debug_str     0x00001f13      0x45d build\gcc\obj/example/example_multitask.o
                                0x8c4 (size before relaxing)
 .debug_str     0x00002370     0x1004 libs/gcc/app_start.lib(gpio.o)
                               0x138f (size before relaxing)
 .debug_str     0x00003374       0x71 libs/gcc/app_start.lib(memory.o)
                                0x295 (size before relaxing)
 .debug_str     0x000033e5      0x2d6 libs/gcc/app_start.lib(ql_func.o)
                               0x12eb (size before relaxing)
 .debug_str     0x000036bb      0x1e6 libs/gcc/app_start.lib(ql_main.o)
                                0x779 (size before relaxing)
 .debug_str     0x000038a1       0x48 libs/gcc/app_start.lib(ril_aux.o)
                                0x299 (size before relaxing)
 .debug_str     0x000038e9      0x348 libs/gcc/app_start.lib(ril_main.o)
                               0x14c6 (size before relaxing)
 .debug_str     0x00003c31      0x294 libs/gcc/app_start.lib(stdlib_func.o)
                               0x12db (size before relaxing)
 .debug_str     0x00003ec5       0xdf libs/gcc/app_start.lib(system.o)
                               0x10f1 (size before relaxing)
 .debug_str     0x00003fa4      0x513 libs/gcc/app_start.lib(taskMngt.o)
                               0x15d0 (size before relaxing)
 .debug_str     0x000044b7      0x11f libs/gcc/app_start.lib(timer.o)
                               0x1136 (size before relaxing)
 .debug_str     0x000045d6      0x1ee libs/gcc/app_start.lib(uart.o)
                               0x1354 (size before relaxing)

.comment        0x00000000       0x70
 .comment       0x00000000       0x70 build\gcc\obj/custom/config/custom_sys_cfg.o
                                 0x71 (size before relaxing)
 .comment       0x00000000       0x71 build\gcc\obj/custom/config/sys_config.o
 .comment       0x00000000       0x71 build\gcc\obj/ril/src/ril_atResponse.o
 .comment       0x00000000       0x71 build\gcc\obj/ril/src/ril_lwm2m.o
 .comment       0x00000000       0x71 build\gcc\obj/ril/src/ril_network.o
 .comment       0x00000000       0x71 build\gcc\obj/ril/src/ril_onenet.o
 .comment       0x00000000       0x71 build\gcc\obj/ril/src/ril_socket.o
 .comment       0x00000000       0x71 build\gcc\obj/ril/src/ril_system.o
 .comment       0x00000000       0x71 build\gcc\obj/ril/src/ril_urc.o
 .comment       0x00000000       0x71 build\gcc\obj/ril/src/ril_util.o
 .comment       0x00000000       0x71 build\gcc\obj/example/example_multitask.o
 .comment       0x00000000       0x71 libs/gcc/app_start.lib(gpio.o)
 .comment       0x00000000       0x71 libs/gcc/app_start.lib(memory.o)
 .comment       0x00000000       0x71 libs/gcc/app_start.lib(ql_func.o)
 .comment       0x00000000       0x71 libs/gcc/app_start.lib(ql_main.o)
 .comment       0x00000000       0x71 libs/gcc/app_start.lib(ril_aux.o)
 .comment       0x00000000       0x71 libs/gcc/app_start.lib(ril_main.o)
 .comment       0x00000000       0x71 libs/gcc/app_start.lib(stdlib_func.o)
 .comment       0x00000000       0x71 libs/gcc/app_start.lib(system.o)
 .comment       0x00000000       0x71 libs/gcc/app_start.lib(taskMngt.o)
 .comment       0x00000000       0x71 libs/gcc/app_start.lib(timer.o)
 .comment       0x00000000       0x71 libs/gcc/app_start.lib(uart.o)

.ARM.attributes
                0x00000000       0x37
 .ARM.attributes
                0x00000000       0x39 build\gcc\obj/custom/config/custom_sys_cfg.o
 .ARM.attributes
                0x00000039       0x39 build\gcc\obj/custom/config/sys_config.o
 .ARM.attributes
                0x00000072       0x39 build\gcc\obj/ril/src/ril_atResponse.o
 .ARM.attributes
                0x000000ab       0x39 build\gcc\obj/ril/src/ril_lwm2m.o
 .ARM.attributes
                0x000000e4       0x39 build\gcc\obj/ril/src/ril_network.o
 .ARM.attributes
                0x0000011d       0x39 build\gcc\obj/ril/src/ril_onenet.o
 .ARM.attributes
                0x00000156       0x39 build\gcc\obj/ril/src/ril_socket.o
 .ARM.attributes
                0x0000018f       0x39 build\gcc\obj/ril/src/ril_system.o
 .ARM.attributes
                0x000001c8       0x39 build\gcc\obj/ril/src/ril_urc.o
 .ARM.attributes
                0x00000201       0x39 build\gcc\obj/ril/src/ril_util.o
 .ARM.attributes
                0x0000023a       0x39 build\gcc\obj/example/example_multitask.o
 .ARM.attributes
                0x00000273       0x39 libs/gcc/app_start.lib(gpio.o)
 .ARM.attributes
                0x000002ac       0x39 libs/gcc/app_start.lib(memory.o)
 .ARM.attributes
                0x000002e5       0x39 libs/gcc/app_start.lib(ql_func.o)
 .ARM.attributes
                0x0000031e       0x39 libs/gcc/app_start.lib(ql_main.o)
 .ARM.attributes
                0x00000357       0x39 libs/gcc/app_start.lib(ril_aux.o)
 .ARM.attributes
                0x00000390       0x39 libs/gcc/app_start.lib(ril_main.o)
 .ARM.attributes
                0x000003c9       0x39 libs/gcc/app_start.lib(stdlib_func.o)
 .ARM.attributes
                0x00000402       0x39 libs/gcc/app_start.lib(system.o)
 .ARM.attributes
                0x0000043b       0x39 libs/gcc/app_start.lib(taskMngt.o)
 .ARM.attributes
                0x00000474       0x39 libs/gcc/app_start.lib(timer.o)
 .ARM.attributes
                0x000004ad       0x39 libs/gcc/app_start.lib(uart.o)
 .ARM.attributes
                0x000004e6       0x21 libs/gcc/app_start.lib(ocpu_init.o)
 .ARM.attributes
                0x00000507       0x34 tools\gcc\win\gcc-arm-none-eabi/arm-none-eabi/lib/armv7e-m/fpu/libc.a(lib_a-memset.o)
 .ARM.attributes
                0x0000053b       0x34 tools\gcc\win\gcc-arm-none-eabi/arm-none-eabi/lib/armv7e-m/fpu/libc.a(lib_a-strchr.o)
 .ARM.attributes
                0x0000056f       0x34 tools\gcc\win\gcc-arm-none-eabi/arm-none-eabi/lib/armv7e-m/fpu/libc.a(lib_a-strcpy.o)
 .ARM.attributes
                0x000005a3       0x34 tools\gcc\win\gcc-arm-none-eabi/arm-none-eabi/lib/armv7e-m/fpu/libc.a(lib_a-strlen.o)
 .ARM.attributes
                0x000005d7       0x34 tools\gcc\win\gcc-arm-none-eabi/arm-none-eabi/lib/armv7e-m/fpu/libc.a(lib_a-strncpy.o)
 .ARM.attributes
                0x0000060b       0x34 tools\gcc\win\gcc-arm-none-eabi/arm-none-eabi/lib/armv7e-m/fpu/libc.a(lib_a-strsep.o)
 .ARM.attributes
                0x0000063f       0x34 tools\gcc\win\gcc-arm-none-eabi/arm-none-eabi/lib/armv7e-m/fpu/libc.a(lib_a-strtok.o)
 .ARM.attributes
                0x00000673       0x34 tools\gcc\win\gcc-arm-none-eabi/arm-none-eabi/lib/armv7e-m/fpu/libc.a(lib_a-strtok_r.o)
 .ARM.attributes
                0x000006a7       0x34 tools\gcc\win\gcc-arm-none-eabi/arm-none-eabi/lib/armv7e-m/fpu/libc.a(lib_a-impure.o)

.debug_frame    0x00000000     0x1878
 .debug_frame   0x00000000       0x20 build\gcc\obj/custom/config/custom_sys_cfg.o
 .debug_frame   0x00000020       0x50 build\gcc\obj/ril/src/ril_atResponse.o
 .debug_frame   0x00000070      0x21c build\gcc\obj/ril/src/ril_lwm2m.o
 .debug_frame   0x0000028c       0x6c build\gcc\obj/ril/src/ril_network.o
 .debug_frame   0x000002f8      0x24c build\gcc\obj/ril/src/ril_onenet.o
 .debug_frame   0x00000544      0x198 build\gcc\obj/ril/src/ril_socket.o
 .debug_frame   0x000006dc      0x190 build\gcc\obj/ril/src/ril_system.o
 .debug_frame   0x0000086c      0x200 build\gcc\obj/ril/src/ril_urc.o
 .debug_frame   0x00000a6c       0xcc build\gcc\obj/ril/src/ril_util.o
 .debug_frame   0x00000b38      0x21c build\gcc\obj/example/example_multitask.o
 .debug_frame   0x00000d54       0xd8 libs/gcc/app_start.lib(gpio.o)
 .debug_frame   0x00000e2c       0x48 libs/gcc/app_start.lib(memory.o)
 .debug_frame   0x00000e74       0xd8 libs/gcc/app_start.lib(ql_func.o)
 .debug_frame   0x00000f4c       0x48 libs/gcc/app_start.lib(ql_main.o)
 .debug_frame   0x00000f94       0x30 libs/gcc/app_start.lib(ril_aux.o)
 .debug_frame   0x00000fc4       0xf8 libs/gcc/app_start.lib(ril_main.o)
 .debug_frame   0x000010bc      0x26c libs/gcc/app_start.lib(stdlib_func.o)
 .debug_frame   0x00001328       0x7c libs/gcc/app_start.lib(system.o)
 .debug_frame   0x000013a4      0x240 libs/gcc/app_start.lib(taskMngt.o)
 .debug_frame   0x000015e4       0x8c libs/gcc/app_start.lib(timer.o)
 .debug_frame   0x00001670       0xc8 libs/gcc/app_start.lib(uart.o)
 .debug_frame   0x00001738       0x2c tools\gcc\win\gcc-arm-none-eabi/arm-none-eabi/lib/armv7e-m/fpu/libc.a(lib_a-memset.o)
 .debug_frame   0x00001764       0x2c tools\gcc\win\gcc-arm-none-eabi/arm-none-eabi/lib/armv7e-m/fpu/libc.a(lib_a-strchr.o)
 .debug_frame   0x00001790       0x20 tools\gcc\win\gcc-arm-none-eabi/arm-none-eabi/lib/armv7e-m/fpu/libc.a(lib_a-strcpy.o)
 .debug_frame   0x000017b0       0x20 tools\gcc\win\gcc-arm-none-eabi/arm-none-eabi/lib/armv7e-m/fpu/libc.a(lib_a-strlen.o)
 .debug_frame   0x000017d0       0x2c tools\gcc\win\gcc-arm-none-eabi/arm-none-eabi/lib/armv7e-m/fpu/libc.a(lib_a-strncpy.o)
 .debug_frame   0x000017fc       0x20 tools\gcc\win\gcc-arm-none-eabi/arm-none-eabi/lib/armv7e-m/fpu/libc.a(lib_a-strsep.o)
 .debug_frame   0x0000181c       0x20 tools\gcc\win\gcc-arm-none-eabi/arm-none-eabi/lib/armv7e-m/fpu/libc.a(lib_a-strtok.o)
 .debug_frame   0x0000183c       0x3c tools\gcc\win\gcc-arm-none-eabi/arm-none-eabi/lib/armv7e-m/fpu/libc.a(lib_a-strtok_r.o)

.debug_loc      0x00000000     0x8c59
 .debug_loc     0x00000000      0x134 build\gcc\obj/ril/src/ril_atResponse.o
 .debug_loc     0x00000134      0xc61 build\gcc\obj/ril/src/ril_lwm2m.o
 .debug_loc     0x00000d95      0x270 build\gcc\obj/ril/src/ril_network.o
 .debug_loc     0x00001005      0xdc5 build\gcc\obj/ril/src/ril_onenet.o
 .debug_loc     0x00001dca      0xb50 build\gcc\obj/ril/src/ril_socket.o
 .debug_loc     0x0000291a     0x1359 build\gcc\obj/ril/src/ril_system.o
 .debug_loc     0x00003c73      0xe63 build\gcc\obj/ril/src/ril_urc.o
 .debug_loc     0x00004ad6      0x6fc build\gcc\obj/ril/src/ril_util.o
 .debug_loc     0x000051d2      0xa63 build\gcc\obj/example/example_multitask.o
 .debug_loc     0x00005c35      0x35f libs/gcc/app_start.lib(gpio.o)
 .debug_loc     0x00005f94       0xdf libs/gcc/app_start.lib(memory.o)
 .debug_loc     0x00006073      0x394 libs/gcc/app_start.lib(ql_func.o)
 .debug_loc     0x00006407      0x104 libs/gcc/app_start.lib(ql_main.o)
 .debug_loc     0x0000650b       0x60 libs/gcc/app_start.lib(ril_aux.o)
 .debug_loc     0x0000656b      0x838 libs/gcc/app_start.lib(ril_main.o)
 .debug_loc     0x00006da3      0xd09 libs/gcc/app_start.lib(stdlib_func.o)
 .debug_loc     0x00007aac      0x19a libs/gcc/app_start.lib(system.o)
 .debug_loc     0x00007c46      0x9be libs/gcc/app_start.lib(taskMngt.o)
 .debug_loc     0x00008604      0x2a5 libs/gcc/app_start.lib(timer.o)
 .debug_loc     0x000088a9      0x3b0 libs/gcc/app_start.lib(uart.o)
