Component: ARM Compiler 5.06 update 6 (build 750) Tool: armlink [4d35ed]

==============================================================================

Section Cross References

    partest.o(.text) refers to stm32f10x_gpio.o(.text) for GPIO_Init
    partest.o(.text) refers to tasks.o(.text) for vTaskSuspendAll
    partest.o(.text) refers to partest.o(.data) for usOutputValue
    serial.o(.text) refers to queue.o(.text) for xQueueGenericCreate
    serial.o(.text) refers to stm32f10x_rcc.o(.text) for RCC_APB2PeriphClockCmd
    serial.o(.text) refers to stm32f10x_gpio.o(.text) for GPIO_Init
    serial.o(.text) refers to stm32f10x_usart.o(.text) for USART_Init
    serial.o(.text) refers to stm32f10x_nvic.o(.text) for NVIC_Init
    serial.o(.text) refers to serial.o(.data) for xRxedChars
    timertest.o(.text) refers to stm32f10x_rcc.o(.text) for RCC_APB1PeriphClockCmd
    timertest.o(.text) refers to stm32f10x_tim.o(.text) for TIM_DeInit
    timertest.o(.text) refers to stm32f10x_nvic.o(.text) for NVIC_Init
    timertest.o(.text) refers to timertest.o(.data) for usSettleCount
    main.o(.text) refers to stm32f10x_gpio.o(.text) for GPIO_Init
    main.o(.text) refers to lcd.o(.text) for LCD_Init
    main.o(.text) refers to queue.o(.text) for xQueueGenericReceive
    main.o(.text) refers to printf1.o(i.__0printf$1) for __2printf
    main.o(.text) refers to tasks.o(.text) for xTaskGetTickCount
    main.o(.text) refers to blockq.o(.text) for xAreBlockingQueuesStillRunning
    main.o(.text) refers to blocktim.o(.text) for xAreBlockTimeTestTasksStillRunning
    main.o(.text) refers to semtest.o(.text) for xAreSemaphoreTasksStillRunning
    main.o(.text) refers to pollq.o(.text) for xArePollingQueuesStillRunning
    main.o(.text) refers to death.o(.text) for xIsCreateTaskStillRunning
    main.o(.text) refers to integer.o(.text) for xAreIntegerMathsTaskStillRunning
    main.o(.text) refers to comtest.o(.text) for xAreComTestTasksStillRunning
    main.o(.text) refers to printf1.o(i.__0sprintf$1) for __2sprintf
    main.o(.text) refers to stm32f10x_rcc.o(.text) for RCC_DeInit
    main.o(.text) refers to stm32f10x_nvic.o(.text) for NVIC_SetVectorTable
    main.o(.text) refers to stm32f10x_systick.o(.text) for SysTick_CLKSourceConfig
    main.o(.text) refers to partest.o(.text) for vParTestInitialise
    main.o(.text) refers to flash.o(.text) for vStartLEDFlashTasks
    main.o(.text) refers to timertest.o(.text) for vSetupTimerTest
    main.o(.text) refers to main.o(.constdata) for pcBitmap
    main.o(.text) refers to main.o(.data) for xLCDQueue
    main.o(.text) refers to main.o(.bss) for cPassMessage
    main.o(.text) refers to timertest.o(.data) for usMaxJitter
    spi_flash.o(.text) refers to stm32f10x_gpio.o(.text) for GPIO_WriteBit
    spi_flash.o(.text) refers to stm32f10x_rcc.o(.text) for RCC_APB2PeriphClockCmd
    spi_flash.o(.text) refers to stm32f10x_spi.o(.text) for SPI_Init
    semtest.o(.text) refers to port.o(.text) for vPortEnterCritical
    semtest.o(.text) refers to queue.o(.text) for xQueueGenericReceive
    semtest.o(.text) refers to tasks.o(.text) for vTaskDelay
    semtest.o(.text) refers to heap_2.o(.text) for pvPortMalloc
    semtest.o(.text) refers to semtest.o(.data) for sNextCheckVariable
    blockq.o(.text) refers to queue.o(.text) for xQueueGenericReceive
    blockq.o(.text) refers to heap_2.o(.text) for pvPortMalloc
    blockq.o(.text) refers to tasks.o(.text) for xTaskCreate
    blockq.o(.text) refers to blockq.o(.data) for sBlockingConsumerCount
    blocktim.o(.text) refers to tasks.o(.text) for vTaskSuspend
    blocktim.o(.text) refers to queue.o(.text) for xQueueGenericSend
    blocktim.o(.text) refers to blocktim.o(.data) for xRunIndicator
    comtest.o(.text) refers to serial.o(.text) for xSerialGetChar
    comtest.o(.text) refers to partest.o(.text) for vParTestToggleLED
    comtest.o(.text) refers to tasks.o(.text) for xTaskGetTickCount
    comtest.o(.text) refers to comtest.o(.data) for xPort
    death.o(.text) refers to tasks.o(.text) for vTaskDelay
    death.o(.text) refers to death.o(.data) for xCreatedTask
    flash.o(.text) refers to port.o(.text) for vPortEnterCritical
    flash.o(.text) refers to tasks.o(.text) for xTaskGetTickCount
    flash.o(.text) refers to partest.o(.text) for vParTestToggleLED
    flash.o(.text) refers to flash.o(.data) for uxFlashTaskNumber
    integer.o(.text) refers to port.o(.text) for vPortEnterCritical
    integer.o(.text) refers to tasks.o(.text) for xTaskCreate
    integer.o(.text) refers to integer.o(.data) for xTaskCheck
    pollq.o(.text) refers to queue.o(.text) for xQueueGenericSend
    pollq.o(.text) refers to port.o(.text) for vPortEnterCritical
    pollq.o(.text) refers to tasks.o(.text) for vTaskDelay
    pollq.o(.text) refers to pollq.o(.data) for xPollingProducerCount
    stm32f10x.o(RESET) refers to stm32f10x.o(STACK) for __initial_sp
    stm32f10x.o(RESET) refers to stm32f10x.o(.text) for Reset_Handler
[...]
    printf6.o(i._printf_core) refers to printf6.o(i._printf_post_padding) for _printf_post_padding
    printf7.o(i.__0fprintf$7) refers to printf7.o(i._printf_core) for _printf_core
    printf7.o(i.__0fprintf$7) refers to main.o(.text) for fputc
    printf7.o(i.__0printf$7) refers to printf7.o(i._printf_core) for _printf_core
    printf7.o(i.__0printf$7) refers to main.o(.text) for fputc
    printf7.o(i.__0printf$7) refers to stdout.o(.data) for __stdout
    printf7.o(i.__0snprintf$7) refers to printf7.o(i._printf_core) for _printf_core
    printf7.o(i.__0snprintf$7) refers to printf7.o(i._snputc) for _snputc
    printf7.o(i.__0sprintf$7) refers to printf7.o(i._printf_core) for _printf_core
    printf7.o(i.__0sprintf$7) refers to printf7.o(i._sputc) for _sputc
    printf7.o(i.__0vfprintf$7) refers to printf7.o(i._printf_core) for _printf_core
    printf7.o(i.__0vfprintf$7) refers to main.o(.text) for fputc
    printf7.o(i.__0vprintf$7) refers to printf7.o(i._printf_core) for _printf_core
    printf7.o(i.__0vprintf$7) refers to main.o(.text) for fputc
    printf7.o(i.__0vprintf$7) refers to stdout.o(.data) for __stdout
    printf7.o(i.__0vsnprintf$7) refers to printf7.o(i._printf_core) for _printf_core
    printf7.o(i.__0vsnprintf$7) refers to printf7.o(i._snputc) for _snputc
    printf7.o(i.__0vsprintf$7) refers to printf7.o(i._printf_core) for _printf_core
    printf7.o(i.__0vsprintf$7) refers to printf7.o(i._sputc) for _sputc
    printf7.o(i._printf_core) refers to printf7.o(i._printf_pre_padding) for _printf_pre_padding
    printf7.o(i._printf_core) refers to uldiv.o(.text) for __aeabi_uldivmod
    printf7.o(i._printf_core) refers to printf7.o(i._printf_post_padding) for _printf_post_padding
    printf8.o(i.__0fprintf$8) refers to printf8.o(i._printf_core) for _printf_core
    printf8.o(i.__0fprintf$8) refers to main.o(.text) for fputc
    printf8.o(i.__0printf$8) refers to printf8.o(i._printf_core) for _printf_core
    printf8.o(i.__0printf$8) refers to main.o(.text) for fputc
    printf8.o(i.__0printf$8) refers to stdout.o(.data) for __stdout
    printf8.o(i.__0snprintf$8) refers to printf8.o(i._printf_core) for _printf_core
    printf8.o(i.__0snprintf$8) refers to printf8.o(i._snputc) for _snputc
    printf8.o(i.__0sprintf$8) refers to printf8.o(i._printf_core) for _printf_core
    printf8.o(i.__0sprintf$8) refers to printf8.o(i._sputc) for _sputc
    printf8.o(i.__0vfprintf$8) refers to printf8.o(i._printf_core) for _printf_core
    printf8.o(i.__0vfprintf$8) refers to main.o(.text) for fputc
    printf8.o(i.__0vprintf$8) refers to printf8.o(i._printf_core) for _printf_core
    printf8.o(i.__0vprintf$8) refers to main.o(.text) for fputc
    printf8.o(i.__0vprintf$8) refers to stdout.o(.data) for __stdout
    printf8.o(i.__0vsnprintf$8) refers to printf8.o(i._printf_core) for _printf_core
    printf8.o(i.__0vsnprintf$8) refers to printf8.o(i._snputc) for _snputc
    printf8.o(i.__0vsprintf$8) refers to printf8.o(i._printf_core) for _printf_core
    printf8.o(i.__0vsprintf$8) refers to printf8.o(i._sputc) for _sputc
    printf8.o(i._printf_core) refers to printf8.o(i._printf_pre_padding) for _printf_pre_padding
    printf8.o(i._printf_core) refers to uldiv.o(.text) for __aeabi_uldivmod
    printf8.o(i._printf_core) refers to printf8.o(i._printf_post_padding) for _printf_post_padding
    printfa.o(i.__0fprintf) refers (Special) to iusefp.o(.text) for __I$use$fp
    printfa.o(i.__0fprintf) refers to printfa.o(i._printf_core) for _printf_core
    printfa.o(i.__0fprintf) refers to main.o(.text) for fputc
    printfa.o(i.__0printf) refers (Special) to iusefp.o(.text) for __I$use$fp
    printfa.o(i.__0printf) refers to printfa.o(i._printf_core) for _printf_core
    printfa.o(i.__0printf) refers to main.o(.text) for fputc
    printfa.o(i.__0printf) refers to stdout.o(.data) for __stdout
    printfa.o(i.__0snprintf) refers (Special) to iusefp.o(.text) for __I$use$fp
    printfa.o(i.__0snprintf) refers to printfa.o(i._printf_core) for _printf_core
    printfa.o(i.__0snprintf) refers to printfa.o(i._snputc) for _snputc
    printfa.o(i.__0sprintf) refers (Special) to iusefp.o(.text) for __I$use$fp
    printfa.o(i.__0sprintf) refers to printfa.o(i._printf_core) for _printf_core
    printfa.o(i.__0sprintf) refers to printfa.o(i._sputc) for _sputc
    printfa.o(i.__0vfprintf) refers (Special) to iusefp.o(.text) for __I$use$fp
    printfa.o(i.__0vfprintf) refers to printfa.o(i._printf_core) for _printf_core
    printfa.o(i.__0vfprintf) refers to main.o(.text) for fputc
    printfa.o(i.__0vprintf) refers (Special) to iusefp.o(.text) for __I$use$fp
    printfa.o(i.__0vprintf) refers to printfa.o(i._printf_core) for _printf_core
    printfa.o(i.__0vprintf) refers to main.o(.text) for fputc
    printfa.o(i.__0vprintf) refers to stdout.o(.data) for __stdout
    printfa.o(i.__0vsnprintf) refers (Special) to iusefp.o(.text) for __I$use$fp
    printfa.o(i.__0vsnprintf) refers to printfa.o(i._printf_core) for _printf_core
    printfa.o(i.__0vsnprintf) refers to printfa.o(i._snputc) for _snputc
    printfa.o(i.__0vsprintf) refers (Special) to iusefp.o(.text) for __I$use$fp
    printfa.o(i.__0vsprintf) refers to printfa.o(i._printf_core) for _printf_core
    printfa.o(i.__0vsprintf) refers to printfa.o(i._sputc) for _sputc
    printfa.o(i._fp_digits) refers (Special) to iusefp.o(.text) for __I$use$fp
    printfa.o(i._fp_digits) refers to dmul.o(.text) for __aeabi_dmul
    printfa.o(i._fp_digits) refers to ddiv.o(.text) for __aeabi_ddiv
    printfa.o(i._fp_digits) refers to cdrcmple.o(.text) for __aeabi_cdrcmple
    printfa.o(i._fp_digits) refers to dadd.o(.text) for __aeabi_dadd
    printfa.o(i._fp_digits) refers to dfixul.o(.text) for __aeabi_d2ulz
    printfa.o(i._fp_digits) refers to uldiv.o(.text) for __aeabi_uldivmod
    printfa.o(i._printf_core) refers (Special) to iusefp.o(.text) for __I$use$fp
    printfa.o(i._printf_core) refers to printfa.o(i._printf_pre_padding) for _printf_pre_padding
    printfa.o(i._printf_core) refers to uldiv.o(.text) for __aeabi_uldivmod
    printfa.o(i._printf_core) refers to printfa.o(i._printf_post_padding) for _printf_post_padding
    printfa.o(i._printf_core) refers to printfa.o(i._fp_digits) for _fp_digits
    printfa.o(i._printf_core) refers to uidiv.o(.text) for __aeabi_uidivmod
    printfa.o(i._printf_post_padding) refers (Special) to iusefp.o(.text) for __I$use$fp
    printfa.o(i._printf_pre_padding) refers (Special) to iusefp.o(.text) for __I$use$fp
    printfa.o(i._snputc) refers (Special) to iusefp.o(.text) for __I$use$fp
    printfa.o(i._sputc) refers (Special) to iusefp.o(.text) for __I$use$fp
    entry2.o(.ARM.Collect$$$$00000001) refers to entry2.o(.ARM.Collect$$$$00002712) for __lit__00000000
    entry2.o(.ARM.Collect$$$$00002712) refers to stm32f10x.o(STACK) for __initial_sp
    entry2.o(__vectab_stack_and_reset_area) refers to stm32f10x.o(STACK) for __initial_sp
    entry2.o(__vectab_stack_and_reset_area) refers to entry.o(.ARM.Collect$$$$00000000) for __main
    entry5.o(.ARM.Collect$$$$00000004) refers to init.o(.text) for __scatterload
    entry9a.o(.ARM.Collect$$$$0000000B) refers to main.o(.text) for main
    entry9b.o(.ARM.Collect$$$$0000000C) refers to main.o(.text) for main
    uldiv.o(.text) refers to llushr.o(.text) for __aeabi_llsr
    uldiv.o(.text) refers to llshl.o(.text) for __aeabi_llsl
    dadd.o(.text) refers to llshl.o(.text) for __aeabi_llsl
    dadd.o(.text) refers to llsshr.o(.text) for __aeabi_lasr
    dadd.o(.text) refers to depilogue.o(.text) for _double_epilogue
    dmul.o(.text) refers to depilogue.o(.text) for _double_epilogue
    ddiv.o(.text) refers to depilogue.o(.text) for _double_round
    dfixul.o(.text) refers to llushr.o(.text) for __aeabi_llsr
    dfixul.o(.text) refers to llshl.o(.text) for __aeabi_llsl
    init.o(.text) refers to entry5.o(.ARM.Collect$$$$00000004) for __main_after_scatterload
    depilogue.o(.text) refers to llshl.o(.text) for __aeabi_llsl
    depilogue.o(.text) refers to llushr.o(.text) for __aeabi_llsr


==============================================================================

Removing Unused input sections from the image.

    Removing stm32f10x.o(HEAP), (0 bytes).
    Removing dadd.o(.text), (334 bytes).
    Removing dmul.o(.text), (228 bytes).
    Removing ddiv.o(.text), (222 bytes).
    Removing dfixul.o(.text), (48 bytes).
    Removing cdrcmple.o(.text), (48 bytes).
    Removing depilogue.o(.text), (186 bytes).

7 unused section(s) (total 1066 bytes) removed from the image.

==============================================================================

Image Symbol Table

    Local Symbols

    Symbol Name                              Value     Ov Type        Size  Object(Section)

    ../clib/microlib/division.c              0x00000000   Number         0  uldiv.o ABSOLUTE
    ../clib/microlib/division.c              0x00000000   Number         0  uidiv.o ABSOLUTE
    ../clib/microlib/init/entry.s            0x00000000   Number         0  entry8b.o ABSOLUTE
    ../clib/microlib/init/entry.s            0x00000000   Number         0  entry7a.o ABSOLUTE
    ../clib/microlib/init/entry.s            0x00000000   Number         0  entry11a.o ABSOLUTE
    ../clib/microlib/init/entry.s            0x00000000   Number         0  entry7b.o ABSOLUTE
    ../clib/microlib/init/entry.s            0x00000000   Number         0  entry5.o ABSOLUTE
    ../clib/microlib/init/entry.s            0x00000000   Number         0  entry9a.o ABSOLUTE
    ../clib/microlib/init/entry.s            0x00000000   Number         0  entry11b.o ABSOLUTE
    ../clib/microlib/init/entry.s            0x00000000   Number         0  entry9b.o ABSOLUTE
    ../clib/microlib/init/entry.s            0x00000000   Number         0  entry.o ABSOLUTE
    ../clib/microlib/init/entry.s            0x00000000   Number         0  entry8a.o ABSOLUTE
    ../clib/microlib/init/entry.s            0x00000000   Number         0  entry10a.o ABSOLUTE
    ../clib/microlib/init/entry.s            0x00000000   Number         0  entry10b.o ABSOLUTE
    ../clib/microlib/init/entry.s            0x00000000   Number         0  entry2.o ABSOLUTE
    ../clib/microlib/longlong.c              0x00000000   Number         0  llsshr.o ABSOLUTE
    ../clib/microlib/longlong.c              0x00000000   Number         0  llshl.o ABSOLUTE
    ../clib/microlib/longlong.c              0x00000000   Number         0  llushr.o ABSOLUTE
    ../clib/microlib/printf/printf.c         0x00000000   Number         0  printf7.o ABSOLUTE
    ../clib/microlib/printf/printf.c         0x00000000   Number         0  printf6.o ABSOLUTE
    ../clib/microlib/printf/printf.c         0x00000000   Number         0  printf8.o ABSOLUTE
    ../clib/microlib/printf/printf.c         0x00000000   Number         0  printf4.o ABSOLUTE
    ../clib/microlib/printf/printf.c         0x00000000   Number         0  printf3.o ABSOLUTE
    ../clib/microlib/printf/printf.c         0x00000000   Number         0  printf2.o ABSOLUTE
    ../clib/microlib/printf/printf.c         0x00000000   Number         0  printf1.o ABSOLUTE
    ../clib/microlib/printf/printf.c         0x00000000   Number         0  printf0.o ABSOLUTE
    ../clib/microlib/printf/printf.c         0x00000000   Number         0  printf5.o ABSOLUTE
    ../clib/microlib/printf/printf.c         0x00000000   Number         0  printfb.o ABSOLUTE
    ../clib/microlib/printf/printf.c         0x00000000   Number         0  printfa.o ABSOLUTE
    ../clib/microlib/printf/stubs.s          0x00000000   Number         0  stubs.o ABSOLUTE
    ../clib/microlib/stdio/streams.c         0x00000000   Number         0  stdout.o ABSOLUTE
    ../clib/microlib/string/memcpy.c         0x00000000   Number         0  memcpyb.o ABSOLUTE
    ../clib/microlib/string/memcpy.c         0x00000000   Number         0  memcpya.o ABSOLUTE
    ../clib/microlib/stubs.s                 0x00000000   Number         0  iusefp.o ABSOLUTE
    ../fplib/microlib/fpadd.c                0x00000000   Number         0  dadd.o ABSOLUTE
    ../fplib/microlib/fpdiv.c                0x00000000   Number         0  ddiv.o ABSOLUTE
    ../fplib/microlib/fpepilogue.c           0x00000000   Number         0  depilogue.o ABSOLUTE
    ../fplib/microlib/fpfix.c                0x00000000   Number         0  dfixul.o ABSOLUTE
    ../fplib/microlib/fpmul.c                0x00000000   Number         0  dmul.o ABSOLUTE
    ..\Common\Minimal\BlockQ.c               0x00000000   Number         0  blockq.o ABSOLUTE
    ..\Common\Minimal\PollQ.c                0x00000000   Number         0  pollq.o ABSOLUTE
    ..\Common\Minimal\blocktim.c             0x00000000   Number         0  blocktim.o ABSOLUTE
    ..\Common\Minimal\comtest.c              0x00000000   Number         0  comtest.o ABSOLUTE
    ..\Common\Minimal\death.c                0x00000000   Number         0  death.o ABSOLUTE
    ..\Common\Minimal\flash.c                0x00000000   Number         0  flash.o ABSOLUTE
    ..\Common\Minimal\integer.c              0x00000000   Number         0  integer.o ABSOLUTE
    ..\Common\Minimal\semtest.c              0x00000000   Number         0  semtest.o ABSOLUTE
    ..\Common\drivers\ST\STM32F10xFWLib\src\cortexm3_macro_rvds.s 0x00000000   Number         0  cortexm3_macro_rvds.o ABSOLUTE
    ..\Common\drivers\ST\STM32F10xFWLib\src\lcd.c 0x00000000   Number         0  lcd.o ABSOLUTE
    ..\Driver\LED\Led.c                      0x00000000   Number         0  led.o ABSOLUTE
    ..\Source\list.c                         0x00000000   Number         0  list.o ABSOLUTE
    ..\Source\portable\MemMang\heap_2.c      0x00000000   Number         0  heap_2.o ABSOLUTE
    ..\Source\portable\RVDS\ARM_CM3\port.c   0x00000000   Number         0  port.o ABSOLUTE
    ..\Source\queue.c                        0x00000000   Number         0  queue.o ABSOLUTE
    ..\Source\tasks.c                        0x00000000   Number         0  tasks.o ABSOLUTE
    ..\\Source\\portable\\RVDS\\ARM_CM3\\port.c 0x00000000   Number         0  port.o ABSOLUTE
    ParTest\ParTest.c                        0x00000000   Number         0  partest.o ABSOLUTE
    STM32F10x.s                              0x00000000   Number         0  stm32f10x.o ABSOLUTE
    STM32F10xFWLib\src\stm32f10x_gpio.c      0x00000000   Number         0  stm32f10x_gpio.o ABSOLUTE
    STM32F10xFWLib\src\stm32f10x_lib.c       0x00000000   Number         0  stm32f10x_lib.o ABSOLUTE
    STM32F10xFWLib\src\stm32f10x_nvic.c      0x00000000   Number         0  stm32f10x_nvic.o ABSOLUTE
    STM32F10xFWLib\src\stm32f10x_rcc.c       0x00000000   Number         0  stm32f10x_rcc.o ABSOLUTE
    STM32F10xFWLib\src\stm32f10x_spi.c       0x00000000   Number         0  stm32f10x_spi.o ABSOLUTE
    STM32F10xFWLib\src\stm32f10x_systick.c   0x00000000   Number         0  stm32f10x_systick.o ABSOLUTE
    STM32F10xFWLib\src\stm32f10x_tim.c       0x00000000   Number         0  stm32f10x_tim.o ABSOLUTE
    STM32F10xFWLib\src\stm32f10x_usart.c     0x00000000   Number         0  stm32f10x_usart.o ABSOLUTE
    cdrcmple.s                               0x00000000   Number         0  cdrcmple.o ABSOLUTE
    dc.s                                     0x00000000   Number         0  dc.o ABSOLUTE
    handlers.s                               0x00000000   Number         0  handlers.o ABSOLUTE
    init.s                                   0x00000000   Number         0  init.o ABSOLUTE
    main.c                                   0x00000000   Number         0  main.o ABSOLUTE
    serial\serial.c                          0x00000000   Number         0  serial.o ABSOLUTE
    spi_flash.c                              0x00000000   Number         0  spi_flash.o ABSOLUTE
    timertest.c                              0x00000000   Number         0  timertest.o ABSOLUTE
    RESET                                    0x08000000   Section      236  stm32f10x.o(RESET)
    .ARM.Collect$$$$00000000                 0x080000ec   Section        0  entry.o(.ARM.Collect$$$$00000000)
    .ARM.Collect$$$$00000001                 0x080000ec   Section        4  entry2.o(.ARM.Collect$$$$00000001)
    .ARM.Collect$$$$00000004                 0x080000f0   Section        4  entry5.o(.ARM.Collect$$$$00000004)
    .ARM.Collect$$$$00000008                 0x080000f4   Section        0  entry7b.o(.ARM.Collect$$$$00000008)
    .ARM.Collect$$$$0000000A                 0x080000f4   Section        0  entry8b.o(.ARM.Collect$$$$0000000A)
    .ARM.Collect$$$$0000000B                 0x080000f4   Section        8  entry9a.o(.ARM.Collect$$$$0000000B)
    .ARM.Collect$$$$0000000D                 0x080000fc   Section        0  entry10a.o(.ARM.Collect$$$$0000000D)
    .ARM.Collect$$$$0000000F                 0x080000fc   Section        0  entry11a.o(.ARM.Collect$$$$0000000F)
    .ARM.Collect$$$$00002712                 0x080000fc   Section        4  entry2.o(.ARM.Collect$$$$00002712)
    __lit__00000000                          0x080000fc   Data           4  entry2.o(.ARM.Collect$$$$00002712)
    .emb_text                                0x08000100   Section      150  port.o(.emb_text)
    .text                                    0x08000198   Section        0  partest.o(.text)
    .text                                    0x08000244   Section        0  serial.o(.text)
    .text                                    0x0800042c   Section        0  timertest.o(.text)
    .text                                    0x08000524   Section        0  main.o(.text)
    prvConfigureLCD                          0x08000525   Thumb Code    66  main.o(.text)
    vLCDTask                                 0x08000567   Thumb Code    42  main.o(.text)
    vCheckTask                               0x08000591   Thumb Code   158  main.o(.text)
    prvSetupHardware                         0x0800062f   Thumb Code   142  main.o(.text)
    .text                                    0x08000894   Section        0  spi_flash.o(.text)
    .text                                    0x08000c68   Section        0  semtest.o(.text)
    prvSemaphoreTest                         0x08000c69   Thumb Code   190  semtest.o(.text)
    .text                                    0x08000e4c   Section        0  blockq.o(.text)
    vBlockingQueueConsumer                   0x08000e4d   Thumb Code    64  blockq.o(.text)
    vBlockingQueueProducer                   0x08000e8d   Thumb Code    60  blockq.o(.text)
    .text                                    0x08001094   Section        0  blocktim.o(.text)
    vSecondaryBlockTimeTestTask              0x08001095   Thumb Code   164  blocktim.o(.text)
    prvBasicDelayTests                       0x08001139   Thumb Code   128  blocktim.o(.text)
    vPrimaryBlockTimeTestTask                0x080011b9   Thumb Code   622  blocktim.o(.text)
    .text                                    0x080014d8   Section        0  comtest.o(.text)
    vComRxTask                               0x080014d9   Thumb Code   124  comtest.o(.text)
    vComTxTask                               0x08001555   Thumb Code    78  comtest.o(.text)
    .text                                    0x08001618   Section        0  death.o(.text)
    vSuicidalTask                            0x08001619   Thumb Code    62  death.o(.text)
    vCreateTasks                             0x08001657   Thumb Code    76  death.o(.text)
    .text                                    0x08001748   Section        0  flash.o(.text)
    vLEDFlashTask                            0x08001749   Thumb Code    76  flash.o(.text)
    .text                                    0x080017c8   Section        0  integer.o(.text)
    vCompeteingIntMathTask                   0x080017c9   Thumb Code    70  integer.o(.text)
    .text                                    0x0800186c   Section        0  pollq.o(.text)
    vPolledQueueProducer                     0x0800186d   Thumb Code    80  pollq.o(.text)
    vPolledQueueConsumer                     0x080018bd   Thumb Code    86  pollq.o(.text)
    .text                                    0x08001994   Section       28  stm32f10x.o(.text)
    .text                                    0x080019b0   Section        0  lcd.o(.text)
    StrLength                                0x08001f01   Thumb Code    20  lcd.o(.text)
    .text                                    0x080024f0   Section      110  cortexm3_macro_rvds.o(.text)
    .text                                    0x08002560   Section        0  stm32f10x_usart.o(.text)
    .text                                    0x08002884   Section        0  stm32f10x_gpio.o(.text)
    .text                                    0x08002b64   Section        0  stm32f10x_nvic.o(.text)
    .text                                    0x08002f44   Section        0  stm32f10x_rcc.o(.text)
    .text                                    0x080032c0   Section        0  stm32f10x_spi.o(.text)
    .text                                    0x080034d4   Section        0  stm32f10x_systick.o(.text)
    .text                                    0x08003598   Section        0  stm32f10x_tim.o(.text)
    TI1_Config                               0x080036f3   Thumb Code    56  stm32f10x_tim.o(.text)
    TI2_Config                               0x08003745   Thumb Code    80  stm32f10x_tim.o(.text)
    PWMI_Config                              0x08003795   Thumb Code   124  stm32f10x_tim.o(.text)
    TI4_Config                               0x0800382b   Thumb Code    82  stm32f10x_tim.o(.text)
    TI3_Config                               0x0800388f   Thumb Code    66  stm32f10x_tim.o(.text)
    ETR_Config                               0x08003a55   Thumb Code    26  stm32f10x_tim.o(.text)
    .text                                    0x08003dfc   Section        0  list.o(.text)
    .text                                    0x08003e90   Section        0  queue.o(.text)
    prvInitialiseNewQueue                    0x08003f0b   Thumb Code    38  queue.o(.text)
    prvUnlockQueue                           0x08003f69   Thumb Code   126  queue.o(.text)
    prvIsQueueFull                           0x08003fe7   Thumb Code    30  queue.o(.text)
    prvCopyDataToQueue                       0x08004005   Thumb Code   106  queue.o(.text)
    prvIsQueueEmpty                          0x08004281   Thumb Code    26  queue.o(.text)
    prvCopyDataFromQueue                     0x0800429b   Thumb Code    46  queue.o(.text)
    .text                                    0x08004530   Section        0  tasks.o(.text)
    prvInitialiseTaskLists                   0x08004531   Thumb Code    70  tasks.o(.text)
    prvAddNewTaskToReadyList                 0x08004577   Thumb Code   150  tasks.o(.text)
    prvInitialiseNewTask                     0x0800460d   Thumb Code   128  tasks.o(.text)
    prvResetNextTaskUnblockTime              0x080046ed   Thumb Code    42  tasks.o(.text)
    prvDeleteTCB                             0x08004717   Thumb Code    18  tasks.o(.text)
    prvAddCurrentTaskToDelayedList           0x080049d9   Thumb Code   124  tasks.o(.text)
    prvTaskIsTaskSuspended                   0x08004d0f   Thumb Code    56  tasks.o(.text)
    prvCheckTasksWaitingTermination          0x08004e73   Thumb Code    86  tasks.o(.text)
    prvIdleTask                              0x08004ec9   Thumb Code    32  tasks.o(.text)
    .text                                    0x080054d0   Section        0  port.o(.text)
    prvTaskExitError                         0x080054d1   Thumb Code    22  port.o(.text)
    .text                                    0x080055b8   Section        0  heap_2.o(.text)
    prvHeapInit                              0x080055b9   Thumb Code    42  heap_2.o(.text)
    .text                                    0x080056dc   Section        0  memcpya.o(.text)
    .text                                    0x08005700   Section        0  uidiv.o(.text)
    .text                                    0x0800572c   Section       36  init.o(.text)
    i.__0printf$1                            0x08005750   Section        0  printf1.o(i.__0printf$1)
    i.__0sprintf$1                           0x08005770   Section        0  printf1.o(i.__0sprintf$1)
    i.__scatterload_copy                     0x08005798   Section       14  handlers.o(i.__scatterload_copy)
    i.__scatterload_null                     0x080057a6   Section        2  handlers.o(i.__scatterload_null)
    i.__scatterload_zeroinit                 0x080057a8   Section       14  handlers.o(i.__scatterload_zeroinit)
    i._printf_core                           0x080057b8   Section        0  printf1.o(i._printf_core)
    _printf_core                             0x080057b9   Thumb Code   336  printf1.o(i._printf_core)
    i._sputc                                 0x0800590c   Section        0  printf1.o(i._sputc)
    _sputc                                   0x0800590d   Thumb Code    10  printf1.o(i._sputc)
    .constdata                               0x08005916   Section     9663  main.o(.constdata)
    .constdata                               0x08007ed6   Section     4560  lcd.o(.constdata)
    .constdata                               0x080090a6   Section       20  stm32f10x_rcc.o(.constdata)
    APBAHBPrescTable                         0x080090a6   Data          16  stm32f10x_rcc.o(.constdata)
    ADCPrescTable                            0x080090b6   Data           4  stm32f10x_rcc.o(.constdata)
    .constdata                               0x080090ba   Section       16  stm32f10x_tim.o(.constdata)
    Tab_OCModeMask                           0x080090ba   Data           8  stm32f10x_tim.o(.constdata)
    Tab_PolarityMask                         0x080090c2   Data           8  stm32f10x_tim.o(.constdata)
    .data                                    0x20000000   Section        2  partest.o(.data)
    usOutputValue                            0x20000000   Data           2  partest.o(.data)
    .data                                    0x20000004   Section        8  serial.o(.data)
    xRxedChars                               0x20000004   Data           4  serial.o(.data)
    xCharsForTx                              0x20000008   Data           4  serial.o(.data)
    .data                                    0x2000000c   Section        8  timertest.o(.data)
    usLastCount                              0x2000000e   Data           2  timertest.o(.data)
    usSettleCount                            0x20000010   Data           2  timertest.o(.data)
    usMaxDifference                          0x20000012   Data           2  timertest.o(.data)
    .data                                    0x20000014   Section        9  main.o(.data)
    usColumn                                 0x20000018   Data           2  main.o(.data)
    usRefColumn                              0x2000001a   Data           2  main.o(.data)
    ucLine                                   0x2000001c   Data           1  main.o(.data)
    .data                                    0x2000001e   Section       18  semtest.o(.data)
    sCheckVariables                          0x2000001e   Data           8  semtest.o(.data)
    sNextCheckVariable                       0x20000026   Data           2  semtest.o(.data)
    sLastCheckVariables                      0x20000028   Data           8  semtest.o(.data)
    .data                                    0x20000030   Section       24  blockq.o(.data)
    sBlockingConsumerCount                   0x20000030   Data           6  blockq.o(.data)
    sBlockingProducerCount                   0x20000036   Data           6  blockq.o(.data)
    sLastBlockingConsumerCount               0x2000003c   Data           6  blockq.o(.data)
    sLastBlockingProducerCount               0x20000042   Data           6  blockq.o(.data)
    .data                                    0x20000048   Section       32  blocktim.o(.data)
    xTestQueue                               0x20000048   Data           4  blocktim.o(.data)
    xSecondary                               0x2000004c   Data           4  blocktim.o(.data)
    xPrimaryCycles                           0x20000050   Data           4  blocktim.o(.data)
    xSecondaryCycles                         0x20000054   Data           4  blocktim.o(.data)
    xErrorOccurred                           0x20000058   Data           4  blocktim.o(.data)
    xRunIndicator                            0x2000005c   Data           4  blocktim.o(.data)
    xLastPrimaryCycleCount                   0x20000060   Data           4  blocktim.o(.data)
    xLastSecondaryCycleCount                 0x20000064   Data           4  blocktim.o(.data)
    .data                                    0x20000068   Section       12  comtest.o(.data)
    xPort                                    0x20000068   Data           4  comtest.o(.data)
    uxBaseLED                                0x2000006c   Data           4  comtest.o(.data)
    uxRxLoops                                0x20000070   Data           4  comtest.o(.data)
    .data                                    0x20000074   Section       20  death.o(.data)
    usCreationCount                          0x20000074   Data           2  death.o(.data)
    uxTasksRunningAtStart                    0x20000078   Data           4  death.o(.data)
    usLastCreationCount                      0x20000080   Data           2  death.o(.data)
    uxTasksRunningNow                        0x20000084   Data           4  death.o(.data)
    .data                                    0x20000088   Section        4  flash.o(.data)
    uxFlashTaskNumber                        0x20000088   Data           4  flash.o(.data)
    .data                                    0x2000008c   Section        4  integer.o(.data)
    xTaskCheck                               0x2000008c   Data           4  integer.o(.data)
    .data                                    0x20000090   Section       12  pollq.o(.data)
    xPollingConsumerCount                    0x20000090   Data           4  pollq.o(.data)
    xPollingProducerCount                    0x20000094   Data           4  pollq.o(.data)
    xPolledQueue                             0x20000098   Data           4  pollq.o(.data)
    .data                                    0x2000009c   Section        4  lcd.o(.data)
    TextColor                                0x2000009c   Data           2  lcd.o(.data)
    BackColor                                0x2000009e   Data           2  lcd.o(.data)
    .data                                    0x200000a0   Section       60  tasks.o(.data)
    pxDelayedTaskList                        0x200000a4   Data           4  tasks.o(.data)
    pxOverflowDelayedTaskList                0x200000a8   Data           4  tasks.o(.data)
    uxDeletedTasksWaitingCleanUp             0x200000ac   Data           4  tasks.o(.data)
    uxCurrentNumberOfTasks                   0x200000b0   Data           4  tasks.o(.data)
    xTickCount                               0x200000b4   Data           4  tasks.o(.data)
    uxTopReadyPriority                       0x200000b8   Data           4  tasks.o(.data)
    xSchedulerRunning                        0x200000bc   Data           4  tasks.o(.data)
    uxPendedTicks                            0x200000c0   Data           4  tasks.o(.data)
    xYieldPending                            0x200000c4   Data           4  tasks.o(.data)
    xNumOfOverflows                          0x200000c8   Data           4  tasks.o(.data)
    uxTaskNumber                             0x200000cc   Data           4  tasks.o(.data)
    xNextTaskUnblockTime                     0x200000d0   Data           4  tasks.o(.data)
    xIdleTaskHandle                          0x200000d4   Data           4  tasks.o(.data)
    uxSchedulerSuspended                     0x200000d8   Data           4  tasks.o(.data)
    .data                                    0x200000dc   Section        4  port.o(.data)
    uxCriticalNesting                        0x200000dc   Data           4  port.o(.data)
    .data                                    0x200000e0   Section       24  heap_2.o(.data)
    xStart                                   0x200000e0   Data           8  heap_2.o(.data)
    xEnd                                     0x200000e8   Data           8  heap_2.o(.data)
    xFreeBytesRemaining                      0x200000f0   Data           4  heap_2.o(.data)
    xHeapHasBeenInitialised                  0x200000f4   Data           4  heap_2.o(.data)
    .data                                    0x200000f8   Section        4  stdout.o(.data)
    .bss                                     0x200000fc   Section       25  main.o(.bss)
    cPassMessage                             0x200000fc   Data          25  main.o(.bss)
    .bss                                     0x20000118   Section      200  tasks.o(.bss)
    pxReadyTasksLists                        0x20000118   Data         100  tasks.o(.bss)
    xDelayedTaskList1                        0x2000017c   Data          20  tasks.o(.bss)
    xDelayedTaskList2                        0x20000190   Data          20  tasks.o(.bss)
    xPendingReadyList                        0x200001a4   Data          20  tasks.o(.bss)
    xTasksWaitingTermination                 0x200001b8   Data          20  tasks.o(.bss)
    xSuspendedTaskList                       0x200001cc   Data          20  tasks.o(.bss)
    .bss                                     0x200001e0   Section    17408  heap_2.o(.bss)
    ucHeap                                   0x200001e0   Data       17408  heap_2.o(.bss)
    STACK                                    0x200045e0   Section      512  stm32f10x.o(STACK)

    Global Symbols

    Symbol Name                              Value     Ov Type        Size  Object(Section)

    BuildAttributes$$THM_ISAv4$P$D$K$B$S$PE$A:L22UL41UL21$X:L11$S22US41US21$IEEE1$IW$USESV6$~STKCKD$USESV7$~SHL$OSPACE$ROPI$EBA8$MICROLIB$REQ8$PRES8$EABIv2 0x00000000   Number         0  anon$$obj.o ABSOLUTE
    __ARM_use_no_argv                        0x00000000   Number         0  main.o ABSOLUTE
    _printf_a                                0x00000000   Number         0  stubs.o ABSOLUTE
    _printf_c                                0x00000000   Number         0  stubs.o ABSOLUTE
    _printf_charcount                        0x00000000   Number         0  stubs.o ABSOLUTE
    _printf_d                                0x00000000   Number         0  stubs.o ABSOLUTE
    _printf_e                                0x00000000   Number         0  stubs.o ABSOLUTE
    _printf_f                                0x00000000   Number         0  stubs.o ABSOLUTE
    _printf_flags                            0x00000000   Number         0  stubs.o ABSOLUTE
    _printf_fp_dec                           0x00000000   Number         0  stubs.o ABSOLUTE
    _printf_fp_hex                           0x00000000   Number         0  stubs.o ABSOLUTE
    _printf_g                                0x00000000   Number         0  stubs.o ABSOLUTE
    _printf_i                                0x00000000   Number         0  stubs.o ABSOLUTE
    _printf_int_dec                          0x00000000   Number         0  stubs.o ABSOLUTE
    _printf_l                                0x00000000   Number         0  stubs.o ABSOLUTE
    _printf_lc                               0x00000000   Number         0  stubs.o ABSOLUTE
    _printf_ll                               0x00000000   Number         0  stubs.o ABSOLUTE
    _printf_lld                              0x00000000   Number         0  stubs.o ABSOLUTE
    _printf_lli                              0x00000000   Number         0  stubs.o ABSOLUTE
    _printf_llo                              0x00000000   Number         0  stubs.o ABSOLUTE
    _printf_llu                              0x00000000   Number         0  stubs.o ABSOLUTE
    _printf_llx                              0x00000000   Number         0  stubs.o ABSOLUTE
    _printf_longlong_dec                     0x00000000   Number         0  stubs.o ABSOLUTE
    _printf_longlong_hex                     0x00000000   Number         0  stubs.o ABSOLUTE
    _printf_longlong_oct                     0x00000000   Number         0  stubs.o ABSOLUTE
    _printf_ls                               0x00000000   Number         0  stubs.o ABSOLUTE
    _printf_mbtowc                           0x00000000   Number         0  stubs.o ABSOLUTE
    _printf_n                                0x00000000   Number         0  stubs.o ABSOLUTE
    _printf_o                                0x00000000   Number         0  stubs.o ABSOLUTE
    _printf_p                                0x00000000   Number         0  stubs.o ABSOLUTE
    _printf_percent                          0x00000000   Number         0  stubs.o ABSOLUTE
    _printf_pre_padding                      0x00000000   Number         0  stubs.o ABSOLUTE
    _printf_return_value                     0x00000000   Number         0  stubs.o ABSOLUTE
    _printf_s                                0x00000000   Number         0  stubs.o ABSOLUTE
    _printf_sizespec                         0x00000000   Number         0  stubs.o ABSOLUTE
    _printf_str                              0x00000000   Number         0  stubs.o ABSOLUTE
    _printf_truncate_signed                  0x00000000   Number         0  stubs.o ABSOLUTE
    _printf_truncate_unsigned                0x00000000   Number         0  stubs.o ABSOLUTE
    _printf_u                                0x00000000   Number         0  stubs.o ABSOLUTE
    _printf_wc                               0x00000000   Number         0  stubs.o ABSOLUTE
    _printf_wctomb                           0x00000000   Number         0  stubs.o ABSOLUTE
    _printf_widthprec                        0x00000000   Number         0  stubs.o ABSOLUTE
    _printf_x                                0x00000000   Number         0  stubs.o ABSOLUTE
    __cpp_initialize__aeabi_                  - Undefined Weak Reference
    __cxa_finalize                            - Undefined Weak Reference
    __decompress                              - Undefined Weak Reference
    _clock_init                               - Undefined Weak Reference
    _microlib_exit                            - Undefined Weak Reference
    __Vectors                                0x08000000   Data           4  stm32f10x.o(RESET)
    __main                                   0x080000ed   Thumb Code     0  entry.o(.ARM.Collect$$$$00000000)
    _main_stk                                0x080000ed   Thumb Code     0  entry2.o(.ARM.Collect$$$$00000001)
    _main_scatterload                        0x080000f1   Thumb Code     0  entry5.o(.ARM.Collect$$$$00000004)
    __main_after_scatterload                 0x080000f5   Thumb Code     0  entry5.o(.ARM.Collect$$$$00000004)
    _main_clock                              0x080000f5   Thumb Code     0  entry7b.o(.ARM.Collect$$$$00000008)
    _main_cpp_init                           0x080000f5   Thumb Code     0  entry8b.o(.ARM.Collect$$$$0000000A)
    _main_init                               0x080000f5   Thumb Code     0  entry9a.o(.ARM.Collect$$$$0000000B)
    __rt_final_cpp                           0x080000fd   Thumb Code     0  entry10a.o(.ARM.Collect$$$$0000000D)
    __rt_final_exit                          0x080000fd   Thumb Code     0  entry11a.o(.ARM.Collect$$$$0000000F)
    vPortSVCHandler                          0x08000101   Thumb Code    32  port.o(.emb_text)
    __asm___6_port_c_39a90d8d__prvStartFirstTask 0x08000125   Thumb Code    28  port.o(.emb_text)
    xPortPendSVHandler                       0x08000145   Thumb Code    72  port.o(.emb_text)
    vPortGetIPSR                             0x08000191   Thumb Code     6  port.o(.emb_text)
    vParTestInitialise                       0x08000199   Thumb Code    32  partest.o(.text)
    vParTestSetLED                           0x080001b9   Thumb Code    66  partest.o(.text)
    vParTestToggleLED                        0x080001fb   Thumb Code    64  partest.o(.text)
    xSerialPortInitMinimal                   0x08000245   Thumb Code   230  serial.o(.text)
    xSerialGetChar                           0x0800032b   Thumb Code    32  serial.o(.text)
    xSerialPutChar                           0x0800034b   Thumb Code    46  serial.o(.text)
    vSerialPutString                         0x08000379   Thumb Code    38  serial.o(.text)
    vSerialClose                             0x0800039f   Thumb Code     2  serial.o(.text)
    vUARTInterruptHandler                    0x080003a1   Thumb Code   120  serial.o(.text)
    vSetupTimerTest                          0x0800042d   Thumb Code   156  timertest.o(.text)
    vTimer2IntHandler                        0x080004c9   Thumb Code    72  timertest.o(.text)
    main                                     0x080006bd   Thumb Code   122  main.o(.text)
    fputc                                    0x08000737   Thumb Code   136  main.o(.text)
    SPI_FLASH_ChipSelect                     0x08000895   Thumb Code    16  spi_flash.o(.text)
    SPI_FLASH_Init                           0x080008a5   Thumb Code   148  spi_flash.o(.text)
    SPI_FLASH_SendByte                       0x08000939   Thumb Code    50  spi_flash.o(.text)
    SPI_FLASH_WaitForWriteEnd                0x0800096b   Thumb Code    42  spi_flash.o(.text)
    SPI_FLASH_WriteEnable                    0x08000995   Thumb Code    22  spi_flash.o(.text)
    SPI_FLASH_SectorErase                    0x080009ab   Thumb Code    54  spi_flash.o(.text)
    SPI_FLASH_BulkErase                      0x080009e1   Thumb Code    30  spi_flash.o(.text)
    SPI_FLASH_PageWrite                      0x080009ff   Thumb Code    78  spi_flash.o(.text)
    SPI_FLASH_BufferWrite                    0x08000a4d   Thumb Code   290  spi_flash.o(.text)
    SPI_FLASH_BufferRead                     0x08000b6f   Thumb Code    72  spi_flash.o(.text)
    SPI_FLASH_ReadID                         0x08000bb7   Thumb Code    70  spi_flash.o(.text)
    SPI_FLASH_StartReadSequence              0x08000bfd   Thumb Code    40  spi_flash.o(.text)
    SPI_FLASH_ReadByte                       0x08000c25   Thumb Code    10  spi_flash.o(.text)
    SPI_FLASH_SendHalfWord                   0x08000c2f   Thumb Code    48  spi_flash.o(.text)
    vStartSemaphoreTasks                     0x08000d27   Thumb Code   198  semtest.o(.text)
    xAreSemaphoreTasksStillRunning           0x08000ded   Thumb Code    44  semtest.o(.text)
    vStartBlockingQueueTasks                 0x08000ec9   Thumb Code   312  blockq.o(.text)
    xAreBlockingQueuesStillRunning           0x08001001   Thumb Code    74  blockq.o(.text)
    vCreateBlockTimeTasks                    0x08001427   Thumb Code    64  blocktim.o(.text)
    xAreBlockTimeTestTasksStillRunning       0x08001467   Thumb Code   114  blocktim.o(.text)
    vAltStartComTestTasks                    0x080015a3   Thumb Code    60  comtest.o(.text)
    xAreComTestTasksStillRunning             0x080015df   Thumb Code    20  comtest.o(.text)
    vCreateSuicidalTasks                     0x080016a3   Thumb Code    40  death.o(.text)
    xIsCreateTaskStillRunning                0x080016cb   Thumb Code    72  death.o(.text)
    vStartLEDFlashTasks                      0x08001795   Thumb Code    34  flash.o(.text)
    vStartIntegerMathTasks                   0x0800180f   Thumb Code    40  integer.o(.text)
    xAreIntegerMathsTaskStillRunning         0x08001837   Thumb Code    34  integer.o(.text)
    vStartPolledQueueTasks                   0x08001913   Thumb Code    62  pollq.o(.text)
    xArePollingQueuesStillRunning            0x08001951   Thumb Code    30  pollq.o(.text)
    Reset_Handler                            0x08001995   Thumb Code     4  stm32f10x.o(.text)
    NMI_Handler                              0x08001999   Thumb Code     2  stm32f10x.o(.text)
    HardFault_Handler                        0x0800199b   Thumb Code     2  stm32f10x.o(.text)
    MemManage_Handler                        0x0800199d   Thumb Code     2  stm32f10x.o(.text)
    BusFault_Handler                         0x0800199f   Thumb Code     2  stm32f10x.o(.text)
    UsageFault_Handler                       0x080019a1   Thumb Code     2  stm32f10x.o(.text)
    SVC_Handler                              0x080019a3   Thumb Code     2  stm32f10x.o(.text)
    DebugMon_Handler                         0x080019a5   Thumb Code     2  stm32f10x.o(.text)
    PendSV_Handler                           0x080019a7   Thumb Code     2  stm32f10x.o(.text)
    SysTick_Handler                          0x080019a9   Thumb Code     2  stm32f10x.o(.text)
    ADC_IRQHandler                           0x080019ab   Thumb Code     0  stm32f10x.o(.text)
    CAN_RX1_IRQHandler                       0x080019ab   Thumb Code     0  stm32f10x.o(.text)
    CAN_SCE_IRQHandler                       0x080019ab   Thumb Code     0  stm32f10x.o(.text)
    DMAChannel1_IRQHandler                   0x080019ab   Thumb Code     0  stm32f10x.o(.text)
    DMAChannel2_IRQHandler                   0x080019ab   Thumb Code     0  stm32f10x.o(.text)
    DMAChannel3_IRQHandler                   0x080019ab   Thumb Code     0  stm32f10x.o(.text)
    DMAChannel4_IRQHandler                   0x080019ab   Thumb Code     0  stm32f10x.o(.text)
    DMAChannel5_IRQHandler                   0x080019ab   Thumb Code     0  stm32f10x.o(.text)
    DMAChannel6_IRQHandler                   0x080019ab   Thumb Code     0  stm32f10x.o(.text)
    DMAChannel7_IRQHandler                   0x080019ab   Thumb Code     0  stm32f10x.o(.text)
    EXTI0_IRQHandler                         0x080019ab   Thumb Code     0  stm32f10x.o(.text)
    EXTI15_10_IRQHandler                     0x080019ab   Thumb Code     0  stm32f10x.o(.text)
    EXTI1_IRQHandler                         0x080019ab   Thumb Code     0  stm32f10x.o(.text)
    EXTI2_IRQHandler                         0x080019ab   Thumb Code     0  stm32f10x.o(.text)
    EXTI3_IRQHandler                         0x080019ab   Thumb Code     0  stm32f10x.o(.text)
    EXTI4_IRQHandler                         0x080019ab   Thumb Code     0  stm32f10x.o(.text)
    EXTI9_5_IRQHandler                       0x080019ab   Thumb Code     0  stm32f10x.o(.text)
    FLASH_IRQHandler                         0x080019ab   Thumb Code     0  stm32f10x.o(.text)
    I2C1_ER_IRQHandler                       0x080019ab   Thumb Code     0  stm32f10x.o(.text)
    I2C1_EV_IRQHandler                       0x080019ab   Thumb Code     0  stm32f10x.o(.text)
    I2C2_ER_IRQHandler                       0x080019ab   Thumb Code     0  stm32f10x.o(.text)
    I2C2_EV_IRQHandler                       0x080019ab   Thumb Code     0  stm32f10x.o(.text)
    PVD_IRQHandler                           0x080019ab   Thumb Code     0  stm32f10x.o(.text)
    RCC_IRQHandler                           0x080019ab   Thumb Code     0  stm32f10x.o(.text)
    RTCAlarm_IRQHandler                      0x080019ab   Thumb Code     0  stm32f10x.o(.text)
    RTC_IRQHandler                           0x080019ab   Thumb Code     0  stm32f10x.o(.text)
    SPI1_IRQHandler                          0x080019ab   Thumb Code     0  stm32f10x.o(.text)
    SPI2_IRQHandler                          0x080019ab   Thumb Code     0  stm32f10x.o(.text)
    TAMPER_IRQHandler                        0x080019ab   Thumb Code     0  stm32f10x.o(.text)
    TIM1_BRK_IRQHandler                      0x080019ab   Thumb Code     0  stm32f10x.o(.text)
    TIM1_CC_IRQHandler                       0x080019ab   Thumb Code     0  stm32f10x.o(.text)
    TIM1_TRG_COM_IRQHandler                  0x080019ab   Thumb Code     0  stm32f10x.o(.text)
    TIM1_UP_IRQHandler                       0x080019ab   Thumb Code     0  stm32f10x.o(.text)
    TIM2_IRQHandler                          0x080019ab   Thumb Code     0  stm32f10x.o(.text)
    TIM3_IRQHandler                          0x080019ab   Thumb Code     0  stm32f10x.o(.text)
    TIM4_IRQHandler                          0x080019ab   Thumb Code     0  stm32f10x.o(.text)
    USART1_IRQHandler                        0x080019ab   Thumb Code     0  stm32f10x.o(.text)
    USART2_IRQHandler                        0x080019ab   Thumb Code     0  stm32f10x.o(.text)
    USART3_IRQHandler                        0x080019ab   Thumb Code     0  stm32f10x.o(.text)
    USBWakeUp_IRQHandler                     0x080019ab   Thumb Code     0  stm32f10x.o(.text)
    USB_HP_CAN_TX_IRQHandler                 0x080019ab   Thumb Code     0  stm32f10x.o(.text)
    USB_LP_CAN_RX0_IRQHandler                0x080019ab   Thumb Code     0  stm32f10x.o(.text)
    WWDG_IRQHandler                          0x080019ab   Thumb Code     0  stm32f10x.o(.text)
    LCD_CtrlLinesWrite                       0x080019b1   Thumb Code    20  lcd.o(.text)
    LCD_WriteReg                             0x080019c5   Thumb Code    78  lcd.o(.text)
    LCD_SPIConfig                            0x08001a13   Thumb Code   118  lcd.o(.text)
    LCD_CtrlLinesConfig                      0x08001a89   Thumb Code    46  lcd.o(.text)
    LCD_Init                                 0x08001ab7   Thumb Code   702  lcd.o(.text)
    LCD_SetTextColor                         0x08001d75   Thumb Code    12  lcd.o(.text)
    LCD_SetBackColor                         0x08001d81   Thumb Code    12  lcd.o(.text)
    LCD_SetCursor                            0x08001d8d   Thumb Code    56  lcd.o(.text)
    LCD_WriteRAM                             0x08001dc5   Thumb Code    70  lcd.o(.text)
    LCD_DrawChar                             0x08001e0b   Thumb Code    96  lcd.o(.text)
    LCD_DisplayChar                          0x08001e6b   Thumb Code    34  lcd.o(.text)
    LCD_DisplayStringLine                    0x08001e8d   Thumb Code    66  lcd.o(.text)
    LCD_ClearLine                            0x08001ecf   Thumb Code    14  lcd.o(.text)
    LCD_Clear                                0x08001edd   Thumb Code    36  lcd.o(.text)
    LCD_DisplayString                        0x08001f15   Thumb Code   200  lcd.o(.text)
    LCD_ScrollText                           0x08001fdd   Thumb Code   104  lcd.o(.text)
    LCD_SetDisplayWindow                     0x08002045   Thumb Code   104  lcd.o(.text)
    LCD_DrawLine                             0x080020ad   Thumb Code    78  lcd.o(.text)
    LCD_DrawRect                             0x080020fb   Thumb Code    70  lcd.o(.text)
    LCD_DrawCircle                           0x08002141   Thumb Code   296  lcd.o(.text)
    LCD_DrawMonoPict                         0x08002269   Thumb Code    72  lcd.o(.text)
    LCD_DrawBMP                              0x080022b1   Thumb Code   132  lcd.o(.text)
    LCD_ReadReg                              0x08002335   Thumb Code   128  lcd.o(.text)
    LCD_ReadRAM                              0x080023b5   Thumb Code    92  lcd.o(.text)
    LCD_PowerOn                              0x08002411   Thumb Code   122  lcd.o(.text)
    LCD_DisplayOn                            0x0800248b   Thumb Code    50  lcd.o(.text)
    LCD_DisplayOff                           0x080024bd   Thumb Code    26  lcd.o(.text)
    __WFI                                    0x080024f1   Thumb Code     0  cortexm3_macro_rvds.o(.text)
    __WFE                                    0x080024f5   Thumb Code     0  cortexm3_macro_rvds.o(.text)
    __SEV                                    0x080024f9   Thumb Code     0  cortexm3_macro_rvds.o(.text)
    __ISB                                    0x080024fd   Thumb Code     0  cortexm3_macro_rvds.o(.text)
    __DSB                                    0x08002503   Thumb Code     0  cortexm3_macro_rvds.o(.text)
    __DMB                                    0x08002509   Thumb Code     0  cortexm3_macro_rvds.o(.text)
    __SVC                                    0x0800250f   Thumb Code     0  cortexm3_macro_rvds.o(.text)
    __MRS_CONTROL                            0x08002513   Thumb Code     0  cortexm3_macro_rvds.o(.text)
    __MSR_CONTROL                            0x08002519   Thumb Code     0  cortexm3_macro_rvds.o(.text)
    __MRS_PSP                                0x08002523   Thumb Code     0  cortexm3_macro_rvds.o(.text)
    __MSR_PSP                                0x08002529   Thumb Code     0  cortexm3_macro_rvds.o(.text)
    __MRS_MSP                                0x0800252f   Thumb Code     0  cortexm3_macro_rvds.o(.text)
    __MSR_MSP                                0x08002535   Thumb Code     0  cortexm3_macro_rvds.o(.text)
    __SETPRIMASK                             0x0800253b   Thumb Code     0  cortexm3_macro_rvds.o(.text)
    __RESETPRIMASK                           0x0800253f   Thumb Code     0  cortexm3_macro_rvds.o(.text)
    __SETFAULTMASK                           0x08002543   Thumb Code     0  cortexm3_macro_rvds.o(.text)
    __RESETFAULTMASK                         0x08002547   Thumb Code     0  cortexm3_macro_rvds.o(.text)
    __BASEPRICONFIG                          0x0800254b   Thumb Code     0  cortexm3_macro_rvds.o(.text)
    __GetBASEPRI                             0x08002551   Thumb Code     0  cortexm3_macro_rvds.o(.text)
    __REV_HalfWord                           0x08002557   Thumb Code     0  cortexm3_macro_rvds.o(.text)
    __REV_Word                               0x0800255b   Thumb Code     0  cortexm3_macro_rvds.o(.text)
    USART_DeInit                             0x08002561   Thumb Code    88  stm32f10x_usart.o(.text)
    USART_Init                               0x080025b9   Thumb Code   168  stm32f10x_usart.o(.text)
    USART_StructInit                         0x08002661   Thumb Code    32  stm32f10x_usart.o(.text)
    USART_Cmd                                0x08002681   Thumb Code    24  stm32f10x_usart.o(.text)
    USART_ITConfig                           0x08002699   Thumb Code    64  stm32f10x_usart.o(.text)
    USART_DMACmd                             0x080026d9   Thumb Code    18  stm32f10x_usart.o(.text)
    USART_SetAddress                         0x080026eb   Thumb Code    18  stm32f10x_usart.o(.text)
    USART_WakeUpConfig                       0x080026fd   Thumb Code    18  stm32f10x_usart.o(.text)
    USART_ReceiverWakeUpCmd                  0x0800270f   Thumb Code    24  stm32f10x_usart.o(.text)
    USART_LINBreakDetectLengthConfig         0x08002727   Thumb Code    18  stm32f10x_usart.o(.text)
    USART_LINCmd                             0x08002739   Thumb Code    24  stm32f10x_usart.o(.text)
    USART_SendData                           0x08002751   Thumb Code     8  stm32f10x_usart.o(.text)
    USART_ReceiveData                        0x08002759   Thumb Code    10  stm32f10x_usart.o(.text)
    USART_SendBreak                          0x08002763   Thumb Code    10  stm32f10x_usart.o(.text)
    USART_SetGuardTime                       0x0800276d   Thumb Code    16  stm32f10x_usart.o(.text)
    USART_SetPrescaler                       0x0800277d   Thumb Code    16  stm32f10x_usart.o(.text)
    USART_SmartCardCmd                       0x0800278d   Thumb Code    24  stm32f10x_usart.o(.text)
    USART_SmartCardNACKCmd                   0x080027a5   Thumb Code    24  stm32f10x_usart.o(.text)
    USART_HalfDuplexCmd                      0x080027bd   Thumb Code    24  stm32f10x_usart.o(.text)
    USART_IrDAConfig                         0x080027d5   Thumb Code    18  stm32f10x_usart.o(.text)
    USART_IrDACmd                            0x080027e7   Thumb Code    24  stm32f10x_usart.o(.text)
    USART_GetFlagStatus                      0x080027ff   Thumb Code    18  stm32f10x_usart.o(.text)
    USART_ClearFlag                          0x08002811   Thumb Code     8  stm32f10x_usart.o(.text)
    USART_GetITStatus                        0x08002819   Thumb Code    76  stm32f10x_usart.o(.text)
    USART_ClearITPendingBit                  0x08002865   Thumb Code    22  stm32f10x_usart.o(.text)
    GPIO_DeInit                              0x08002885   Thumb Code   138  stm32f10x_gpio.o(.text)
    GPIO_AFIODeInit                          0x0800290f   Thumb Code    20  stm32f10x_gpio.o(.text)
    GPIO_Init                                0x08002923   Thumb Code   278  stm32f10x_gpio.o(.text)
    GPIO_StructInit                          0x08002a39   Thumb Code    16  stm32f10x_gpio.o(.text)
    GPIO_ReadInputDataBit                    0x08002a49   Thumb Code    18  stm32f10x_gpio.o(.text)
    GPIO_ReadInputData                       0x08002a5b   Thumb Code     8  stm32f10x_gpio.o(.text)
    GPIO_ReadOutputDataBit                   0x08002a63   Thumb Code    18  stm32f10x_gpio.o(.text)
    GPIO_ReadOutputData                      0x08002a75   Thumb Code     8  stm32f10x_gpio.o(.text)
    GPIO_WriteBit                            0x08002a7d   Thumb Code    10  stm32f10x_gpio.o(.text)
    GPIO_Write                               0x08002a87   Thumb Code     4  stm32f10x_gpio.o(.text)
    GPIO_PinLockConfig                       0x08002a8b   Thumb Code    18  stm32f10x_gpio.o(.text)
    GPIO_EventOutputConfig                   0x08002a9d   Thumb Code    26  stm32f10x_gpio.o(.text)
    GPIO_EventOutputCmd                      0x08002ab7   Thumb Code     6  stm32f10x_gpio.o(.text)
    GPIO_PinRemapConfig                      0x08002abd   Thumb Code    86  stm32f10x_gpio.o(.text)
    GPIO_EXTILineConfig                      0x08002b13   Thumb Code    66  stm32f10x_gpio.o(.text)
    NVIC_DeInit                              0x08002b65   Thumb Code    54  stm32f10x_nvic.o(.text)
    NVIC_SCBDeInit                           0x08002b9b   Thumb Code    76  stm32f10x_nvic.o(.text)
    NVIC_PriorityGroupConfig                 0x08002be7   Thumb Code    12  stm32f10x_nvic.o(.text)
    NVIC_Init                                0x08002bf3   Thumb Code   152  stm32f10x_nvic.o(.text)
    NVIC_StructInit                          0x08002c8b   Thumb Code    12  stm32f10x_nvic.o(.text)
    NVIC_SETPRIMASK                          0x08002c97   Thumb Code     8  stm32f10x_nvic.o(.text)
    NVIC_RESETPRIMASK                        0x08002c9f   Thumb Code     8  stm32f10x_nvic.o(.text)
    NVIC_SETFAULTMASK                        0x08002ca7   Thumb Code     8  stm32f10x_nvic.o(.text)
    NVIC_RESETFAULTMASK                      0x08002caf   Thumb Code     8  stm32f10x_nvic.o(.text)
    NVIC_BASEPRICONFIG                       0x08002cb7   Thumb Code    12  stm32f10x_nvic.o(.text)
    NVIC_GetBASEPRI                          0x08002cc3   Thumb Code     8  stm32f10x_nvic.o(.text)
    NVIC_GetCurrentPendingIRQChannel         0x08002ccb   Thumb Code    10  stm32f10x_nvic.o(.text)
    NVIC_GetIRQChannelPendingBitStatus       0x08002cd5   Thumb Code    42  stm32f10x_nvic.o(.text)
    NVIC_SetIRQChannelPendingBit             0x08002cff   Thumb Code     6  stm32f10x_nvic.o(.text)
    NVIC_ClearIRQChannelPendingBit           0x08002d05   Thumb Code    20  stm32f10x_nvic.o(.text)
    NVIC_GetCurrentActiveHandler             0x08002d19   Thumb Code    10  stm32f10x_nvic.o(.text)
    NVIC_GetIRQChannelActiveBitStatus        0x08002d23   Thumb Code    42  stm32f10x_nvic.o(.text)
    NVIC_GetCPUID                            0x08002d4d   Thumb Code     8  stm32f10x_nvic.o(.text)
    NVIC_SetVectorTable                      0x08002d55   Thumb Code    22  stm32f10x_nvic.o(.text)
    NVIC_GenerateSystemReset                 0x08002d6b   Thumb Code    12  stm32f10x_nvic.o(.text)
    NVIC_GenerateCoreReset                   0x08002d77   Thumb Code    12  stm32f10x_nvic.o(.text)
    NVIC_SystemLPConfig                      0x08002d83   Thumb Code    34  stm32f10x_nvic.o(.text)
    NVIC_SystemHandlerConfig                 0x08002da5   Thumb Code    48  stm32f10x_nvic.o(.text)
    NVIC_SystemHandlerPriorityConfig         0x08002dd5   Thumb Code   110  stm32f10x_nvic.o(.text)
    NVIC_GetSystemHandlerPendingBitStatus    0x08002e43   Thumb Code    44  stm32f10x_nvic.o(.text)
    NVIC_SetSystemHandlerPendingBit          0x08002e6f   Thumb Code    22  stm32f10x_nvic.o(.text)
    NVIC_ClearSystemHandlerPendingBit        0x08002e85   Thumb Code    26  stm32f10x_nvic.o(.text)
    NVIC_GetSystemHandlerActiveBitStatus     0x08002e9f   Thumb Code    42  stm32f10x_nvic.o(.text)
    NVIC_GetFaultHandlerSources              0x08002ec9   Thumb Code    66  stm32f10x_nvic.o(.text)
    NVIC_GetFaultAddress                     0x08002f0b   Thumb Code    28  stm32f10x_nvic.o(.text)
    RCC_DeInit                               0x08002f45   Thumb Code    78  stm32f10x_rcc.o(.text)
    RCC_HSEConfig                            0x08002f93   Thumb Code    70  stm32f10x_rcc.o(.text)
    RCC_AdjustHSICalibrationValue            0x08002fd9   Thumb Code    20  stm32f10x_rcc.o(.text)
    RCC_HSICmd                               0x08002fed   Thumb Code     6  stm32f10x_rcc.o(.text)
    RCC_PLLConfig                            0x08002ff3   Thumb Code    24  stm32f10x_rcc.o(.text)
    RCC_PLLCmd                               0x0800300b   Thumb Code     6  stm32f10x_rcc.o(.text)
    RCC_SYSCLKConfig                         0x08003011   Thumb Code    18  stm32f10x_rcc.o(.text)
    RCC_GetSYSCLKSource                      0x08003023   Thumb Code    10  stm32f10x_rcc.o(.text)
    RCC_HCLKConfig                           0x0800302d   Thumb Code    18  stm32f10x_rcc.o(.text)
    RCC_PCLK1Config                          0x0800303f   Thumb Code    18  stm32f10x_rcc.o(.text)
    RCC_PCLK2Config                          0x08003051   Thumb Code    20  stm32f10x_rcc.o(.text)
    RCC_ITConfig                             0x08003065   Thumb Code    26  stm32f10x_rcc.o(.text)
    RCC_USBCLKConfig                         0x0800307f   Thumb Code     8  stm32f10x_rcc.o(.text)
    RCC_ADCCLKConfig                         0x08003087   Thumb Code    18  stm32f10x_rcc.o(.text)
    RCC_LSEConfig                            0x08003099   Thumb Code    50  stm32f10x_rcc.o(.text)
    RCC_LSICmd                               0x080030cb   Thumb Code     6  stm32f10x_rcc.o(.text)
    RCC_RTCCLKConfig                         0x080030d1   Thumb Code    12  stm32f10x_rcc.o(.text)
    RCC_RTCCLKCmd                            0x080030dd   Thumb Code     8  stm32f10x_rcc.o(.text)
    RCC_GetClocksFreq                        0x080030e5   Thumb Code   192  stm32f10x_rcc.o(.text)
    RCC_AHBPeriphClockCmd                    0x080031a5   Thumb Code    26  stm32f10x_rcc.o(.text)
    RCC_APB2PeriphClockCmd                   0x080031bf   Thumb Code    26  stm32f10x_rcc.o(.text)
    RCC_APB1PeriphClockCmd                   0x080031d9   Thumb Code    26  stm32f10x_rcc.o(.text)
    RCC_APB2PeriphResetCmd                   0x080031f3   Thumb Code    26  stm32f10x_rcc.o(.text)
    RCC_APB1PeriphResetCmd                   0x0800320d   Thumb Code    26  stm32f10x_rcc.o(.text)
    RCC_BackupResetCmd                       0x08003227   Thumb Code     8  stm32f10x_rcc.o(.text)
    RCC_ClockSecuritySystemCmd               0x0800322f   Thumb Code     6  stm32f10x_rcc.o(.text)
    RCC_MCOConfig                            0x08003235   Thumb Code     6  stm32f10x_rcc.o(.text)
    RCC_GetFlagStatus                        0x0800323b   Thumb Code    56  stm32f10x_rcc.o(.text)
    RCC_ClearFlag                            0x08003273   Thumb Code    14  stm32f10x_rcc.o(.text)
    RCC_GetITStatus                          0x08003281   Thumb Code    20  stm32f10x_rcc.o(.text)
    RCC_ClearITPendingBit                    0x08003295   Thumb Code     6  stm32f10x_rcc.o(.text)
    SPI_DeInit                               0x080032c1   Thumb Code    62  stm32f10x_spi.o(.text)
    SPI_Init                                 0x080032ff   Thumb Code    50  stm32f10x_spi.o(.text)
    SPI_StructInit                           0x08003331   Thumb Code    24  stm32f10x_spi.o(.text)
    SPI_Cmd                                  0x08003349   Thumb Code    24  stm32f10x_spi.o(.text)
    SPI_ITConfig                             0x08003361   Thumb Code    32  stm32f10x_spi.o(.text)
    SPI_DMACmd                               0x08003381   Thumb Code    18  stm32f10x_spi.o(.text)
    SPI_SendData                             0x08003393   Thumb Code     4  stm32f10x_spi.o(.text)
    SPI_ReceiveData                          0x08003397   Thumb Code     6  stm32f10x_spi.o(.text)
    SPI_NSSInternalSoftwareConfig            0x0800339d   Thumb Code    30  stm32f10x_spi.o(.text)
    SPI_SSOutputCmd                          0x080033bb   Thumb Code    24  stm32f10x_spi.o(.text)
    SPI_DataSizeConfig                       0x080033d3   Thumb Code    20  stm32f10x_spi.o(.text)
    SPI_TransmitCRC                          0x080033e7   Thumb Code    10  stm32f10x_spi.o(.text)
    SPI_CalculateCRC                         0x080033f1   Thumb Code    24  stm32f10x_spi.o(.text)
    SPI_GetCRC                               0x08003409   Thumb Code    16  stm32f10x_spi.o(.text)
    SPI_GetCRCPolynomial                     0x08003419   Thumb Code     6  stm32f10x_spi.o(.text)
    SPI_BiDirectionalLineConfig              0x0800341f   Thumb Code    28  stm32f10x_spi.o(.text)
    SPI_GetFlagStatus                        0x0800343b   Thumb Code    18  stm32f10x_spi.o(.text)
    SPI_ClearFlag                            0x0800344d   Thumb Code    32  stm32f10x_spi.o(.text)
    SPI_GetITStatus                          0x0800346d   Thumb Code    52  stm32f10x_spi.o(.text)
    SPI_ClearITPendingBit                    0x080034a1   Thumb Code    46  stm32f10x_spi.o(.text)
    SysTick_CLKSourceConfig                  0x080034d5   Thumb Code    40  stm32f10x_systick.o(.text)
    SysTick_SetReload                        0x080034fd   Thumb Code     8  stm32f10x_systick.o(.text)
    SysTick_CounterCmd                       0x08003505   Thumb Code    52  stm32f10x_systick.o(.text)
    SysTick_ITConfig                         0x08003539   Thumb Code    38  stm32f10x_systick.o(.text)
    SysTick_GetCounter                       0x0800355f   Thumb Code     8  stm32f10x_systick.o(.text)
    SysTick_GetFlagStatus                    0x08003567   Thumb Code    50  stm32f10x_systick.o(.text)
    TIM_DeInit                               0x08003599   Thumb Code    84  stm32f10x_tim.o(.text)
    TIM_TimeBaseInit                         0x080035ed   Thumb Code    30  stm32f10x_tim.o(.text)
    TIM_OCInit                               0x0800360b   Thumb Code   214  stm32f10x_tim.o(.text)
    TIM_SetIC1Prescaler                      0x080036e1   Thumb Code    18  stm32f10x_tim.o(.text)
    TIM_SetIC2Prescaler                      0x0800372b   Thumb Code    26  stm32f10x_tim.o(.text)
    TIM_SetIC4Prescaler                      0x08003811   Thumb Code    26  stm32f10x_tim.o(.text)
    TIM_SetIC3Prescaler                      0x0800387d   Thumb Code    18  stm32f10x_tim.o(.text)
    TIM_ICInit                               0x080038d1   Thumb Code   126  stm32f10x_tim.o(.text)
    TIM_TimeBaseStructInit                   0x0800394f   Thumb Code    12  stm32f10x_tim.o(.text)
    TIM_OCStructInit                         0x0800395b   Thumb Code    12  stm32f10x_tim.o(.text)
    TIM_ICStructInit                         0x08003967   Thumb Code    34  stm32f10x_tim.o(.text)
    TIM_Cmd                                  0x08003989   Thumb Code    24  stm32f10x_tim.o(.text)
    TIM_ITConfig                             0x080039a1   Thumb Code    18  stm32f10x_tim.o(.text)
    TIM_DMAConfig                            0x080039b3   Thumb Code    22  stm32f10x_tim.o(.text)
    TIM_DMACmd                               0x080039c9   Thumb Code    24  stm32f10x_tim.o(.text)
    TIM_InternalClockConfig                  0x080039e1   Thumb Code    12  stm32f10x_tim.o(.text)
    TIM_SelectInputTrigger                   0x080039ed   Thumb Code    18  stm32f10x_tim.o(.text)
    TIM_ITRxExternalClockConfig              0x080039ff   Thumb Code    24  stm32f10x_tim.o(.text)
    TIM_TIxExternalClockConfig               0x08003a17   Thumb Code    62  stm32f10x_tim.o(.text)
    TIM_ETRClockMode1Config                  0x08003a6f   Thumb Code    64  stm32f10x_tim.o(.text)
    TIM_ETRClockMode2Config                  0x08003aaf   Thumb Code    36  stm32f10x_tim.o(.text)
    TIM_PrescalerConfig                      0x08003ad3   Thumb Code    26  stm32f10x_tim.o(.text)
    TIM_CounterModeConfig                    0x08003aed   Thumb Code    18  stm32f10x_tim.o(.text)
    TIM_ForcedOC1Config                      0x08003aff   Thumb Code    18  stm32f10x_tim.o(.text)
    TIM_ForcedOC2Config                      0x08003b11   Thumb Code    26  stm32f10x_tim.o(.text)
    TIM_ForcedOC3Config                      0x08003b2b   Thumb Code    18  stm32f10x_tim.o(.text)
    TIM_ForcedOC4Config                      0x08003b3d   Thumb Code    26  stm32f10x_tim.o(.text)
    TIM_ARRPreloadConfig                     0x08003b57   Thumb Code    24  stm32f10x_tim.o(.text)
    TIM_SelectCCDMA                          0x08003b6f   Thumb Code    22  stm32f10x_tim.o(.text)
    TIM_OC1PreloadConfig                     0x08003b85   Thumb Code    18  stm32f10x_tim.o(.text)
    TIM_OC2PreloadConfig                     0x08003b97   Thumb Code    26  stm32f10x_tim.o(.text)
    TIM_OC3PreloadConfig                     0x08003bb1   Thumb Code    18  stm32f10x_tim.o(.text)
    TIM_OC4PreloadConfig                     0x08003bc3   Thumb Code    26  stm32f10x_tim.o(.text)
    TIM_OC1FastConfig                        0x08003bdd   Thumb Code    18  stm32f10x_tim.o(.text)
    TIM_OC2FastConfig                        0x08003bef   Thumb Code    26  stm32f10x_tim.o(.text)
    TIM_OC3FastConfig                        0x08003c09   Thumb Code    18  stm32f10x_tim.o(.text)
    TIM_OC4FastConfig                        0x08003c1b   Thumb Code    26  stm32f10x_tim.o(.text)
    TIM_UpdateDisableConfig                  0x08003c35   Thumb Code    24  stm32f10x_tim.o(.text)
    TIM_EncoderInterfaceConfig               0x08003c4d   Thumb Code    66  stm32f10x_tim.o(.text)
    TIM_GenerateEvent                        0x08003c8f   Thumb Code     8  stm32f10x_tim.o(.text)
    TIM_OC1PolarityConfig                    0x08003c97   Thumb Code    18  stm32f10x_tim.o(.text)
    TIM_OC2PolarityConfig                    0x08003ca9   Thumb Code    26  stm32f10x_tim.o(.text)
    TIM_OC3PolarityConfig                    0x08003cc3   Thumb Code    26  stm32f10x_tim.o(.text)
    TIM_OC4PolarityConfig                    0x08003cdd   Thumb Code    26  stm32f10x_tim.o(.text)
    TIM_UpdateRequestConfig                  0x08003cf7   Thumb Code    26  stm32f10x_tim.o(.text)
    TIM_SelectHallSensor                     0x08003d11   Thumb Code    24  stm32f10x_tim.o(.text)
    TIM_SelectOnePulseMode                   0x08003d29   Thumb Code    18  stm32f10x_tim.o(.text)
    TIM_SelectOutputTrigger                  0x08003d3b   Thumb Code    16  stm32f10x_tim.o(.text)
    TIM_SelectSlaveMode                      0x08003d4b   Thumb Code    18  stm32f10x_tim.o(.text)
    TIM_SelectMasterSlaveMode                0x08003d5d   Thumb Code    18  stm32f10x_tim.o(.text)
    TIM_SetAutoreload                        0x08003d6f   Thumb Code     4  stm32f10x_tim.o(.text)
    TIM_SetCompare1                          0x08003d73   Thumb Code     4  stm32f10x_tim.o(.text)
    TIM_SetCompare2                          0x08003d77   Thumb Code     4  stm32f10x_tim.o(.text)
    TIM_SetCompare3                          0x08003d7b   Thumb Code     4  stm32f10x_tim.o(.text)
    TIM_SetCompare4                          0x08003d7f   Thumb Code     6  stm32f10x_tim.o(.text)
    TIM_SetClockDivision                     0x08003d85   Thumb Code    14  stm32f10x_tim.o(.text)
    TIM_GetCapture1                          0x08003d93   Thumb Code     6  stm32f10x_tim.o(.text)
    TIM_GetCapture2                          0x08003d99   Thumb Code     6  stm32f10x_tim.o(.text)
    TIM_GetCapture3                          0x08003d9f   Thumb Code     6  stm32f10x_tim.o(.text)
    TIM_GetCapture4                          0x08003da5   Thumb Code     8  stm32f10x_tim.o(.text)
    TIM_GetCounter                           0x08003dad   Thumb Code     6  stm32f10x_tim.o(.text)
    TIM_GetPrescaler                         0x08003db3   Thumb Code     6  stm32f10x_tim.o(.text)
    TIM_GetFlagStatus                        0x08003db9   Thumb Code    18  stm32f10x_tim.o(.text)
    TIM_ClearFlag                            0x08003dcb   Thumb Code     8  stm32f10x_tim.o(.text)
    TIM_GetITStatus                          0x08003dd3   Thumb Code    34  stm32f10x_tim.o(.text)
    TIM_ClearITPendingBit                    0x08003df5   Thumb Code     8  stm32f10x_tim.o(.text)
    vListInitialise                          0x08003dfd   Thumb Code    26  list.o(.text)
    vListInitialiseItem                      0x08003e17   Thumb Code     6  list.o(.text)
    vListInsertEnd                           0x08003e1d   Thumb Code    24  list.o(.text)
    vListInsert                              0x08003e35   Thumb Code    52  list.o(.text)
    uxListRemove                             0x08003e69   Thumb Code    40  list.o(.text)
    xQueueGenericReset                       0x08003e91   Thumb Code   122  queue.o(.text)
    xQueueGenericCreate                      0x08003f31   Thumb Code    56  queue.o(.text)
    xQueueGenericSend                        0x0800406f   Thumb Code   276  queue.o(.text)
    xQueueGenericSendFromISR                 0x08004183   Thumb Code   134  queue.o(.text)
    xQueueGiveFromISR                        0x08004209   Thumb Code   120  queue.o(.text)
    xQueueGenericReceive                     0x080042c9   Thumb Code   312  queue.o(.text)
    xQueueReceiveFromISR                     0x08004401   Thumb Code   130  queue.o(.text)
    xQueuePeekFromISR                        0x08004483   Thumb Code    74  queue.o(.text)
    uxQueueMessagesWaiting                   0x080044cd   Thumb Code    18  queue.o(.text)
    uxQueueSpacesAvailable                   0x080044df   Thumb Code    24  queue.o(.text)
    uxQueueMessagesWaitingFromISR            0x080044f7   Thumb Code     6  queue.o(.text)
    vQueueDelete                             0x080044fd   Thumb Code    14  queue.o(.text)
    xQueueIsQueueEmptyFromISR                0x0800450b   Thumb Code    14  queue.o(.text)
    xQueueIsQueueFullFromISR                 0x08004519   Thumb Code    18  queue.o(.text)
    xTaskCreate                              0x0800468d   Thumb Code    96  tasks.o(.text)
    vTaskDelete                              0x08004729   Thumb Code   166  tasks.o(.text)
    xTaskIncrementTick                       0x080047cf   Thumb Code   238  tasks.o(.text)
    xTaskResumeAll                           0x080048bd   Thumb Code   284  tasks.o(.text)
    vTaskSuspendAll                          0x08004a55   Thumb Code    12  tasks.o(.text)
    vTaskDelayUntil                          0x08004a61   Thumb Code   106  tasks.o(.text)
    vTaskDelay                               0x08004acb   Thumb Code    46  tasks.o(.text)
    uxTaskPriorityGet                        0x08004af9   Thumb Code    30  tasks.o(.text)
    uxTaskPriorityGetFromISR                 0x08004b17   Thumb Code    52  tasks.o(.text)
    vTaskPrioritySet                         0x08004b4b   Thumb Code   216  tasks.o(.text)
    vTaskSwitchContext                       0x08004c23   Thumb Code    76  tasks.o(.text)
    vTaskSuspend                             0x08004c6f   Thumb Code   160  tasks.o(.text)
    vTaskResume                              0x08004d47   Thumb Code   170  tasks.o(.text)
    xTaskResumeFromISR                       0x08004df1   Thumb Code   130  tasks.o(.text)
    vTaskStartScheduler                      0x08004ee9   Thumb Code    72  tasks.o(.text)
    vTaskEndScheduler                        0x08004f31   Thumb Code    32  tasks.o(.text)
    xTaskGetTickCount                        0x08004f51   Thumb Code     6  tasks.o(.text)
    xTaskGetTickCountFromISR                 0x08004f57   Thumb Code     8  tasks.o(.text)
    uxTaskGetNumberOfTasks                   0x08004f5f   Thumb Code     6  tasks.o(.text)
    pcTaskGetName                            0x08004f65   Thumb Code    20  tasks.o(.text)
    vTaskPlaceOnEventList                    0x08004f79   Thumb Code    28  tasks.o(.text)
    vTaskPlaceOnUnorderedEventList           0x08004f95   Thumb Code    40  tasks.o(.text)
    xTaskRemoveFromEventList                 0x08004fbd   Thumb Code   104  tasks.o(.text)
    xTaskRemoveFromUnorderedEventList        0x08005025   Thumb Code    94  tasks.o(.text)
    vTaskSetTimeOutState                     0x08005083   Thumb Code    14  tasks.o(.text)
    xTaskCheckForTimeOut                     0x08005091   Thumb Code    84  tasks.o(.text)
    vTaskMissedYield                         0x080050e5   Thumb Code     8  tasks.o(.text)
    uxTaskResetEventItemValue                0x080050ed   Thumb Code    24  tasks.o(.text)
    ulTaskNotifyTake                         0x08005105   Thumb Code   108  tasks.o(.text)
    xTaskNotifyWait                          0x08005171   Thumb Code   226  tasks.o(.text)
    xTaskGenericNotify                       0x08005253   Thumb Code   178  tasks.o(.text)
    xTaskGenericNotifyFromISR                0x08005305   Thumb Code   228  tasks.o(.text)
    vTaskNotifyGiveFromISR                   0x080053e9   Thumb Code   154  tasks.o(.text)
    xTaskNotifyStateClear                    0x08005483   Thumb Code    48  tasks.o(.text)
    pxPortInitialiseStack                    0x080054e7   Thumb Code    30  port.o(.text)
    vPortSetupTimerInterrupt                 0x08005505   Thumb Code    14  port.o(.text)
    xPortStartScheduler                      0x08005513   Thumb Code    42  port.o(.text)
    vPortEndScheduler                        0x0800553d   Thumb Code     2  port.o(.text)
    vPortEnterCritical                       0x0800553f   Thumb Code    30  port.o(.text)
    vPortExitCritical                        0x0800555d   Thumb Code    28  port.o(.text)
    xPortSysTickHandler                      0x08005579   Thumb Code    48  port.o(.text)
    pvPortMalloc                             0x080055e3   Thumb Code   166  heap_2.o(.text)
    vPortFree                                0x08005689   Thumb Code    56  heap_2.o(.text)
    xPortGetFreeHeapSize                     0x080056c1   Thumb Code     6  heap_2.o(.text)
    vPortInitialiseBlocks                    0x080056c7   Thumb Code     2  heap_2.o(.text)
    __aeabi_memcpy                           0x080056dd   Thumb Code    36  memcpya.o(.text)
    __aeabi_memcpy4                          0x080056dd   Thumb Code     0  memcpya.o(.text)
    __aeabi_memcpy8                          0x080056dd   Thumb Code     0  memcpya.o(.text)
    __aeabi_uidiv                            0x08005701   Thumb Code     0  uidiv.o(.text)
    __aeabi_uidivmod                         0x08005701   Thumb Code    44  uidiv.o(.text)
    __scatterload                            0x0800572d   Thumb Code    28  init.o(.text)
    __scatterload_rt2                        0x0800572d   Thumb Code     0  init.o(.text)
    __0printf$1                              0x08005751   Thumb Code    22  printf1.o(i.__0printf$1)
    __1printf$1                              0x08005751   Thumb Code     0  printf1.o(i.__0printf$1)
    __2printf                                0x08005751   Thumb Code     0  printf1.o(i.__0printf$1)
    __0sprintf$1                             0x08005771   Thumb Code    34  printf1.o(i.__0sprintf$1)
    __1sprintf$1                             0x08005771   Thumb Code     0  printf1.o(i.__0sprintf$1)
    __2sprintf                               0x08005771   Thumb Code     0  printf1.o(i.__0sprintf$1)
    __scatterload_copy                       0x08005799   Thumb Code    14  handlers.o(i.__scatterload_copy)
    __scatterload_null                       0x080057a7   Thumb Code     2  handlers.o(i.__scatterload_null)
    __scatterload_zeroinit                   0x080057a9   Thumb Code    14  handlers.o(i.__scatterload_zeroinit)
    pcBitmap                                 0x08005916   Data        9663  main.o(.constdata)
    ASCII_Table                              0x08007ed6   Data        4560  lcd.o(.constdata)
    Region$$Table$$Base                      0x080090cc   Number         0  anon$$obj.o(Region$$Table)
    Region$$Table$$Limit                     0x080090ec   Number         0  anon$$obj.o(Region$$Table)
    usMaxJitter                              0x2000000c   Data           2  timertest.o(.data)
    xLCDQueue                                0x20000014   Data           4  main.o(.data)
    xCreatedTask                             0x2000007c   Data           4  death.o(.data)
    pxCurrentTCB                             0x200000a0   Data           4  tasks.o(.data)
    __stdout                                 0x200000f8   Data           4  stdout.o(.data)
    __initial_sp                             0x200047e0   Data           0  stm32f10x.o(STACK)



==============================================================================

Memory Map of the image

  Image Entry point : 0x080000ed

  Load Region LR_IROM1 (Base: 0x08000000, Size: 0x000091e8, Max: 0x00020000, ABSOLUTE)

    Execution Region ER_IROM1 (Exec base: 0x08000000, Load base: 0x08000000, Size: 0x000090ec, Max: 0x00020000, ABSOLUTE)

    Exec Addr    Load Addr    Size         Type   Attr      Idx    E Section Name        Object

    0x08000000   0x08000000   0x000000ec   Data   RO          333    RESET               stm32f10x.o
    0x080000ec   0x080000ec   0x00000000   Code   RO          576  * .ARM.Collect$$$$00000000  mc_w.l(entry.o)
    0x080000ec   0x080000ec   0x00000004   Code   RO          844    .ARM.Collect$$$$00000001  mc_w.l(entry2.o)
    0x080000f0   0x080000f0   0x00000004   Code   RO          847    .ARM.Collect$$$$00000004  mc_w.l(entry5.o)
    0x080000f4   0x080000f4   0x00000000   Code   RO          849    .ARM.Collect$$$$00000008  mc_w.l(entry7b.o)
    0x080000f4   0x080000f4   0x00000000   Code   RO          851    .ARM.Collect$$$$0000000A  mc_w.l(entry8b.o)
    0x080000f4   0x080000f4   0x00000008   Code   RO          852    .ARM.Collect$$$$0000000B  mc_w.l(entry9a.o)
    0x080000fc   0x080000fc   0x00000000   Code   RO          854    .ARM.Collect$$$$0000000D  mc_w.l(entry10a.o)
    0x080000fc   0x080000fc   0x00000000   Code   RO          856    .ARM.Collect$$$$0000000F  mc_w.l(entry11a.o)
    0x080000fc   0x080000fc   0x00000004   Code   RO          845    .ARM.Collect$$$$00002712  mc_w.l(entry2.o)
    0x08000100   0x08000100   0x00000096   Code   RO          528    .emb_text           port.o
    0x08000196   0x08000196   0x00000002   PAD
    0x08000198   0x08000198   0x000000ac   Code   RO            1    .text               partest.o
    0x08000244   0x08000244   0x000001e8   Code   RO           89    .text               serial.o
    0x0800042c   0x0800042c   0x000000f8   Code   RO          112    .text               timertest.o
    0x08000524   0x08000524   0x00000370   Code   RO          130    .text               main.o
    0x08000894   0x08000894   0x000003d4   Code   RO          191    .text               spi_flash.o
    0x08000c68   0x08000c68   0x000001e4   Code   RO          206    .text               semtest.o
    0x08000e4c   0x08000e4c   0x00000248   Code   RO          229    .text               blockq.o
    0x08001094   0x08001094   0x00000444   Code   RO          243    .text               blocktim.o
    0x080014d8   0x080014d8   0x00000140   Code   RO          257    .text               comtest.o
    0x08001618   0x08001618   0x00000130   Code   RO          274    .text               death.o
    0x08001748   0x08001748   0x00000080   Code   RO          289    .text               flash.o
    0x080017c8   0x080017c8   0x000000a4   Code   RO          303    .text               integer.o
    0x0800186c   0x0800186c   0x00000128   Code   RO          317    .text               pollq.o
    0x08001994   0x08001994   0x0000001c   Code   RO          334    .text               stm32f10x.o
    0x080019b0   0x080019b0   0x00000b40   Code   RO          339    .text               lcd.o
    0x080024f0   0x080024f0   0x0000006e   Code   RO          355    .text               cortexm3_macro_rvds.o
    0x0800255e   0x0800255e   0x00000002   PAD
    0x08002560   0x08002560   0x00000324   Code   RO          358    .text               stm32f10x_usart.o
    0x08002884   0x08002884   0x000002e0   Code   RO          370    .text               stm32f10x_gpio.o
    0x08002b64   0x08002b64   0x000003e0   Code   RO          391    .text               stm32f10x_nvic.o
    0x08002f44   0x08002f44   0x0000037c   Code   RO          403    .text               stm32f10x_rcc.o
    0x080032c0   0x080032c0   0x00000214   Code   RO          417    .text               stm32f10x_spi.o
    0x080034d4   0x080034d4   0x000000c4   Code   RO          429    .text               stm32f10x_systick.o
    0x08003598   0x08003598   0x00000864   Code   RO          441    .text               stm32f10x_tim.o
    0x08003dfc   0x08003dfc   0x00000094   Code   RO          455    .text               list.o
    0x08003e90   0x08003e90   0x000006a0   Code   RO          467    .text               queue.o
    0x08004530   0x08004530   0x00000fa0   Code   RO          494    .text               tasks.o
    0x080054d0   0x080054d0   0x000000e8   Code   RO          529    .text               port.o
    0x080055b8   0x080055b8   0x00000124   Code   RO          558    .text               heap_2.o
    0x080056dc   0x080056dc   0x00000024   Code   RO          579    .text               mc_w.l(memcpya.o)
    0x08005700   0x08005700   0x0000002c   Code   RO          859    .text               mc_w.l(uidiv.o)
    0x0800572c   0x0800572c   0x00000024   Code   RO          874    .text               mc_w.l(init.o)
    0x08005750   0x08005750   0x00000020   Code   RO          628    i.__0printf$1       mc_w.l(printf1.o)
    0x08005770   0x08005770   0x00000028   Code   RO          630    i.__0sprintf$1      mc_w.l(printf1.o)
    0x08005798   0x08005798   0x0000000e   Code   RO          886    i.__scatterload_copy  mc_w.l(handlers.o)
    0x080057a6   0x080057a6   0x00000002   Code   RO          887    i.__scatterload_null  mc_w.l(handlers.o)
    0x080057a8   0x080057a8   0x0000000e   Code   RO          888    i.__scatterload_zeroinit  mc_w.l(handlers.o)
    0x080057b6   0x080057b6   0x00000002   PAD
    0x080057b8   0x080057b8   0x00000154   Code   RO          635    i._printf_core      mc_w.l(printf1.o)
    0x0800590c   0x0800590c   0x0000000a   Code   RO          637    i._sputc            mc_w.l(printf1.o)
    0x08005916   0x08005916   0x000025bf   Data   RO          132    .constdata          main.o
    0x08007ed5   0x08007ed5   0x00000001   PAD
    0x08007ed6   0x08007ed6   0x000011d0   Data   RO          340    .constdata          lcd.o
    0x080090a6   0x080090a6   0x00000014   Data   RO          404    .constdata          stm32f10x_rcc.o
    0x080090ba   0x080090ba   0x00000010   Data   RO          442    .constdata          stm32f10x_tim.o
    0x080090ca   0x080090ca   0x00000002   PAD
    0x080090cc   0x080090cc   0x00000020   Data   RO          884    Region$$Table       anon$$obj.o


    Execution Region RW_IRAM1 (Exec base: 0x20000000, Load base: 0x080090ec, Size: 0x000047e0, Max: 0x00005000, ABSOLUTE)

    Exec Addr    Load Addr    Size         Type   Attr      Idx    E Section Name        Object

    0x20000000   0x080090ec   0x00000002   Data   RW            2    .data               partest.o
    0x20000002   0x080090ee   0x00000002   PAD
    0x20000004   0x080090f0   0x00000008   Data   RW           90    .data               serial.o
    0x2000000c   0x080090f8   0x00000008   Data   RW          113    .data               timertest.o
    0x20000014   0x08009100   0x00000009   Data   RW          133    .data               main.o
    0x2000001d   0x08009109   0x00000001   PAD
    0x2000001e   0x0800910a   0x00000012   Data   RW          207    .data               semtest.o
    0x20000030   0x0800911c   0x00000018   Data   RW          230    .data               blockq.o
    0x20000048   0x08009134   0x00000020   Data   RW          244    .data               blocktim.o
    0x20000068   0x08009154   0x0000000c   Data   RW          258    .data               comtest.o
    0x20000074   0x08009160   0x00000014   Data   RW          275    .data               death.o
    0x20000088   0x08009174   0x00000004   Data   RW          290    .data               flash.o
    0x2000008c   0x08009178   0x00000004   Data   RW          304    .data               integer.o
    0x20000090   0x0800917c   0x0000000c   Data   RW          318    .data               pollq.o
    0x2000009c   0x08009188   0x00000004   Data   RW          341    .data               lcd.o
    0x200000a0   0x0800918c   0x0000003c   Data   RW          496    .data               tasks.o
    0x200000dc   0x080091c8   0x00000004   Data   RW          530    .data               port.o
    0x200000e0   0x080091cc   0x00000018   Data   RW          560    .data               heap_2.o
    0x200000f8   0x080091e4   0x00000004   Data   RW          858    .data               mc_w.l(stdout.o)
    0x200000fc        -       0x00000019   Zero   RW          131    .bss                main.o
    0x20000115   0x080091e8   0x00000003   PAD
    0x20000118        -       0x000000c8   Zero   RW          495    .bss                tasks.o
    0x200001e0        -       0x00004400   Zero   RW          559    .bss                heap_2.o
    0x200045e0        -       0x00000200   Zero   RW          331    STACK               stm32f10x.o


==============================================================================

Image component sizes


      Code (inc. data)   RO Data    RW Data    ZI Data      Debug   Object Name

       584         74          0         24          0       2734   blockq.o
      1092         56          0         32          0       3415   blocktim.o
       320         38          0         12          0       2577   comtest.o
       110          0          0          0          0        392   cortexm3_macro_rvds.o
       304         54          0         20          0       2068   death.o
       128         18          0          4          0       1482   flash.o
       292         20          0         24      17408       3076   heap_2.o
       164         20          0          4          0       1946   integer.o
      2880        120       4560          4          0       8672   lcd.o
       148          0          0          0          0       1770   list.o
       880        214       9663          9         25       3526   main.o
       172         10          0          2          0      52042   partest.o
       296         38          0         12          0       2335   pollq.o
       382         28          0          4          0       6956   port.o
      1696         10          0          0          0      18286   queue.o
       484         52          0         18          0       3938   semtest.o
       488         20          0          8          0       7519   serial.o
       980         10          0          0          0       4289   spi_flash.o
        28          4        236          0        512        756   stm32f10x.o
       736         16          0          0          0       4783   stm32f10x_gpio.o
       992         30          0          0          0       7192   stm32f10x_nvic.o
       892         38         20          0          0       8298   stm32f10x_rcc.o
       532          6          0          0          0       5214   stm32f10x_spi.o
       196          0          0          0          0       1569   stm32f10x_systick.o
      2148         12         16          0          0      20008   stm32f10x_tim.o
       804         10          0          0          0       7161   stm32f10x_usart.o
      4000        260          0         60        200      26667   tasks.o
       248         20          0          8          0      12758   timertest.o

    ----------------------------------------------------------------------
     21980       1178      14530        248      18148     221429   Object Totals
         0          0         32          0          0          0   (incl. Generated)
         4          0          3          3          3          0   (incl. Padding)

    ----------------------------------------------------------------------

      Code (inc. data)   RO Data    RW Data    ZI Data      Debug   Library Member Name

         0          0          0          0          0          0   entry.o
         0          0          0          0          0          0   entry10a.o
         0          0          0          0          0          0   entry11a.o
         8          4          0          0          0          0   entry2.o
         4          0          0          0          0          0   entry5.o
         0          0          0          0          0          0   entry7b.o
         0          0          0          0          0          0   entry8b.o
         8          4          0          0          0          0   entry9a.o
        30          0          0          0          0          0   handlers.o
        36          8          0          0          0         68   init.o
        36          0          0          0          0         68   memcpya.o
       422         20          0          0          0        336   printf1.o
         0          0          0          4          0          0   stdout.o
        44          0          0          0          0         80   uidiv.o

    ----------------------------------------------------------------------
       590         36          0          4          0        552   Library Totals
         2          0          0          0          0          0   (incl. Padding)

    ----------------------------------------------------------------------

      Code (inc. data)   RO Data    RW Data    ZI Data      Debug   Library Name

       588         36          0          4          0        552   mc_w.l

    ----------------------------------------------------------------------
       590         36          0          4          0        552   Library Totals

    ----------------------------------------------------------------------

==============================================================================


      Code (inc. data)   RO Data    RW Data    ZI Data      Debug   

     22570       1214      14530        252      18148     219117   Grand Totals
     22570       1214      14530        252      18148     219117   ELF Image Totals
     22570       1214      14530        252          0          0   ROM Totals

==============================================================================

    Total RO  Size (Code + RO Data)                37100 (  36.23kB)
    Total RW  Size (RW Data + ZI Data)             18400 (  17.97kB)
    Total ROM Size (Code + RO Data + RW Data)      37352 (  36.48kB)

==============================================================================

