Archive member included because of file (symbol)

libs/gcc/app_start.lib(gpio.o)
                              build\gcc\obj/custom/custom_iic.o (Ql_GPIO_Init)
libs/gcc/app_start.lib(memory.o)
                              build\gcc\obj/ril/src/ril_lwm2m.o (Ql_MEM_Alloc)
libs/gcc/app_start.lib(ql_func.o)
                              libs/gcc/app_start.lib(memory.o) (api_notsup)
libs/gcc/app_start.lib(ql_main.o)
                              build\gcc\obj/ril/src/ril_atResponse.o (Ql_sscanf)
libs/gcc/app_start.lib(ril_aux.o)
                              build\gcc\obj/custom/config/sys_config.o (proc_reserved2)
libs/gcc/app_start.lib(ril_main.o)
                              build\gcc\obj/custom/main.o (Ql_RIL_Initialize)
libs/gcc/app_start.lib(stdlib_func.o)
                              build\gcc\obj/ril/src/ril_atResponse.o (Ql_strncpy)
libs/gcc/app_start.lib(system.o)
                              build\gcc\obj/custom/custom_iic.o (Ql_Sleep)
libs/gcc/app_start.lib(taskMngt.o)
                              build\gcc\obj/custom/main.o (Ql_OS_GetMessage)
libs/gcc/app_start.lib(timer.o)
                              libs/gcc/app_start.lib(ril_main.o) (Ql_Timer_Register)
libs/gcc/app_start.lib(uart.o)
                              build\gcc\obj/custom/main.o (Ql_UART_Register)
libs/gcc/app_start.lib(ocpu_init.o)
                              libs/gcc/app_start.lib(ql_main.o) (_OCPU_InitUserMem)
tools\gcc\win\gcc-arm-none-eabi/arm-none-eabi/lib/armv7e-m/fpu/libc.a(lib_a-atoi.o)
                              build\gcc\obj/ril/src/ril_system.o (atoi)
tools\gcc\win\gcc-arm-none-eabi/arm-none-eabi/lib/armv7e-m/fpu/libc.a(lib_a-memcpy.o)
                              build\gcc\obj/ril/src/ril_system.o (memcpy)
tools\gcc\win\gcc-arm-none-eabi/arm-none-eabi/lib/armv7e-m/fpu/libc.a(lib_a-memset.o)
                              libs/gcc/app_start.lib(ql_main.o) (memset)
tools\gcc\win\gcc-arm-none-eabi/arm-none-eabi/lib/armv7e-m/fpu/libc.a(lib_a-strchr.o)
                              build\gcc\obj/ril/src/ril_system.o (strchr)
tools\gcc\win\gcc-arm-none-eabi/arm-none-eabi/lib/armv7e-m/fpu/libc.a(lib_a-strcpy.o)
                              build\gcc\obj/ril/src/ril_system.o (strcpy)
tools\gcc\win\gcc-arm-none-eabi/arm-none-eabi/lib/armv7e-m/fpu/libc.a(lib_a-strlen.o)
                              build\gcc\obj/ril/src/ril_system.o (strlen)
tools\gcc\win\gcc-arm-none-eabi/arm-none-eabi/lib/armv7e-m/fpu/libc.a(lib_a-strncpy.o)
                              build\gcc\obj/ril/src/ril_system.o (strncpy)
tools\gcc\win\gcc-arm-none-eabi/arm-none-eabi/lib/armv7e-m/fpu/libc.a(lib_a-strsep.o)
                              build\gcc\obj/ril/src/ril_system.o (strsep)
tools\gcc\win\gcc-arm-none-eabi/arm-none-eabi/lib/armv7e-m/fpu/libc.a(lib_a-strtok.o)
                              build\gcc\obj/ril/src/ril_system.o (strtok)
tools\gcc\win\gcc-arm-none-eabi/arm-none-eabi/lib/armv7e-m/fpu/libc.a(lib_a-strtok_r.o)
                              tools\gcc\win\gcc-arm-none-eabi/arm-none-eabi/lib/armv7e-m/fpu/libc.a(lib_a-strsep.o) (__strtok_r)
tools\gcc\win\gcc-arm-none-eabi/arm-none-eabi/lib/armv7e-m/fpu/libc.a(lib_a-strtol.o)
                              tools\gcc\win\gcc-arm-none-eabi/arm-none-eabi/lib/armv7e-m/fpu/libc.a(lib_a-atoi.o) (_strtol_r)
tools\gcc\win\gcc-arm-none-eabi/arm-none-eabi/lib/armv7e-m/fpu/libc.a(lib_a-ctype_.o)
                              tools\gcc\win\gcc-arm-none-eabi/arm-none-eabi/lib/armv7e-m/fpu/libc.a(lib_a-strtol.o) (__ctype_ptr__)
tools\gcc\win\gcc-arm-none-eabi/arm-none-eabi/lib/armv7e-m/fpu/libc.a(lib_a-impure.o)
                              tools\gcc\win\gcc-arm-none-eabi/arm-none-eabi/lib/armv7e-m/fpu/libc.a(lib_a-strtok.o) (_impure_ptr)

Discarded input sections

 .text          0x00000000        0x0 build\gcc\obj/custom/config/custom_sys_cfg.o
 .data          0x00000000        0x0 build\gcc\obj/custom/config/custom_sys_cfg.o
 .bss           0x00000000        0x0 build\gcc\obj/custom/config/custom_sys_cfg.o
 .text.Ql_WTD_GetWDIPinCfg
                0x00000000        0x8 build\gcc\obj/custom/config/custom_sys_cfg.o
 .text          0x00000000        0x0 build\gcc\obj/custom/config/sys_config.o
 .data          0x00000000        0x0 build\gcc\obj/custom/config/sys_config.o
 .bss           0x00000000        0x0 build\gcc\obj/custom/config/sys_config.o
 .text          0x00000000        0x0 build\gcc\obj/ril/src/ril_atResponse.o
 .data          0x00000000        0x0 build\gcc\obj/ril/src/ril_atResponse.o
 .bss           0x00000000        0x0 build\gcc\obj/ril/src/ril_atResponse.o
 .text.Ql_RIL_AT_GetErrCode
                0x00000000        0xc build\gcc\obj/ril/src/ril_atResponse.o
 .text          0x00000000        0x0 build\gcc\obj/ril/src/ril_dfota.o
 .data          0x00000000        0x0 build\gcc\obj/ril/src/ril_dfota.o
 .bss           0x00000000        0x0 build\gcc\obj/ril/src/ril_dfota.o
 .text.RIL_DFOTA_Upgrade
                0x00000000       0x48 build\gcc\obj/ril/src/ril_dfota.o
 .text          0x00000000        0x0 build\gcc\obj/ril/src/ril_init.o
 .data          0x00000000        0x0 build\gcc\obj/ril/src/ril_init.o
 .bss           0x00000000        0x0 build\gcc\obj/ril/src/ril_init.o
 .text          0x00000000        0x0 build\gcc\obj/ril/src/ril_lwm2m.o
 .data          0x00000000        0x0 build\gcc\obj/ril/src/ril_lwm2m.o
 .bss           0x00000000        0x0 build\gcc\obj/ril/src/ril_lwm2m.o
 .text.ATResponse_Recv_Handler
                0x00000000      0x134 build\gcc\obj/ril/src/ril_lwm2m.o
 .text.ATResponse_Handler
                0x00000000       0x5c build\gcc\obj/ril/src/ril_lwm2m.o
 .text.ATResponse_Update_Handler
                0x00000000       0x6c build\gcc\obj/ril/src/ril_lwm2m.o
 .text.ATResponse_Send_Handler
                0x00000000       0x6c build\gcc\obj/ril/src/ril_lwm2m.o
 .text.ATResponse_Close_Handler
                0x00000000       0x6c build\gcc\obj/ril/src/ril_lwm2m.o
 .text.ATResponse_Delete_Handler
                0x00000000       0x5c build\gcc\obj/ril/src/ril_lwm2m.o
 .text.RIL_QLwM2M_Serv
                0x00000000       0x50 build\gcc\obj/ril/src/ril_lwm2m.o
 .text.RIL_QLwM2M_Conf
                0x00000000       0x4c build\gcc\obj/ril/src/ril_lwm2m.o
 .text.RIL_QLwM2M_Addobj
                0x00000000       0x6c build\gcc\obj/ril/src/ril_lwm2m.o
 .text.RIL_QLwM2M_Delobj
                0x00000000       0x4c build\gcc\obj/ril/src/ril_lwm2m.o
 .text.RIL_QLwM2M_Open
                0x00000000       0x4c build\gcc\obj/ril/src/ril_lwm2m.o
 .text.RIL_QLwM2M_Update
                0x00000000       0x48 build\gcc\obj/ril/src/ril_lwm2m.o
 .text.RIL_QLwM2M_Cfg
                0x00000000       0x5c build\gcc\obj/ril/src/ril_lwm2m.o
 .text.RIL_QLwM2M_Send
                0x00000000       0xd4 build\gcc\obj/ril/src/ril_lwm2m.o
 .text.RIL_QLwM2M_RD
                0x00000000       0xd8 build\gcc\obj/ril/src/ril_lwm2m.o
 .text.RIL_QLwM2M_Close
                0x00000000       0x48 build\gcc\obj/ril/src/ril_lwm2m.o
 .text.RIL_QLwM2M_Delete
                0x00000000       0x48 build\gcc\obj/ril/src/ril_lwm2m.o
 .bss.lwm2m_rd_temp_param
                0x00000000        0x8 build\gcc\obj/ril/src/ril_lwm2m.o
 .rodata.str1.1
                0x00000000      0x161 build\gcc\obj/ril/src/ril_lwm2m.o
 .text          0x00000000        0x0 build\gcc\obj/ril/src/ril_network.o
 .data          0x00000000        0x0 build\gcc\obj/ril/src/ril_network.o
 .bss           0x00000000        0x0 build\gcc\obj/ril/src/ril_network.o
 .text.ATResponse_CEREG_Handler
                0x00000000       0x84 build\gcc\obj/ril/src/ril_network.o
 .text.RIL_NW_GetEGPRSState
                0x00000000       0x4c build\gcc\obj/ril/src/ril_network.o
 .rodata        0x00000000        0xb build\gcc\obj/ril/src/ril_network.o
 .text          0x00000000        0x0 build\gcc\obj/ril/src/ril_onenet.o
 .data          0x00000000        0x0 build\gcc\obj/ril/src/ril_onenet.o
 .bss           0x00000000        0x0 build\gcc\obj/ril/src/ril_onenet.o
 .text.ATResponse_Read_Handler
                0x00000000      0x12c build\gcc\obj/ril/src/ril_onenet.o
 .text.ATResponse_Create_Handler
                0x00000000       0xb0 build\gcc\obj/ril/src/ril_onenet.o
 .text.ATResponse_Handler
                0x00000000       0x6c build\gcc\obj/ril/src/ril_onenet.o
 .text.RIL_QONENET_Create
                0x00000000       0x58 build\gcc\obj/ril/src/ril_onenet.o
 .text.RIL_QONENET_Addobj
                0x00000000       0x60 build\gcc\obj/ril/src/ril_onenet.o
 .text.RIL_QONENET_Delobj
                0x00000000       0x50 build\gcc\obj/ril/src/ril_onenet.o
 .text.RIL_QONENET_Open
                0x00000000       0x50 build\gcc\obj/ril/src/ril_onenet.o
 .text.RIL_QONENET_Observer_Rsp
                0x00000000       0x54 build\gcc\obj/ril/src/ril_onenet.o
 .text.RIL_QONENET_Discover_Rsp
                0x00000000       0x5c build\gcc\obj/ril/src/ril_onenet.o
 .text.RIL_QONENET_Config
                0x00000000       0x78 build\gcc\obj/ril/src/ril_onenet.o
 .text.RIL_QONENET_Notify
                0x00000000       0xd4 build\gcc\obj/ril/src/ril_onenet.o
 .text.RIL_QONENET_Update
                0x00000000       0x54 build\gcc\obj/ril/src/ril_onenet.o
 .text.RIL_QONENET_Write_Rsp
                0x00000000       0x68 build\gcc\obj/ril/src/ril_onenet.o
 .text.RIL_QONENET_Read_Rsp
                0x00000000       0x98 build\gcc\obj/ril/src/ril_onenet.o
 .text.RIL_QONENET_Execute_Rsp
                0x00000000       0x54 build\gcc\obj/ril/src/ril_onenet.o
 .text.RIL_QONENET_RD
                0x00000000       0xc4 build\gcc\obj/ril/src/ril_onenet.o
 .text.RIL_QONENET_CLOSE
                0x00000000       0x4c build\gcc\obj/ril/src/ril_onenet.o
 .text.RIL_QONENET_DELETE
                0x00000000       0x4c build\gcc\obj/ril/src/ril_onenet.o
 .bss.onenet_rd_temp_param
                0x00000000        0x8 build\gcc\obj/ril/src/ril_onenet.o
 .rodata.str1.1
                0x00000000      0x22c build\gcc\obj/ril/src/ril_onenet.o
 .bss.g_ONENET_RD_DATA_MODE
                0x00000000        0x1 build\gcc\obj/ril/src/ril_onenet.o
 .text          0x00000000        0x0 build\gcc\obj/ril/src/ril_socket.o
 .data          0x00000000        0x0 build\gcc\obj/ril/src/ril_socket.o
 .bss           0x00000000        0x0 build\gcc\obj/ril/src/ril_socket.o
 .text.ATRsp_Soc_Qiopen_Handler
                0x00000000       0xd4 build\gcc\obj/ril/src/ril_socket.o
 .text.ATRsp_Soc_Qird_Handler
                0x00000000      0x114 build\gcc\obj/ril/src/ril_socket.o
 .text.ATRsp_Soc_Qisend_Handler
                0x00000000       0x5c build\gcc\obj/ril/src/ril_socket.o
 .text.ATResponse_Handler
                0x00000000       0x5c build\gcc\obj/ril/src/ril_socket.o
 .text.ATRsp_Soc_Qiclose_Handler
                0x00000000       0x4c build\gcc\obj/ril/src/ril_socket.o
 .text.RIL_SOC_QIOPEN
                0x00000000       0xfc build\gcc\obj/ril/src/ril_socket.o
 .text.RIL_SOC_QISEND
                0x00000000       0x74 build\gcc\obj/ril/src/ril_socket.o
 .text.RIL_SOC_QISENDEX
                0x00000000       0x74 build\gcc\obj/ril/src/ril_socket.o
 .text.RIL_SOC_QIRD
                0x00000000       0xc8 build\gcc\obj/ril/src/ril_socket.o
 .text.RIL_SOC_QISWTMD
                0x00000000       0x50 build\gcc\obj/ril/src/ril_socket.o
 .text.RIL_SOC_QICFG_FORMAT
                0x00000000       0x60 build\gcc\obj/ril/src/ril_socket.o
 .text.RIL_SOC_QICLOSE
                0x00000000       0x4c build\gcc\obj/ril/src/ril_socket.o
 .rodata.str1.1
                0x00000000      0x12f build\gcc\obj/ril/src/ril_socket.o
 .bss.send_data_format
                0x00000000        0x1 build\gcc\obj/ril/src/ril_socket.o
 .text          0x00000000        0x0 build\gcc\obj/ril/src/ril_system.o
 .data          0x00000000        0x0 build\gcc\obj/ril/src/ril_system.o
 .bss           0x00000000        0x0 build\gcc\obj/ril/src/ril_system.o
 .text.ATRsp_IMEI_Handler
                0x00000000       0x88 build\gcc\obj/ril/src/ril_system.o
 .text.RIL_GetIMEI
                0x00000000       0x4c build\gcc\obj/ril/src/ril_system.o
 .text.RIL_QNbiotEvent_Enable
                0x00000000       0x54 build\gcc\obj/ril/src/ril_system.o
 .text.RIL_QNbiotEvent_Disable
                0x00000000       0x54 build\gcc\obj/ril/src/ril_system.o
 .text.open_socket_rd_param_parse_cmd
                0x00000000      0x160 build\gcc\obj/ril/src/ril_system.o
 .text.open_socket_push_param_parse_cmd
                0x00000000      0x130 build\gcc\obj/ril/src/ril_system.o
 .text.Qstr_seacher_with
                0x00000000       0x58 build\gcc\obj/ril/src/ril_system.o
 .text.open_param_parse_cmd
                0x00000000       0xd4 build\gcc\obj/ril/src/ril_system.o
 .text          0x00000000        0x0 build\gcc\obj/ril/src/ril_urc.o
 .data          0x00000000        0x0 build\gcc\obj/ril/src/ril_urc.o
 .bss           0x00000000        0x0 build\gcc\obj/ril/src/ril_urc.o
 .text          0x00000000        0x0 build\gcc\obj/ril/src/ril_util.o
 .data          0x00000000        0x0 build\gcc\obj/ril/src/ril_util.o
 .bss           0x00000000        0x0 build\gcc\obj/ril/src/ril_util.o
 .text.Ql_HexStrToInt
                0x00000000       0x4c build\gcc\obj/ril/src/ril_util.o
 .text.Ql_GenHash
                0x00000000       0x28 build\gcc\obj/ril/src/ril_util.o
 .text          0x00000000        0x0 build\gcc\obj/example/example_adc.o
 .data          0x00000000        0x0 build\gcc\obj/example/example_adc.o
 .bss           0x00000000        0x0 build\gcc\obj/example/example_adc.o
 .debug_line    0x00000000        0x0 build\gcc\obj/example/example_adc.o
 .debug_str     0x00000000        0x0 build\gcc\obj/example/example_adc.o
 .comment       0x00000000       0x71 build\gcc\obj/example/example_adc.o
 .ARM.attributes
                0x00000000       0x39 build\gcc\obj/example/example_adc.o
 .text          0x00000000        0x0 build\gcc\obj/example/example_dfota_http.o
 .data          0x00000000        0x0 build\gcc\obj/example/example_dfota_http.o
 .bss           0x00000000        0x0 build\gcc\obj/example/example_dfota_http.o
 .debug_line    0x00000000        0x0 build\gcc\obj/example/example_dfota_http.o
 .debug_str     0x00000000        0x0 build\gcc\obj/example/example_dfota_http.o
 .comment       0x00000000       0x71 build\gcc\obj/example/example_dfota_http.o
 .ARM.attributes
                0x00000000       0x39 build\gcc\obj/example/example_dfota_http.o
 .text          0x00000000        0x0 build\gcc\obj/example/example_eint.o
 .data          0x00000000        0x0 build\gcc\obj/example/example_eint.o
 .bss           0x00000000        0x0 build\gcc\obj/example/example_eint.o
 .debug_line    0x00000000        0x0 build\gcc\obj/example/example_eint.o
 .debug_str     0x00000000        0x0 build\gcc\obj/example/example_eint.o
 .comment       0x00000000       0x71 build\gcc\obj/example/example_eint.o
 .ARM.attributes
                0x00000000       0x39 build\gcc\obj/example/example_eint.o
 .text          0x00000000        0x0 build\gcc\obj/example/example_float_math.o
 .data          0x00000000        0x0 build\gcc\obj/example/example_float_math.o
 .bss           0x00000000        0x0 build\gcc\obj/example/example_float_math.o
 .debug_line    0x00000000        0x0 build\gcc\obj/example/example_float_math.o
 .debug_str     0x00000000        0x0 build\gcc\obj/example/example_float_math.o
 .comment       0x00000000       0x71 build\gcc\obj/example/example_float_math.o
 .ARM.attributes
                0x00000000       0x39 build\gcc\obj/example/example_float_math.o
 .text          0x00000000        0x0 build\gcc\obj/example/example_gpio.o
 .data          0x00000000        0x0 build\gcc\obj/example/example_gpio.o
 .bss           0x00000000        0x0 build\gcc\obj/example/example_gpio.o
 .debug_line    0x00000000        0x0 build\gcc\obj/example/example_gpio.o
 .debug_str     0x00000000        0x0 build\gcc\obj/example/example_gpio.o
 .comment       0x00000000       0x71 build\gcc\obj/example/example_gpio.o
 .ARM.attributes
                0x00000000       0x39 build\gcc\obj/example/example_gpio.o
 .text          0x00000000        0x0 build\gcc\obj/example/example_iic.o
 .data          0x00000000        0x0 build\gcc\obj/example/example_iic.o
 .bss           0x00000000        0x0 build\gcc\obj/example/example_iic.o
 .debug_line    0x00000000        0x0 build\gcc\obj/example/example_iic.o
 .debug_str     0x00000000        0x0 build\gcc\obj/example/example_iic.o
 .comment       0x00000000       0x71 build\gcc\obj/example/example_iic.o
 .ARM.attributes
                0x00000000       0x39 build\gcc\obj/example/example_iic.o
 .text          0x00000000        0x0 build\gcc\obj/example/example_lwm2m.o
 .data          0x00000000        0x0 build\gcc\obj/example/example_lwm2m.o
 .bss           0x00000000        0x0 build\gcc\obj/example/example_lwm2m.o
 .debug_line    0x00000000        0x0 build\gcc\obj/example/example_lwm2m.o
 .debug_str     0x00000000        0x0 build\gcc\obj/example/example_lwm2m.o
 .comment       0x00000000       0x71 build\gcc\obj/example/example_lwm2m.o
 .ARM.attributes
                0x00000000       0x39 build\gcc\obj/example/example_lwm2m.o
 .text          0x00000000        0x0 build\gcc\obj/example/example_memory.o
 .data          0x00000000        0x0 build\gcc\obj/example/example_memory.o
 .bss           0x00000000        0x0 build\gcc\obj/example/example_memory.o
 .debug_line    0x00000000        0x0 build\gcc\obj/example/example_memory.o
 .debug_str     0x00000000        0x0 build\gcc\obj/example/example_memory.o
 .comment       0x00000000       0x71 build\gcc\obj/example/example_memory.o
 .ARM.attributes
                0x00000000       0x39 build\gcc\obj/example/example_memory.o
 .text          0x00000000        0x0 build\gcc\obj/example/example_multitask.o
 .data          0x00000000        0x0 build\gcc\obj/example/example_multitask.o
 .bss           0x00000000        0x0 build\gcc\obj/example/example_multitask.o
 .debug_line    0x00000000        0x0 build\gcc\obj/example/example_multitask.o
 .debug_str     0x00000000        0x0 build\gcc\obj/example/example_multitask.o
 .comment       0x00000000       0x71 build\gcc\obj/example/example_multitask.o
 .ARM.attributes
                0x00000000       0x39 build\gcc\obj/example/example_multitask.o
 .text          0x00000000        0x0 build\gcc\obj/example/example_onenet.o
 .data          0x00000000        0x0 build\gcc\obj/example/example_onenet.o
 .bss           0x00000000        0x0 build\gcc\obj/example/example_onenet.o
 .debug_line    0x00000000        0x0 build\gcc\obj/example/example_onenet.o
 .debug_str     0x00000000        0x0 build\gcc\obj/example/example_onenet.o
 .comment       0x00000000       0x71 build\gcc\obj/example/example_onenet.o
 .ARM.attributes
                0x00000000       0x39 build\gcc\obj/example/example_onenet.o
 .text          0x00000000        0x0 build\gcc\obj/example/example_pwm.o
 .data          0x00000000        0x0 build\gcc\obj/example/example_pwm.o
 .bss           0x00000000        0x0 build\gcc\obj/example/example_pwm.o
 .debug_line    0x00000000        0x0 build\gcc\obj/example/example_pwm.o
 .debug_str     0x00000000        0x0 build\gcc\obj/example/example_pwm.o
 .comment       0x00000000       0x71 build\gcc\obj/example/example_pwm.o
 .ARM.attributes
                0x00000000       0x39 build\gcc\obj/example/example_pwm.o
 .text          0x00000000        0x0 build\gcc\obj/example/example_rtc.o
 .data          0x00000000        0x0 build\gcc\obj/example/example_rtc.o
 .bss           0x00000000        0x0 build\gcc\obj/example/example_rtc.o
 .debug_line    0x00000000        0x0 build\gcc\obj/example/example_rtc.o
 .debug_str     0x00000000        0x0 build\gcc\obj/example/example_rtc.o
 .comment       0x00000000       0x71 build\gcc\obj/example/example_rtc.o
 .ARM.attributes
                0x00000000       0x39 build\gcc\obj/example/example_rtc.o
 .text          0x00000000        0x0 build\gcc\obj/example/example_spi.o
 .data          0x00000000        0x0 build\gcc\obj/example/example_spi.o
 .bss           0x00000000        0x0 build\gcc\obj/example/example_spi.o
 .debug_line    0x00000000        0x0 build\gcc\obj/example/example_spi.o
 .debug_str     0x00000000        0x0 build\gcc\obj/example/example_spi.o
 .comment       0x00000000       0x71 build\gcc\obj/example/example_spi.o
 .ARM.attributes
                0x00000000       0x39 build\gcc\obj/example/example_spi.o
 .text          0x00000000        0x0 build\gcc\obj/example/example_system.o
 .data          0x00000000        0x0 build\gcc\obj/example/example_system.o
 .bss           0x00000000        0x0 build\gcc\obj/example/example_system.o
 .debug_line    0x00000000        0x0 build\gcc\obj/example/example_system.o
 .debug_str     0x00000000        0x0 build\gcc\obj/example/example_system.o
 .comment       0x00000000       0x71 build\gcc\obj/example/example_system.o
 .ARM.attributes
                0x00000000       0x39 build\gcc\obj/example/example_system.o
 .text          0x00000000        0x0 build\gcc\obj/example/example_tcpclient.o
 .data          0x00000000        0x0 build\gcc\obj/example/example_tcpclient.o
 .bss           0x00000000        0x0 build\gcc\obj/example/example_tcpclient.o
 .debug_line    0x00000000        0x0 build\gcc\obj/example/example_tcpclient.o
 .debug_str     0x00000000        0x0 build\gcc\obj/example/example_tcpclient.o
 .comment       0x00000000       0x71 build\gcc\obj/example/example_tcpclient.o
 .ARM.attributes
                0x00000000       0x39 build\gcc\obj/example/example_tcpclient.o
 .text          0x00000000        0x0 build\gcc\obj/example/example_time.o
 .data          0x00000000        0x0 build\gcc\obj/example/example_time.o
 .bss           0x00000000        0x0 build\gcc\obj/example/example_time.o
 .debug_line    0x00000000        0x0 build\gcc\obj/example/example_time.o
 .debug_str     0x00000000        0x0 build\gcc\obj/example/example_time.o
 .comment       0x00000000       0x71 build\gcc\obj/example/example_time.o
 .ARM.attributes
                0x00000000       0x39 build\gcc\obj/example/example_time.o
 .text          0x00000000        0x0 build\gcc\obj/example/example_timer.o
 .data          0x00000000        0x0 build\gcc\obj/example/example_timer.o
 .bss           0x00000000        0x0 build\gcc\obj/example/example_timer.o
 .debug_line    0x00000000        0x0 build\gcc\obj/example/example_timer.o
 .debug_str     0x00000000        0x0 build\gcc\obj/example/example_timer.o
 .comment       0x00000000       0x71 build\gcc\obj/example/example_timer.o
 .ARM.attributes
                0x00000000       0x39 build\gcc\obj/example/example_timer.o
 .text          0x00000000        0x0 build\gcc\obj/example/example_udpclient.o
 .data          0x00000000        0x0 build\gcc\obj/example/example_udpclient.o
 .bss           0x00000000        0x0 build\gcc\obj/example/example_udpclient.o
 .debug_line    0x00000000        0x0 build\gcc\obj/example/example_udpclient.o
 .debug_str     0x00000000        0x0 build\gcc\obj/example/example_udpclient.o
 .comment       0x00000000       0x71 build\gcc\obj/example/example_udpclient.o
 .ARM.attributes
                0x00000000       0x39 build\gcc\obj/example/example_udpclient.o
 .text          0x00000000        0x0 build\gcc\obj/example/example_watchdog.o
 .data          0x00000000        0x0 build\gcc\obj/example/example_watchdog.o
 .bss           0x00000000        0x0 build\gcc\obj/example/example_watchdog.o
 .debug_line    0x00000000        0x0 build\gcc\obj/example/example_watchdog.o
 .debug_str     0x00000000        0x0 build\gcc\obj/example/example_watchdog.o
 .comment       0x00000000       0x71 build\gcc\obj/example/example_watchdog.o
 .ARM.attributes
                0x00000000       0x39 build\gcc\obj/example/example_watchdog.o
 .text          0x00000000        0x0 build\gcc\obj/example/utility.o
 .data          0x00000000        0x0 build\gcc\obj/example/utility.o
 .bss           0x00000000        0x0 build\gcc\obj/example/utility.o
 .text.Analyse_Command
                0x00000000       0xec build\gcc\obj/example/utility.o
 .rodata.str1.1
                0x00000000        0xb build\gcc\obj/example/utility.o
 .debug_info    0x00000000      0x28e build\gcc\obj/example/utility.o
 .debug_abbrev  0x00000000      0x154 build\gcc\obj/example/utility.o
 .debug_loc     0x00000000      0x2e4 build\gcc\obj/example/utility.o
 .debug_aranges
                0x00000000       0x20 build\gcc\obj/example/utility.o
 .debug_ranges  0x00000000       0x10 build\gcc\obj/example/utility.o
 .debug_line    0x00000000       0x89 build\gcc\obj/example/utility.o
 .debug_str     0x00000000      0x265 build\gcc\obj/example/utility.o
 .comment       0x00000000       0x71 build\gcc\obj/example/utility.o
 .ARM.attributes
                0x00000000       0x39 build\gcc\obj/example/utility.o
 .debug_frame   0x00000000       0x3c build\gcc\obj/example/utility.o
 .text          0x00000000        0x0 build\gcc\obj/custom/custom_gpio.o
 .data          0x00000000        0x0 build\gcc\obj/custom/custom_gpio.o
 .bss           0x00000000        0x0 build\gcc\obj/custom/custom_gpio.o
 .debug_info    0x00000000       0x80 build\gcc\obj/custom/custom_gpio.o
 .debug_abbrev  0x00000000       0x45 build\gcc\obj/custom/custom_gpio.o
 .debug_aranges
                0x00000000       0x18 build\gcc\obj/custom/custom_gpio.o
 .debug_line    0x00000000       0x35 build\gcc\obj/custom/custom_gpio.o
 .debug_str     0x00000000      0x205 build\gcc\obj/custom/custom_gpio.o
 .comment       0x00000000       0x71 build\gcc\obj/custom/custom_gpio.o
 .ARM.attributes
                0x00000000       0x39 build\gcc\obj/custom/custom_gpio.o
 .text          0x00000000        0x0 build\gcc\obj/custom/custom_iic.o
 .data          0x00000000        0x0 build\gcc\obj/custom/custom_iic.o
 .bss           0x00000000        0x0 build\gcc\obj/custom/custom_iic.o
 .text.IIC_Send_Ack
                0x00000000       0x34 build\gcc\obj/custom/custom_iic.o
 .text.IIC_Ack  0x00000000       0x40 build\gcc\obj/custom/custom_iic.o
 .text.IIC_Nack
                0x00000000       0x40 build\gcc\obj/custom/custom_iic.o
 .text.IIC_Read_Byte
                0x00000000       0x78 build\gcc\obj/custom/custom_iic.o
 .text.DHT12_ReciveByte
                0x00000000       0x58 build\gcc\obj/custom/custom_iic.o
 .text.READ_Temprature
                0x00000000       0xec build\gcc\obj/custom/custom_iic.o
 .text.DHT12_READ
                0x00000000       0x5c build\gcc\obj/custom/custom_iic.o
 .data.I2C_SendBuf
                0x00000000        0x8 build\gcc\obj/custom/custom_iic.o
 .bss.I2C_RecvBuf
                0x00000000        0x8 build\gcc\obj/custom/custom_iic.o
 .text          0x00000000        0x0 build\gcc\obj/custom/main.o
 .data          0x00000000        0x0 build\gcc\obj/custom/main.o
 .bss           0x00000000        0x0 build\gcc\obj/custom/main.o
 .text          0x00000000        0x0 libs/gcc/app_start.lib(gpio.o)
 .data          0x00000000        0x0 libs/gcc/app_start.lib(gpio.o)
 .bss           0x00000000        0x0 libs/gcc/app_start.lib(gpio.o)
 .text.Ql_GPIO_SetDirection
                0x00000000       0x38 libs/gcc/app_start.lib(gpio.o)
 .text.Ql_GPIO_GetDirection
                0x00000000       0x34 libs/gcc/app_start.lib(gpio.o)
 .text.Ql_GPIO_SetPullSelection
                0x00000000       0x38 libs/gcc/app_start.lib(gpio.o)
 .text.Ql_GPIO_Uninit
                0x00000000       0x34 libs/gcc/app_start.lib(gpio.o)
 .bss.m_GPIO_GetDirection
                0x00000000        0x4 libs/gcc/app_start.lib(gpio.o)
 .bss.m_GPIO_SetDirection
                0x00000000        0x4 libs/gcc/app_start.lib(gpio.o)
 .bss.m_GPIO_SetPullSelection
                0x00000000        0x4 libs/gcc/app_start.lib(gpio.o)
 .bss.m_GPIO_Uninit
                0x00000000        0x4 libs/gcc/app_start.lib(gpio.o)
 .text          0x00000000        0x0 libs/gcc/app_start.lib(memory.o)
 .data          0x00000000        0x0 libs/gcc/app_start.lib(memory.o)
 .bss           0x00000000        0x0 libs/gcc/app_start.lib(memory.o)
 .text          0x00000000        0x0 libs/gcc/app_start.lib(ql_func.o)
 .data          0x00000000        0x0 libs/gcc/app_start.lib(ql_func.o)
 .bss           0x00000000        0x0 libs/gcc/app_start.lib(ql_func.o)
 .text.Ql_StartPlayAudioStream
                0x00000000       0x50 libs/gcc/app_start.lib(ql_func.o)
 .text.Ql_StopPlayAudioStream
                0x00000000       0x30 libs/gcc/app_start.lib(ql_func.o)
 .text.Ql_GetRelativeTime_Counter
                0x00000000       0x28 libs/gcc/app_start.lib(ql_func.o)
 .text.Ql_SecondToTicks
                0x00000000       0x2c libs/gcc/app_start.lib(ql_func.o)
 .text.Ql_MillisecondToTicks
                0x00000000       0x2c libs/gcc/app_start.lib(ql_func.o)
 .text.Ql_CalendarTime2LocalTime
                0x00000000       0x34 libs/gcc/app_start.lib(ql_func.o)
 .text.Ql_osChangeTaskPriority
                0x00000000       0x30 libs/gcc/app_start.lib(ql_func.o)
 .bss.m_SecondToTicks
                0x00000000        0x4 libs/gcc/app_start.lib(ql_func.o)
 .bss.m_GetRelativeTime_Counter
                0x00000000        0x4 libs/gcc/app_start.lib(ql_func.o)
 .rodata.str1.1
                0x00000000       0xa3 libs/gcc/app_start.lib(ql_func.o)
 .bss.m_StartPlayAudioStream
                0x00000000        0x4 libs/gcc/app_start.lib(ql_func.o)
 .bss.m_StopPlayAudioStream
                0x00000000        0x4 libs/gcc/app_start.lib(ql_func.o)
 .bss.m_CalendarTime2LocalTime
                0x00000000        0x4 libs/gcc/app_start.lib(ql_func.o)
 .bss.m_MillisecondToTicks
                0x00000000        0x4 libs/gcc/app_start.lib(ql_func.o)
 .bss.m_osChangeTaskPriority
                0x00000000        0x4 libs/gcc/app_start.lib(ql_func.o)
 .text          0x00000000        0x0 libs/gcc/app_start.lib(ql_main.o)
 .data          0x00000000        0x0 libs/gcc/app_start.lib(ql_main.o)
 .bss           0x00000000        0x0 libs/gcc/app_start.lib(ql_main.o)
 .text          0x00000000        0x0 libs/gcc/app_start.lib(ril_aux.o)
 .data          0x00000000        0x0 libs/gcc/app_start.lib(ril_aux.o)
 .bss           0x00000000        0x0 libs/gcc/app_start.lib(ril_aux.o)
 .text          0x00000000        0x0 libs/gcc/app_start.lib(ril_main.o)
 .data          0x00000000        0x0 libs/gcc/app_start.lib(ril_main.o)
 .bss           0x00000000        0x0 libs/gcc/app_start.lib(ril_main.o)
 .text.get_ril_init_status
                0x00000000        0xc libs/gcc/app_start.lib(ril_main.o)
 .text.Ql_RIL_WriteDataToCore
                0x00000000        0x4 libs/gcc/app_start.lib(ril_main.o)
 .text          0x00000000        0x0 libs/gcc/app_start.lib(stdlib_func.o)
 .data          0x00000000        0x0 libs/gcc/app_start.lib(stdlib_func.o)
 .bss           0x00000000        0x0 libs/gcc/app_start.lib(stdlib_func.o)
 .text.Ql_create_api_hash
                0x00000000       0x18 libs/gcc/app_start.lib(stdlib_func.o)
 .text.Ql_ui64toa
                0x00000000       0x60 libs/gcc/app_start.lib(stdlib_func.o)
 .text.Ql_itoa  0x00000000       0x58 libs/gcc/app_start.lib(stdlib_func.o)
 .text.Ql_atof  0x00000000       0x60 libs/gcc/app_start.lib(stdlib_func.o)
 .text.Ql_strcpy
                0x00000000       0x58 libs/gcc/app_start.lib(stdlib_func.o)
 .text.Ql_strcat
                0x00000000       0x48 libs/gcc/app_start.lib(stdlib_func.o)
 .text.Ql_strncat
                0x00000000       0x50 libs/gcc/app_start.lib(stdlib_func.o)
 .text.Ql_strcmp
                0x00000000       0x38 libs/gcc/app_start.lib(stdlib_func.o)
 .text.Ql_memmove
                0x00000000       0x50 libs/gcc/app_start.lib(stdlib_func.o)
 .text.Ql_tolower
                0x00000000        0x4 libs/gcc/app_start.lib(stdlib_func.o)
 .text.Ql_isdigit
                0x00000000        0xc libs/gcc/app_start.lib(stdlib_func.o)
 .bss.m_memmove
                0x00000000        0x4 libs/gcc/app_start.lib(stdlib_func.o)
 .bss.m_strcpy  0x00000000        0x4 libs/gcc/app_start.lib(stdlib_func.o)
 .bss.m_atof    0x00000000        0x4 libs/gcc/app_start.lib(stdlib_func.o)
 .bss.m_strcmp  0x00000000        0x4 libs/gcc/app_start.lib(stdlib_func.o)
 .bss.m_strncat
                0x00000000        0x4 libs/gcc/app_start.lib(stdlib_func.o)
 .bss.m_itoa    0x00000000        0x4 libs/gcc/app_start.lib(stdlib_func.o)
 .bss.m_strcat  0x00000000        0x4 libs/gcc/app_start.lib(stdlib_func.o)
 .bss.m_ui64toa
                0x00000000        0x4 libs/gcc/app_start.lib(stdlib_func.o)
 .text          0x00000000        0x0 libs/gcc/app_start.lib(system.o)
 .data          0x00000000        0x0 libs/gcc/app_start.lib(system.o)
 .bss           0x00000000        0x0 libs/gcc/app_start.lib(system.o)
 .text.Ql_Reset
                0x00000000       0x2c libs/gcc/app_start.lib(system.o)
 .bss.m_Reset   0x00000000        0x4 libs/gcc/app_start.lib(system.o)
 .text          0x00000000        0x0 libs/gcc/app_start.lib(taskMngt.o)
 .data          0x00000000        0x0 libs/gcc/app_start.lib(taskMngt.o)
 .bss           0x00000000        0x0 libs/gcc/app_start.lib(taskMngt.o)
 .text.Ql_OS_SendMessageFromISR
                0x00000000       0x44 libs/gcc/app_start.lib(taskMngt.o)
 .text.Ql_OS_CreateSemaphore
                0x00000000       0x30 libs/gcc/app_start.lib(taskMngt.o)
 .text.Ql_OS_TakeSemaphore
                0x00000000       0x30 libs/gcc/app_start.lib(taskMngt.o)
 .text.Ql_OS_GiveSemaphore
                0x00000000       0x2c libs/gcc/app_start.lib(taskMngt.o)
 .text.Ql_OS_GetActiveTaskId
                0x00000000       0x30 libs/gcc/app_start.lib(taskMngt.o)
 .text.Ql_OS_GetTaskTickCount
                0x00000000       0x30 libs/gcc/app_start.lib(taskMngt.o)
 .text.Ql_OS_GetTaskTickCountFromISR
                0x00000000       0x30 libs/gcc/app_start.lib(taskMngt.o)
 .text.Ql_SetLastErrorCode
                0x00000000       0x34 libs/gcc/app_start.lib(taskMngt.o)
 .text.Ql_GetLastErrorCode
                0x00000000       0x30 libs/gcc/app_start.lib(taskMngt.o)
 .text.Ql_OS_GetCurrentTaskPriority
                0x00000000       0x28 libs/gcc/app_start.lib(taskMngt.o)
 .text.Ql_OS_GetCurrenTaskLeftStackSize
                0x00000000       0x28 libs/gcc/app_start.lib(taskMngt.o)
 .text.Ql_SecureData_Store
                0x00000000       0x34 libs/gcc/app_start.lib(taskMngt.o)
 .text.Ql_SecureData_Read
                0x00000000       0x34 libs/gcc/app_start.lib(taskMngt.o)
 .bss.m_OS_GetTaskTickCountFromISR
                0x00000000        0x4 libs/gcc/app_start.lib(taskMngt.o)
 .bss.m_OS_SendMessageFromISR
                0x00000000        0x4 libs/gcc/app_start.lib(taskMngt.o)
 .bss.m_OS_GetActiveTaskId
                0x00000000        0x4 libs/gcc/app_start.lib(taskMngt.o)
 .bss.m_OS_CreateSemaphore
                0x00000000        0x4 libs/gcc/app_start.lib(taskMngt.o)
 .bss.m_OS_GetCurrenTaskLeftStackSize
                0x00000000        0x4 libs/gcc/app_start.lib(taskMngt.o)
 .bss.m_Ql_SecureData_Store
                0x00000000        0x4 libs/gcc/app_start.lib(taskMngt.o)
 .bss.m_GetLastErrorCode
                0x00000000        0x4 libs/gcc/app_start.lib(taskMngt.o)
 .bss.m_OS_GiveSemaphore
                0x00000000        0x4 libs/gcc/app_start.lib(taskMngt.o)
 .bss.m_SetLastErrorCode
                0x00000000        0x4 libs/gcc/app_start.lib(taskMngt.o)
 .bss.m_Ql_SecureData_Read
                0x00000000        0x4 libs/gcc/app_start.lib(taskMngt.o)
 .bss.m_OS_TakeSemaphore
                0x00000000        0x4 libs/gcc/app_start.lib(taskMngt.o)
 .bss.m_OS_GetTaskTickCount
                0x00000000        0x4 libs/gcc/app_start.lib(taskMngt.o)
 .bss.m_OS_GetCurrentTaskPriority
                0x00000000        0x4 libs/gcc/app_start.lib(taskMngt.o)
 .text          0x00000000        0x0 libs/gcc/app_start.lib(timer.o)
 .data          0x00000000        0x0 libs/gcc/app_start.lib(timer.o)
 .bss           0x00000000        0x0 libs/gcc/app_start.lib(timer.o)
 .text.Ql_Timer_RegisterFast
                0x00000000       0x3c libs/gcc/app_start.lib(timer.o)
 .text.Ql_Timer_Delete
                0x00000000       0x34 libs/gcc/app_start.lib(timer.o)
 .text.Ql_Timer_Register_us
                0x00000000       0x3c libs/gcc/app_start.lib(timer.o)
 .text.Ql_Timer_Start_us
                0x00000000       0x3c libs/gcc/app_start.lib(timer.o)
 .text.Ql_Timer_Stop_us
                0x00000000       0x34 libs/gcc/app_start.lib(timer.o)
 .text.Ql_Timer_Delete_us
                0x00000000       0x34 libs/gcc/app_start.lib(timer.o)
 .bss.m_Timer_Register_us
                0x00000000        0x4 libs/gcc/app_start.lib(timer.o)
 .bss.m_Timer_Delete_us
                0x00000000        0x4 libs/gcc/app_start.lib(timer.o)
 .bss.m_Timer_Stop_us
                0x00000000        0x4 libs/gcc/app_start.lib(timer.o)
 .bss.m_Timer_Start_us
                0x00000000        0x4 libs/gcc/app_start.lib(timer.o)
 .bss.m_Timer_RegisterFast
                0x00000000        0x4 libs/gcc/app_start.lib(timer.o)
 .bss.m_Timer_Delete
                0x00000000        0x4 libs/gcc/app_start.lib(timer.o)
 .text          0x00000000        0x0 libs/gcc/app_start.lib(uart.o)
 .data          0x00000000        0x0 libs/gcc/app_start.lib(uart.o)
 .bss           0x00000000        0x0 libs/gcc/app_start.lib(uart.o)
 .text.Ql_UART_OpenEx
                0x00000000       0x38 libs/gcc/app_start.lib(uart.o)
 .text.Ql_UART_Close
                0x00000000       0x2c libs/gcc/app_start.lib(uart.o)
 .text.Ql_UART_GetOption
                0x00000000       0x38 libs/gcc/app_start.lib(uart.o)
 .bss.m_Ql_UART_Close
                0x00000000        0x4 libs/gcc/app_start.lib(uart.o)
 .bss.m_Ql_UART_GetOption
                0x00000000        0x4 libs/gcc/app_start.lib(uart.o)
 .bss.m_Ql_UART_OpenEx
                0x00000000        0x4 libs/gcc/app_start.lib(uart.o)
 .data          0x00000000        0x0 libs/gcc/app_start.lib(ocpu_init.o)
 .bss           0x00000000        0x0 libs/gcc/app_start.lib(ocpu_init.o)
 .text          0x00000000        0x0 tools\gcc\win\gcc-arm-none-eabi/arm-none-eabi/lib/armv7e-m/fpu/libc.a(lib_a-atoi.o)
 .data          0x00000000        0x0 tools\gcc\win\gcc-arm-none-eabi/arm-none-eabi/lib/armv7e-m/fpu/libc.a(lib_a-atoi.o)
 .bss           0x00000000        0x0 tools\gcc\win\gcc-arm-none-eabi/arm-none-eabi/lib/armv7e-m/fpu/libc.a(lib_a-atoi.o)
 .text._atoi_r  0x00000000        0x8 tools\gcc\win\gcc-arm-none-eabi/arm-none-eabi/lib/armv7e-m/fpu/libc.a(lib_a-atoi.o)
 .data          0x00000000        0x0 tools\gcc\win\gcc-arm-none-eabi/arm-none-eabi/lib/armv7e-m/fpu/libc.a(lib_a-memcpy.o)
 .bss           0x00000000        0x0 tools\gcc\win\gcc-arm-none-eabi/arm-none-eabi/lib/armv7e-m/fpu/libc.a(lib_a-memcpy.o)
 .text          0x00000000        0x0 tools\gcc\win\gcc-arm-none-eabi/arm-none-eabi/lib/armv7e-m/fpu/libc.a(lib_a-memset.o)
 .data          0x00000000        0x0 tools\gcc\win\gcc-arm-none-eabi/arm-none-eabi/lib/armv7e-m/fpu/libc.a(lib_a-memset.o)
 .bss           0x00000000        0x0 tools\gcc\win\gcc-arm-none-eabi/arm-none-eabi/lib/armv7e-m/fpu/libc.a(lib_a-memset.o)
 .text          0x00000000        0x0 tools\gcc\win\gcc-arm-none-eabi/arm-none-eabi/lib/armv7e-m/fpu/libc.a(lib_a-strchr.o)
 .data          0x00000000        0x0 tools\gcc\win\gcc-arm-none-eabi/arm-none-eabi/lib/armv7e-m/fpu/libc.a(lib_a-strchr.o)
 .bss           0x00000000        0x0 tools\gcc\win\gcc-arm-none-eabi/arm-none-eabi/lib/armv7e-m/fpu/libc.a(lib_a-strchr.o)
 .text          0x00000000        0x0 tools\gcc\win\gcc-arm-none-eabi/arm-none-eabi/lib/armv7e-m/fpu/libc.a(lib_a-strcpy.o)
 .data          0x00000000        0x0 tools\gcc\win\gcc-arm-none-eabi/arm-none-eabi/lib/armv7e-m/fpu/libc.a(lib_a-strcpy.o)
 .bss           0x00000000        0x0 tools\gcc\win\gcc-arm-none-eabi/arm-none-eabi/lib/armv7e-m/fpu/libc.a(lib_a-strcpy.o)
 .text          0x00000000        0x0 tools\gcc\win\gcc-arm-none-eabi/arm-none-eabi/lib/armv7e-m/fpu/libc.a(lib_a-strlen.o)
 .data          0x00000000        0x0 tools\gcc\win\gcc-arm-none-eabi/arm-none-eabi/lib/armv7e-m/fpu/libc.a(lib_a-strlen.o)
 .bss           0x00000000        0x0 tools\gcc\win\gcc-arm-none-eabi/arm-none-eabi/lib/armv7e-m/fpu/libc.a(lib_a-strlen.o)
 .text          0x00000000        0x0 tools\gcc\win\gcc-arm-none-eabi/arm-none-eabi/lib/armv7e-m/fpu/libc.a(lib_a-strncpy.o)
 .data          0x00000000        0x0 tools\gcc\win\gcc-arm-none-eabi/arm-none-eabi/lib/armv7e-m/fpu/libc.a(lib_a-strncpy.o)
 .bss           0x00000000        0x0 tools\gcc\win\gcc-arm-none-eabi/arm-none-eabi/lib/armv7e-m/fpu/libc.a(lib_a-strncpy.o)
 .text          0x00000000        0x0 tools\gcc\win\gcc-arm-none-eabi/arm-none-eabi/lib/armv7e-m/fpu/libc.a(lib_a-strsep.o)
 .data          0x00000000        0x0 tools\gcc\win\gcc-arm-none-eabi/arm-none-eabi/lib/armv7e-m/fpu/libc.a(lib_a-strsep.o)
 .bss           0x00000000        0x0 tools\gcc\win\gcc-arm-none-eabi/arm-none-eabi/lib/armv7e-m/fpu/libc.a(lib_a-strsep.o)
 .text          0x00000000        0x0 tools\gcc\win\gcc-arm-none-eabi/arm-none-eabi/lib/armv7e-m/fpu/libc.a(lib_a-strtok.o)
 .data          0x00000000        0x0 tools\gcc\win\gcc-arm-none-eabi/arm-none-eabi/lib/armv7e-m/fpu/libc.a(lib_a-strtok.o)
 .bss           0x00000000        0x0 tools\gcc\win\gcc-arm-none-eabi/arm-none-eabi/lib/armv7e-m/fpu/libc.a(lib_a-strtok.o)
 .text          0x00000000        0x0 tools\gcc\win\gcc-arm-none-eabi/arm-none-eabi/lib/armv7e-m/fpu/libc.a(lib_a-strtok_r.o)
 .data          0x00000000        0x0 tools\gcc\win\gcc-arm-none-eabi/arm-none-eabi/lib/armv7e-m/fpu/libc.a(lib_a-strtok_r.o)
 .bss           0x00000000        0x0 tools\gcc\win\gcc-arm-none-eabi/arm-none-eabi/lib/armv7e-m/fpu/libc.a(lib_a-strtok_r.o)
 .text.strtok_r
                0x00000000        0x8 tools\gcc\win\gcc-arm-none-eabi/arm-none-eabi/lib/armv7e-m/fpu/libc.a(lib_a-strtok_r.o)
 .text          0x00000000        0x0 tools\gcc\win\gcc-arm-none-eabi/arm-none-eabi/lib/armv7e-m/fpu/libc.a(lib_a-strtol.o)
 .data          0x00000000        0x0 tools\gcc\win\gcc-arm-none-eabi/arm-none-eabi/lib/armv7e-m/fpu/libc.a(lib_a-strtol.o)
 .bss           0x00000000        0x0 tools\gcc\win\gcc-arm-none-eabi/arm-none-eabi/lib/armv7e-m/fpu/libc.a(lib_a-strtol.o)
 .text          0x00000000        0x0 tools\gcc\win\gcc-arm-none-eabi/arm-none-eabi/lib/armv7e-m/fpu/libc.a(lib_a-ctype_.o)
 .data          0x00000000        0x0 tools\gcc\win\gcc-arm-none-eabi/arm-none-eabi/lib/armv7e-m/fpu/libc.a(lib_a-ctype_.o)
 .bss           0x00000000        0x0 tools\gcc\win\gcc-arm-none-eabi/arm-none-eabi/lib/armv7e-m/fpu/libc.a(lib_a-ctype_.o)
 .text          0x00000000        0x0 tools\gcc\win\gcc-arm-none-eabi/arm-none-eabi/lib/armv7e-m/fpu/libc.a(lib_a-impure.o)
 .data          0x00000000        0x0 tools\gcc\win\gcc-arm-none-eabi/arm-none-eabi/lib/armv7e-m/fpu/libc.a(lib_a-impure.o)
 .bss           0x00000000        0x0 tools\gcc\win\gcc-arm-none-eabi/arm-none-eabi/lib/armv7e-m/fpu/libc.a(lib_a-impure.o)
 .rodata._global_impure_ptr
                0x00000000        0x4 tools\gcc\win\gcc-arm-none-eabi/arm-none-eabi/lib/armv7e-m/fpu/libc.a(lib_a-impure.o)

Memory Configuration

Name             Origin             Length             Attributes
ROM              0x08292040         0x00032000         xr
RAM              0x001e7000         0x00019000         xrw
*default*        0x00000000         0xffffffff

Linker script and memory map

                0x08292040                . = 0x8292040

.initdata       0x08292040       0x2c
                0x08292040                . = ALIGN (0x4)
 *(.initdata)
 .initdata      0x08292040       0x2c libs/gcc/app_start.lib(ql_main.o)
                0x08292040                GADLENTRY

text            0x0829206c     0x2efc
                0x0829206c                . = ALIGN (0x4)
 *(.text.*)
 .text.Ql_RIL_AT_SetErrCode
                0x0829206c        0xc build\gcc\obj/ril/src/ril_atResponse.o
                0x0829206c                Ql_RIL_AT_SetErrCode
 .text.Default_atRsp_callback
                0x08292078       0xec build\gcc\obj/ril/src/ril_atResponse.o
                0x08292078                Default_atRsp_callback
 .text.DFOTA_Analysis
                0x08292164      0x104 build\gcc\obj/ril/src/ril_dfota.o
                0x08292164                DFOTA_Analysis
 .text.Dfota_Upgrade_States
                0x08292268        0x2 build\gcc\obj/ril/src/ril_dfota.o
                0x08292268                Dfota_Upgrade_States
 .text.RIL_GetInitCmdCnt
                0x0829226a        0x4 build\gcc\obj/ril/src/ril_init.o
                0x0829226a                RIL_GetInitCmdCnt
 .text.RIL_GetLimitedCmdCnt
                0x0829226e        0x4 build\gcc\obj/ril/src/ril_init.o
                0x0829226e                RIL_GetLimitedCmdCnt
 *fill*         0x08292272        0x2 
 .text.RIL_SIM_GetSimStateByName
                0x08292274       0xc8 build\gcc\obj/ril/src/ril_network.o
                0x08292274                RIL_SIM_GetSimStateByName
 .text.QSDK_Get_Str
                0x0829233c       0x78 build\gcc\obj/ril/src/ril_system.o
                0x0829233c                QSDK_Get_Str
 .text.open_socket_push_json_param_parse_cmd
                0x082923b4      0x128 build\gcc\obj/ril/src/ril_system.o
                0x082923b4                open_socket_push_json_param_parse_cmd
 .text.open_lwm2m_param_parse_cmd
                0x082924dc      0x130 build\gcc\obj/ril/src/ril_system.o
                0x082924dc                open_lwm2m_param_parse_cmd
 .text.open_onenet_push_param_parse_cmd
                0x0829260c      0x170 build\gcc\obj/ril/src/ril_system.o
                0x0829260c                open_onenet_push_param_parse_cmd
 .text.OnURCHandler_DFOTA_Hander
                0x0829277c       0x3c build\gcc\obj/ril/src/ril_urc.o
 .text.OnURCHandler_ONENET_EXECUTE
                0x082927b8      0x104 build\gcc\obj/ril/src/ril_urc.o
 .text.OnURCHandler_ONENET_READ
                0x082928bc       0xdc build\gcc\obj/ril/src/ril_urc.o
 .text.OnURCHandler_ONENET_DISCOVER
                0x08292998       0xac build\gcc\obj/ril/src/ril_urc.o
 .text.OnURCHandler_ONENET_OBSERVER
                0x08292a44       0xf0 build\gcc\obj/ril/src/ril_urc.o
 .text.OnURCHandler_ONENET_EVENT
                0x08292b34       0xf8 build\gcc\obj/ril/src/ril_urc.o
 .text.OnURCHandler_LwM2M_OBSERVE
                0x08292c2c       0xc4 build\gcc\obj/ril/src/ril_urc.o
 .text.OnURCHandler_NbiotEvent
                0x08292cf0       0x3c build\gcc\obj/ril/src/ril_urc.o
 .text.OnURCHandler_CFUN
                0x08292d2c       0x70 build\gcc\obj/ril/src/ril_urc.o
 .text.OnURCHandler_Network
                0x08292d9c       0x80 build\gcc\obj/ril/src/ril_urc.o
 .text.OnURCHandler_ONENET_WRITE
                0x08292e1c      0x14c build\gcc\obj/ril/src/ril_urc.o
 .text.OnURCHandler_LwM2M_RECV_DATA
                0x08292f68       0xec build\gcc\obj/ril/src/ril_urc.o
 .text.OnURCHandler_QIURC_DATA
                0x08293054      0x160 build\gcc\obj/ril/src/ril_urc.o
 .text.OnURCHandler_SIM
                0x082931b4       0x90 build\gcc\obj/ril/src/ril_urc.o
 .text.OnURCHandler
                0x08293244       0x70 build\gcc\obj/ril/src/ril_urc.o
                0x08293244                OnURCHandler
 .text.Ql_RIL_IsURCStr
                0x082932b4       0x40 build\gcc\obj/ril/src/ril_urc.o
                0x082932b4                Ql_RIL_IsURCStr
 .text.Ql_StrPrefixMatch
                0x082932f4       0x28 build\gcc\obj/ril/src/ril_util.o
                0x082932f4                Ql_StrPrefixMatch
 .text.Ql_StrToUpper
                0x0829331c       0x28 build\gcc\obj/ril/src/ril_util.o
                0x0829331c                Ql_StrToUpper
 .text.Ql_RIL_FindString
                0x08293344       0x50 build\gcc\obj/ril/src/ril_util.o
                0x08293344                Ql_RIL_FindString
 .text.Ql_RIL_FindLine
                0x08293394      0x154 build\gcc\obj/ril/src/ril_util.o
                0x08293394                Ql_RIL_FindLine
 .text.Custom_GPIO_Init_IIC
                0x082934e8       0x60 build\gcc\obj/custom/custom_iic.o
                0x082934e8                Custom_GPIO_Init_IIC
 .text.IIC_Star
                0x08293548       0x40 build\gcc\obj/custom/custom_iic.o
                0x08293548                IIC_Star
 .text.IIC_Stop
                0x08293588       0x24 build\gcc\obj/custom/custom_iic.o
                0x08293588                IIC_Stop
 .text.IIC_Send_byte
                0x082935ac       0x60 build\gcc\obj/custom/custom_iic.o
                0x082935ac                IIC_Send_byte
 .text.IIC_Wait_Ack
                0x0829360c       0xd0 build\gcc\obj/custom/custom_iic.o
                0x0829360c                IIC_Wait_Ack
 .text.proc_reserved5
                0x082936dc       0x30 build\gcc\obj/custom/custom_iic.o
                0x082936dc                proc_reserved5
 .text.ATResponse_Handler
                0x0829370c       0x98 build\gcc\obj/custom/main.o
 .text.CallBack_UART_Hdlr
                0x082937a4       0xe8 build\gcc\obj/custom/main.o
 .text.proc_main_task
                0x0829388c      0x158 build\gcc\obj/custom/main.o
                0x0829388c                proc_main_task
 .text.Ql_GPIO_Init
                0x082939e4       0x44 libs/gcc/app_start.lib(gpio.o)
                0x082939e4                Ql_GPIO_Init
 .text.Ql_GPIO_SetLevel
                0x08293a28       0x38 libs/gcc/app_start.lib(gpio.o)
                0x08293a28                Ql_GPIO_SetLevel
 .text.Ql_GPIO_GetLevel
                0x08293a60       0x34 libs/gcc/app_start.lib(gpio.o)
                0x08293a60                Ql_GPIO_GetLevel
 .text.Ql_MEM_Alloc
                0x08293a94       0x44 libs/gcc/app_start.lib(memory.o)
                0x08293a94                Ql_MEM_Alloc
 .text.Ql_MEM_Free
                0x08293ad8       0x40 libs/gcc/app_start.lib(memory.o)
                0x08293ad8                Ql_MEM_Free
 .text.ql_InitVFunc
                0x08293b18       0x7c libs/gcc/app_start.lib(ql_main.o)
                0x08293b18                ql_InitVFunc
 .text.ocpu_main
                0x08293b94       0x68 libs/gcc/app_start.lib(ql_main.o)
                0x08293b94                ocpu_main
 .text.proc_reserved2
                0x08293bfc       0x40 libs/gcc/app_start.lib(ril_aux.o)
                0x08293bfc                proc_reserved2
 .text.ril_StopATTimer
                0x08293c3c       0x1c libs/gcc/app_start.lib(ril_main.o)
 .text.Callback_OnATTimer
                0x08293c58       0x34 libs/gcc/app_start.lib(ril_main.o)
 .text.Ql_RIL_Initialize
                0x08293c8c       0x90 libs/gcc/app_start.lib(ril_main.o)
                0x08293c8c                Ql_RIL_Initialize
 .text.Ql_RIL_SendATCmd
                0x08293d1c      0x1c8 libs/gcc/app_start.lib(ril_main.o)
                0x08293d1c                Ql_RIL_SendATCmd
 .text.str_seacher_with
                0x08293ee4       0x58 libs/gcc/app_start.lib(ril_main.o)
                0x08293ee4                str_seacher_with
 .text.proc_reserved1
                0x08293f3c      0x340 libs/gcc/app_start.lib(ril_main.o)
                0x08293f3c                proc_reserved1
 .text.Ql_strncpy
                0x0829427c       0x50 libs/gcc/app_start.lib(stdlib_func.o)
                0x0829427c                Ql_strncpy
 .text.Ql_strlen
                0x082942cc       0x44 libs/gcc/app_start.lib(stdlib_func.o)
                0x082942cc                Ql_strlen
 .text.Ql_strncmp
                0x08294310       0x3c libs/gcc/app_start.lib(stdlib_func.o)
                0x08294310                Ql_strncmp
 .text.Ql_memset
                0x0829434c       0x50 libs/gcc/app_start.lib(stdlib_func.o)
                0x0829434c                Ql_memset
 .text.Ql_memcpy
                0x0829439c       0x50 libs/gcc/app_start.lib(stdlib_func.o)
                0x0829439c                Ql_memcpy
 .text.Ql_memcmp
                0x082943ec       0x3c libs/gcc/app_start.lib(stdlib_func.o)
                0x082943ec                Ql_memcmp
 .text.Ql_strstr
                0x08294428       0x48 libs/gcc/app_start.lib(stdlib_func.o)
                0x08294428                Ql_strstr
 .text.Ql_strchr
                0x08294470       0x48 libs/gcc/app_start.lib(stdlib_func.o)
                0x08294470                Ql_strchr
 .text.Ql_toupper
                0x082944b8        0x4 libs/gcc/app_start.lib(stdlib_func.o)
                0x082944b8                Ql_toupper
 .text.Ql_atoi  0x082944bc       0x4e libs/gcc/app_start.lib(stdlib_func.o)
                0x082944bc                Ql_atoi
 *fill*         0x0829450a        0x2 
 .text.Ql_Sleep
                0x0829450c       0x2c libs/gcc/app_start.lib(system.o)
                0x0829450c                Ql_Sleep
 .text.Ql_Delay_us
                0x08294538       0x2c libs/gcc/app_start.lib(system.o)
                0x08294538                Ql_Delay_us
 .text.Ql_GetvFunc_Init_Status
                0x08294564       0x28 libs/gcc/app_start.lib(system.o)
                0x08294564                Ql_GetvFunc_Init_Status
 .text.Ql_GetSDKVer
                0x0829458c       0x38 libs/gcc/app_start.lib(system.o)
                0x0829458c                Ql_GetSDKVer
 .text.Ql_OS_GetMessage
                0x082945c4       0x34 libs/gcc/app_start.lib(taskMngt.o)
                0x082945c4                Ql_OS_GetMessage
 .text.Ql_OS_SendMessage
                0x082945f8       0x44 libs/gcc/app_start.lib(taskMngt.o)
                0x082945f8                Ql_OS_SendMessage
 .text.Ql_OS_CreateMutex
                0x0829463c       0x28 libs/gcc/app_start.lib(taskMngt.o)
                0x0829463c                Ql_OS_CreateMutex
 .text.Ql_OS_TakeMutex
                0x08294664       0x30 libs/gcc/app_start.lib(taskMngt.o)
                0x08294664                Ql_OS_TakeMutex
 .text.Ql_OS_GiveMutex
                0x08294694       0x2c libs/gcc/app_start.lib(taskMngt.o)
                0x08294694                Ql_OS_GiveMutex
 .text.Ql_OS_CreateEvent
                0x082946c0       0x28 libs/gcc/app_start.lib(taskMngt.o)
                0x082946c0                Ql_OS_CreateEvent
 .text.Ql_OS_WaitEvent
                0x082946e8       0x3c libs/gcc/app_start.lib(taskMngt.o)
                0x082946e8                Ql_OS_WaitEvent
 .text.Ql_OS_SetEvent
                0x08294724       0x38 libs/gcc/app_start.lib(taskMngt.o)
                0x08294724                Ql_OS_SetEvent
 .text.Ql_ril_request_command
                0x0829475c       0x34 libs/gcc/app_start.lib(taskMngt.o)
                0x0829475c                Ql_ril_request_command
 .text.Ql_Timer_Register
                0x08294790       0x3c libs/gcc/app_start.lib(timer.o)
                0x08294790                Ql_Timer_Register
 .text.Ql_Timer_Start
                0x082947cc       0x3c libs/gcc/app_start.lib(timer.o)
                0x082947cc                Ql_Timer_Start
 .text.Ql_Timer_Stop
                0x08294808       0x34 libs/gcc/app_start.lib(timer.o)
                0x08294808                Ql_Timer_Stop
 .text.Ql_UART_Register
                0x0829483c       0x3c libs/gcc/app_start.lib(uart.o)
                0x0829483c                Ql_UART_Register
 .text.Ql_UART_Open
                0x08294878       0x3c libs/gcc/app_start.lib(uart.o)
                0x08294878                Ql_UART_Open
 .text.Ql_UART_Write
                0x082948b4       0x3c libs/gcc/app_start.lib(uart.o)
                0x082948b4                Ql_UART_Write
 .text.Ql_UART_Read
                0x082948f0       0x3c libs/gcc/app_start.lib(uart.o)
                0x082948f0                Ql_UART_Read
 .text.atoi     0x0829492c        0x8 tools\gcc\win\gcc-arm-none-eabi/arm-none-eabi/lib/armv7e-m/fpu/libc.a(lib_a-atoi.o)
                0x0829492c                atoi
 .text.memset   0x08294934       0x94 tools\gcc\win\gcc-arm-none-eabi/arm-none-eabi/lib/armv7e-m/fpu/libc.a(lib_a-memset.o)
                0x08294934                memset
 .text.strchr   0x082949c8       0xf4 tools\gcc\win\gcc-arm-none-eabi/arm-none-eabi/lib/armv7e-m/fpu/libc.a(lib_a-strchr.o)
                0x082949c8                strchr
 .text.strcpy   0x08294abc       0xbc tools\gcc\win\gcc-arm-none-eabi/arm-none-eabi/lib/armv7e-m/fpu/libc.a(lib_a-strcpy.o)
                0x08294abc                strcpy
 .text.strlen   0x08294b78       0x60 tools\gcc\win\gcc-arm-none-eabi/arm-none-eabi/lib/armv7e-m/fpu/libc.a(lib_a-strlen.o)
                0x08294b78                strlen
 .text.strncpy  0x08294bd8       0x64 tools\gcc\win\gcc-arm-none-eabi/arm-none-eabi/lib/armv7e-m/fpu/libc.a(lib_a-strncpy.o)
                0x08294bd8                strncpy
 .text.strsep   0x08294c3c        0xc tools\gcc\win\gcc-arm-none-eabi/arm-none-eabi/lib/armv7e-m/fpu/libc.a(lib_a-strsep.o)
                0x08294c3c                strsep
 .text.strtok   0x08294c48       0x10 tools\gcc\win\gcc-arm-none-eabi/arm-none-eabi/lib/armv7e-m/fpu/libc.a(lib_a-strtok.o)
                0x08294c48                strtok
 .text.__strtok_r
                0x08294c58       0x64 tools\gcc\win\gcc-arm-none-eabi/arm-none-eabi/lib/armv7e-m/fpu/libc.a(lib_a-strtok_r.o)
                0x08294c58                __strtok_r
 .text._strtol_r
                0x08294cbc      0x114 tools\gcc\win\gcc-arm-none-eabi/arm-none-eabi/lib/armv7e-m/fpu/libc.a(lib_a-strtol.o)
                0x08294cbc                _strtol_r
 .text.strtol   0x08294dd0       0x18 tools\gcc\win\gcc-arm-none-eabi/arm-none-eabi/lib/armv7e-m/fpu/libc.a(lib_a-strtol.o)
                0x08294dd0                strtol
 *(.text)
 .text          0x08294de8       0x4c libs/gcc/app_start.lib(ocpu_init.o)
                0x08294dfc                _OCPU_InitUserMem
 .text          0x08294e34      0x134 tools\gcc\win\gcc-arm-none-eabi/arm-none-eabi/lib/armv7e-m/fpu/libc.a(lib_a-memcpy.o)
                0x08294e34                memcpy

.glue_7         0x08294f68        0x0
 .glue_7        0x00000000        0x0 linker stubs

.glue_7t        0x08294f68        0x0
 .glue_7t       0x00000000        0x0 linker stubs

.vfp11_veneer   0x08294f68        0x0
 .vfp11_veneer  0x00000000        0x0 linker stubs

.v4_bx          0x08294f68        0x0
 .v4_bx         0x00000000        0x0 linker stubs

.iplt           0x08294f68        0x0
 .iplt          0x00000000        0x0 build\gcc\obj/custom/config/custom_sys_cfg.o

.rodata         0x08294f68       0x2c
                0x08294f68                . = ALIGN (0x4)
 *(.rodata)
 .rodata        0x08294f68       0x16 libs/gcc/app_start.lib(ql_main.o)
 .rodata        0x08294f7e       0x16 libs/gcc/app_start.lib(system.o)
                0x08295da0                __data_load = LOADADDR (.data)

.rodata.wtdCfg  0x08294f94        0x2
 .rodata.wtdCfg
                0x08294f94        0x2 build\gcc\obj/custom/config/custom_sys_cfg.o

.rodata.appEnableCfg
                0x08294f98        0x4
 .rodata.appEnableCfg
                0x08294f98        0x4 build\gcc\obj/custom/config/custom_sys_cfg.o

.rodata.debugPortCfg
                0x08294f9c        0x1
 .rodata.debugPortCfg
                0x08294f9c        0x1 build\gcc\obj/custom/config/custom_sys_cfg.o

.rodata.debugPortSet
                0x08294f9d        0x2
 .rodata.debugPortSet
                0x08294f9d        0x2 build\gcc\obj/custom/config/custom_sys_cfg.o

.rodata.SystemCfg
                0x08294fa0       0x3c
 .rodata.SystemCfg
                0x08294fa0       0x3c build\gcc\obj/custom/config/custom_sys_cfg.o
                0x08294fa0                SystemCfg

.rodata.GpioConfigTbl
                0x08294fdc        0x4
 .rodata.GpioConfigTbl
                0x08294fdc        0x4 build\gcc\obj/custom/config/sys_config.o
                0x08294fdc                GpioConfigTbl

.rodata.TaskConfig
                0x08294fe0       0x64
 .rodata.TaskConfig
                0x08294fe0       0x64 build\gcc\obj/custom/config/sys_config.o
                0x08294fe0                TaskConfig

.rodata.str1.1  0x08295044      0x941
 .rodata.str1.1
                0x08295044       0x4c build\gcc\obj/ril/src/ril_atResponse.o
                                 0x52 (size before relaxing)
 .rodata.str1.1
                0x08295090       0x4e build\gcc\obj/ril/src/ril_dfota.o
 .rodata.str1.1
                0x082950de       0x2c build\gcc\obj/ril/src/ril_init.o
 .rodata.str1.1
                0x0829510a       0x63 build\gcc\obj/ril/src/ril_network.o
                                 0x8e (size before relaxing)
 .rodata.str1.1
                0x0829516d       0x3c build\gcc\obj/ril/src/ril_system.o
                                 0x56 (size before relaxing)
 .rodata.str1.1
                0x082951a9      0x10d build\gcc\obj/ril/src/ril_urc.o
                                0x110 (size before relaxing)
 .rodata.str1.1
                0x082952b6       0x11 build\gcc\obj/ril/src/ril_util.o
                                 0x16 (size before relaxing)
 .rodata.str1.1
                0x082952c7       0xda build\gcc\obj/custom/custom_iic.o
 .rodata.str1.1
                0x082953a1      0x17b build\gcc\obj/custom/main.o
                                0x193 (size before relaxing)
 .rodata.str1.1
                0x0829551c       0x81 libs/gcc/app_start.lib(gpio.o)
 .rodata.str1.1
                0x0829559d       0x19 libs/gcc/app_start.lib(memory.o)
 .rodata.str1.1
                0x082955b6       0x1a libs/gcc/app_start.lib(ql_main.o)
 .rodata.str1.1
                0x082955d0        0xa libs/gcc/app_start.lib(ril_main.o)
                                 0x11 (size before relaxing)
 .rodata.str1.1
                0x082955da       0xa1 libs/gcc/app_start.lib(stdlib_func.o)
 .rodata.str1.1
                0x0829567b       0x36 libs/gcc/app_start.lib(system.o)
 .rodata.str1.1
                0x082956b1      0x1cc libs/gcc/app_start.lib(taskMngt.o)
 .rodata.str1.1
                0x0829587d       0xa0 libs/gcc/app_start.lib(timer.o)
 .rodata.str1.1
                0x0829591d       0x68 libs/gcc/app_start.lib(uart.o)

.rodata.m_AtURCHdlEntry
                0x08295988      0x230
 .rodata.m_AtURCHdlEntry
                0x08295988      0x230 build\gcc\obj/ril/src/ril_urc.o

.rodata.m_SysURCHdlEntry
                0x08295bb8       0xe0
 .rodata.m_SysURCHdlEntry
                0x08295bb8       0xe0 build\gcc\obj/ril/src/ril_urc.o

.rodata._ctype_
                0x08295c98      0x104
 .rodata._ctype_
                0x08295c98      0x104 tools\gcc\win\gcc-arm-none-eabi/arm-none-eabi/lib/armv7e-m/fpu/libc.a(lib_a-ctype_.o)
                0x08295c98                _ctype_

.rodata.str1.4  0x08295d9c        0x4
 .rodata.str1.4
                0x08295d9c        0x4 tools\gcc\win\gcc-arm-none-eabi/arm-none-eabi/lib/armv7e-m/fpu/libc.a(lib_a-impure.o)

.rel.dyn        0x08295da0        0x0
 .rel.iplt      0x00000000        0x0 build\gcc\obj/custom/config/custom_sys_cfg.o

.data           0x001e7000      0x474 load address 0x08295da0
                0x001e7000                __data_start = .
                0x001e7000                . = ALIGN (0x4)
 *(.data.*)
 .data.g_InitCmds
                0x001e7000        0xc build\gcc\obj/ril/src/ril_init.o
                0x001e7000                g_InitCmds
 .data.g_LimitedCmds
                0x001e700c        0x4 build\gcc\obj/ril/src/ril_init.o
                0x001e700c                g_LimitedCmds
 .data.g_LWM2M_RECV_DATA_MODE
                0x001e7010        0x1 build\gcc\obj/ril/src/ril_lwm2m.o
                0x001e7010                g_LWM2M_RECV_DATA_MODE
 .data.api_notsup
                0x001e7011       0x18 libs/gcc/app_start.lib(ql_func.o)
                0x001e7011                api_notsup
 *fill*         0x001e7029        0x3 
 .data.g_ril_auxTaskId
                0x001e702c        0x4 libs/gcc/app_start.lib(ril_aux.o)
                0x001e702c                g_ril_auxTaskId
 .data.m_atTimer
                0x001e7030        0xc libs/gcc/app_start.lib(ril_main.o)
 .data.m_thisTaskId
                0x001e703c        0x4 libs/gcc/app_start.lib(ril_main.o)
 .data.__ctype_ptr__
                0x001e7040        0x4 tools\gcc\win\gcc-arm-none-eabi/arm-none-eabi/lib/armv7e-m/fpu/libc.a(lib_a-ctype_.o)
                0x001e7040                __ctype_ptr__
 *fill*         0x001e7044        0x4 
 .data.impure_data
                0x001e7048      0x428 tools\gcc\win\gcc-arm-none-eabi/arm-none-eabi/lib/armv7e-m/fpu/libc.a(lib_a-impure.o)
 .data._impure_ptr
                0x001e7470        0x4 tools\gcc\win\gcc-arm-none-eabi/arm-none-eabi/lib/armv7e-m/fpu/libc.a(lib_a-impure.o)
                0x001e7470                _impure_ptr
 *(.data)
                0x001e7474                _edata = .

.igot.plt       0x001e7474        0x0 load address 0x08296214
 .igot.plt      0x00000000        0x0 build\gcc\obj/custom/config/custom_sys_cfg.o

.bss            0x001e7474     0x20cc load address 0x08296214
                0x001e7474                __bss_start__ = .
                0x001e7474                . = ALIGN (0x4)
 *(.bss)
 *(.bss.*)
 .bss.m_iErrCode
                0x001e7474        0x4 build\gcc\obj/ril/src/ril_atResponse.o
 .bss.g_ONENET_PUSH_RECV_MODE
                0x001e7478        0x1 build\gcc\obj/ril/src/ril_onenet.o
                0x001e7478                g_ONENET_PUSH_RECV_MODE
 .bss.recv_data_format
                0x001e7479        0x1 build\gcc\obj/ril/src/ril_socket.o
                0x001e7479                recv_data_format
 *fill*         0x001e747a        0x2 
 .bss.onenet_urc_param
                0x001e747c      0x4ec build\gcc\obj/ril/src/ril_urc.o
                0x001e747c                onenet_urc_param
 .bss.lwm2m_urc_param
                0x001e7968      0x4c8 build\gcc\obj/ril/src/ril_urc.o
                0x001e7968                lwm2m_urc_param
 .bss.socket_recv_param
                0x001e7e30      0x4bc build\gcc\obj/ril/src/ril_urc.o
                0x001e7e30                socket_recv_param
 .bss.DBG_BUFFER
                0x001e82ec      0x200 build\gcc\obj/custom/custom_iic.o
 .bss.DBG_BUFFER
                0x001e84ec      0x200 build\gcc\obj/custom/main.o
 .bss.m_RxBuf_Uart
                0x001e86ec      0x800 build\gcc\obj/custom/main.o
 .bss.m_GPIO_Init
                0x001e8eec        0x4 libs/gcc/app_start.lib(gpio.o)
                0x001e8eec                m_GPIO_Init
 .bss.m_GPIO_GetLevel
                0x001e8ef0        0x4 libs/gcc/app_start.lib(gpio.o)
                0x001e8ef0                m_GPIO_GetLevel
 .bss.m_GPIO_SetLevel
                0x001e8ef4        0x4 libs/gcc/app_start.lib(gpio.o)
                0x001e8ef4                m_GPIO_SetLevel
 .bss.m_MEM_Alloc
                0x001e8ef8        0x4 libs/gcc/app_start.lib(memory.o)
 .bss.m_MEM_Free
                0x001e8efc        0x4 libs/gcc/app_start.lib(memory.o)
 .bss.m_create_api_hash
                0x001e8f00        0x4 libs/gcc/app_start.lib(ql_func.o)
                0x001e8f00                m_create_api_hash
 .bss.m_get_api_ptr
                0x001e8f04        0x4 libs/gcc/app_start.lib(ql_func.o)
                0x001e8f04                m_get_api_ptr
 .bss.Ql_sscanf
                0x001e8f08        0x4 libs/gcc/app_start.lib(ql_main.o)
                0x001e8f08                Ql_sscanf
 .bss.runinfo   0x001e8f0c        0x8 libs/gcc/app_start.lib(ql_main.o)
                0x001e8f0c                runinfo
 .bss.Ql_Debug_Trace
                0x001e8f14        0x4 libs/gcc/app_start.lib(ql_main.o)
                0x001e8f14                Ql_Debug_Trace
 .bss.Ql_sprintf
                0x001e8f18        0x4 libs/gcc/app_start.lib(ql_main.o)
                0x001e8f18                Ql_sprintf
 .bss.Ql_snprintf
                0x001e8f1c        0x4 libs/gcc/app_start.lib(ql_main.o)
                0x001e8f1c                Ql_snprintf
 .bss.init_size
                0x001e8f20        0x4 libs/gcc/app_start.lib(ql_main.o)
 .bss.g_ril_auxTaskReady
                0x001e8f24        0x1 libs/gcc/app_start.lib(ril_aux.o)
                0x001e8f24                g_ril_auxTaskReady
 *fill*         0x001e8f25        0x3 
 .bss.m_pATRspLineBuf
                0x001e8f28        0x4 libs/gcc/app_start.lib(ril_main.o)
 .bss.m_strATCmd
                0x001e8f2c      0x578 libs/gcc/app_start.lib(ril_main.o)
 .bss.m_IsATHandling
                0x001e94a4        0x1 libs/gcc/app_start.lib(ril_main.o)
 *fill*         0x001e94a5        0x3 
 .bss.m_data    0x001e94a8        0x8 libs/gcc/app_start.lib(ril_main.o)
 .bss.m_isRILInited
                0x001e94b0        0x1 libs/gcc/app_start.lib(ril_main.o)
 *fill*         0x001e94b1        0x3 
 .bss.m_nATRspBufLen
                0x001e94b4        0x4 libs/gcc/app_start.lib(ril_main.o)
 .bss.m_nAtMutexId
                0x001e94b8        0x4 libs/gcc/app_start.lib(ril_main.o)
 .bss.m_userdata
                0x001e94bc        0x4 libs/gcc/app_start.lib(ril_main.o)
 .bss.g_nEventGrpId
                0x001e94c0        0x4 libs/gcc/app_start.lib(ril_main.o)
 .bss.m_pATRspBuffer
                0x001e94c4        0x4 libs/gcc/app_start.lib(ril_main.o)
 .bss.m_nATErrCode
                0x001e94c8        0x4 libs/gcc/app_start.lib(ril_main.o)
 .bss.m_atRsp_callback
                0x001e94cc        0x4 libs/gcc/app_start.lib(ril_main.o)
 .bss.m_nATRsp_Result
                0x001e94d0        0x4 libs/gcc/app_start.lib(ril_main.o)
 .bss.m_strncmp
                0x001e94d4        0x4 libs/gcc/app_start.lib(stdlib_func.o)
 .bss.m_strncpy
                0x001e94d8        0x4 libs/gcc/app_start.lib(stdlib_func.o)
 .bss.m_memset  0x001e94dc        0x4 libs/gcc/app_start.lib(stdlib_func.o)
 .bss.m_memcpy  0x001e94e0        0x4 libs/gcc/app_start.lib(stdlib_func.o)
 .bss.m_memcmp  0x001e94e4        0x4 libs/gcc/app_start.lib(stdlib_func.o)
 .bss.m_strlen  0x001e94e8        0x4 libs/gcc/app_start.lib(stdlib_func.o)
 .bss.m_strstr  0x001e94ec        0x4 libs/gcc/app_start.lib(stdlib_func.o)
 .bss.m_strchr  0x001e94f0        0x4 libs/gcc/app_start.lib(stdlib_func.o)
 .bss.m_Sleep   0x001e94f4        0x4 libs/gcc/app_start.lib(system.o)
 .bss.m_GetvFunc_Init_Status
                0x001e94f8        0x4 libs/gcc/app_start.lib(system.o)
 .bss.m_Delay_us
                0x001e94fc        0x4 libs/gcc/app_start.lib(system.o)
 .bss.m_OS_CreateEvent
                0x001e9500        0x4 libs/gcc/app_start.lib(taskMngt.o)
 .bss.m_OS_CreateMutex
                0x001e9504        0x4 libs/gcc/app_start.lib(taskMngt.o)
 .bss.m_OS_SetEvent
                0x001e9508        0x4 libs/gcc/app_start.lib(taskMngt.o)
 .bss.m_OS_WaitEvent
                0x001e950c        0x4 libs/gcc/app_start.lib(taskMngt.o)
 .bss.m_OS_TakeMutex
                0x001e9510        0x4 libs/gcc/app_start.lib(taskMngt.o)
 .bss.m_OS_GiveMutex
                0x001e9514        0x4 libs/gcc/app_start.lib(taskMngt.o)
 .bss.m_OS_SendMessage
                0x001e9518        0x4 libs/gcc/app_start.lib(taskMngt.o)
 .bss.m_OS_GetMessage
                0x001e951c        0x4 libs/gcc/app_start.lib(taskMngt.o)
 .bss.m_RIL_request_custom_command
                0x001e9520        0x4 libs/gcc/app_start.lib(taskMngt.o)
 .bss.m_Timer_Register
                0x001e9524        0x4 libs/gcc/app_start.lib(timer.o)
 .bss.m_Timer_Stop
                0x001e9528        0x4 libs/gcc/app_start.lib(timer.o)
 .bss.m_Timer_Start
                0x001e952c        0x4 libs/gcc/app_start.lib(timer.o)
 .bss.m_Ql_UART_Open
                0x001e9530        0x4 libs/gcc/app_start.lib(uart.o)
 .bss.m_Ql_UART_Read
                0x001e9534        0x4 libs/gcc/app_start.lib(uart.o)
 .bss.m_Ql_UART_Register
                0x001e9538        0x4 libs/gcc/app_start.lib(uart.o)
 .bss.m_Ql_UART_Write
                0x001e953c        0x4 libs/gcc/app_start.lib(uart.o)
                0x001e9540                __bss_end__ = .
LOAD build\gcc\obj/custom/config/custom_sys_cfg.o
LOAD build\gcc\obj/custom/config/sys_config.o
LOAD build\gcc\obj/ril/src/ril_atResponse.o
LOAD build\gcc\obj/ril/src/ril_dfota.o
LOAD build\gcc\obj/ril/src/ril_init.o
LOAD build\gcc\obj/ril/src/ril_lwm2m.o
LOAD build\gcc\obj/ril/src/ril_network.o
LOAD build\gcc\obj/ril/src/ril_onenet.o
LOAD build\gcc\obj/ril/src/ril_socket.o
LOAD build\gcc\obj/ril/src/ril_system.o
LOAD build\gcc\obj/ril/src/ril_urc.o
LOAD build\gcc\obj/ril/src/ril_util.o
LOAD build\gcc\obj/example/example_adc.o
LOAD build\gcc\obj/example/example_dfota_http.o
LOAD build\gcc\obj/example/example_eint.o
LOAD build\gcc\obj/example/example_float_math.o
LOAD build\gcc\obj/example/example_gpio.o
LOAD build\gcc\obj/example/example_iic.o
LOAD build\gcc\obj/example/example_lwm2m.o
LOAD build\gcc\obj/example/example_memory.o
LOAD build\gcc\obj/example/example_multitask.o
LOAD build\gcc\obj/example/example_onenet.o
LOAD build\gcc\obj/example/example_pwm.o
LOAD build\gcc\obj/example/example_rtc.o
LOAD build\gcc\obj/example/example_spi.o
LOAD build\gcc\obj/example/example_system.o
LOAD build\gcc\obj/example/example_tcpclient.o
LOAD build\gcc\obj/example/example_time.o
LOAD build\gcc\obj/example/example_timer.o
LOAD build\gcc\obj/example/example_udpclient.o
LOAD build\gcc\obj/example/example_watchdog.o
LOAD build\gcc\obj/example/utility.o
LOAD build\gcc\obj/custom/custom_gpio.o
LOAD build\gcc\obj/custom/custom_iic.o
LOAD build\gcc\obj/custom/main.o
LOAD libs/gcc/app_start.lib
LOAD tools\gcc\win\gcc-arm-none-eabi/arm-none-eabi/lib/armv7e-m/fpu/libm.a
LOAD tools\gcc\win\gcc-arm-none-eabi/arm-none-eabi/lib/armv7e-m/fpu/libc.a
LOAD tools\gcc\win\gcc-arm-none-eabi/lib/gcc/arm-none-eabi/4.8.3/armv7e-m/fpu/libgcc.a
OUTPUT(build\gcc/APPGS3MDM32A01.elf elf32-littlearm)

.debug_info     0x00000000    0x119cc
 .debug_info    0x00000000      0x382 build\gcc\obj/custom/config/custom_sys_cfg.o
 .debug_info    0x00000382      0x294 build\gcc\obj/custom/config/sys_config.o
 .debug_info    0x00000616      0x300 build\gcc\obj/ril/src/ril_atResponse.o
 .debug_info    0x00000916      0x493 build\gcc\obj/ril/src/ril_dfota.o
 .debug_info    0x00000da9       0xfc build\gcc\obj/ril/src/ril_init.o
 .debug_info    0x00000ea5     0x143c build\gcc\obj/ril/src/ril_lwm2m.o
 .debug_info    0x000022e1      0x516 build\gcc\obj/ril/src/ril_network.o
 .debug_info    0x000027f7     0x1875 build\gcc\obj/ril/src/ril_onenet.o
 .debug_info    0x0000406c     0x11bf build\gcc\obj/ril/src/ril_socket.o
 .debug_info    0x0000522b     0x14c0 build\gcc\obj/ril/src/ril_system.o
 .debug_info    0x000066eb     0x2150 build\gcc\obj/ril/src/ril_urc.o
 .debug_info    0x0000883b      0x5a6 build\gcc\obj/ril/src/ril_util.o
 .debug_info    0x00008de1      0xdd3 build\gcc\obj/custom/custom_iic.o
 .debug_info    0x00009bb4      0xcae build\gcc\obj/custom/main.o
 .debug_info    0x0000a862      0x9b8 libs/gcc/app_start.lib(gpio.o)
 .debug_info    0x0000b21a      0x24e libs/gcc/app_start.lib(memory.o)
 .debug_info    0x0000b468      0x9b2 libs/gcc/app_start.lib(ql_func.o)
 .debug_info    0x0000be1a      0x716 libs/gcc/app_start.lib(ql_main.o)
 .debug_info    0x0000c530      0x19b libs/gcc/app_start.lib(ril_aux.o)
 .debug_info    0x0000c6cb     0x123e libs/gcc/app_start.lib(ril_main.o)
 .debug_info    0x0000d909     0x12eb libs/gcc/app_start.lib(stdlib_func.o)
 .debug_info    0x0000ebf4      0x6e5 libs/gcc/app_start.lib(system.o)
 .debug_info    0x0000f2d9     0x119c libs/gcc/app_start.lib(taskMngt.o)
 .debug_info    0x00010475      0x9f8 libs/gcc/app_start.lib(timer.o)
 .debug_info    0x00010e6d      0xaf0 libs/gcc/app_start.lib(uart.o)
 .debug_info    0x0001195d       0x6f libs/gcc/app_start.lib(ocpu_init.o)

.debug_abbrev   0x00000000     0x2cb5
 .debug_abbrev  0x00000000       0xe8 build\gcc\obj/custom/config/custom_sys_cfg.o
 .debug_abbrev  0x000000e8       0xc2 build\gcc\obj/custom/config/sys_config.o
 .debug_abbrev  0x000001aa      0x178 build\gcc\obj/ril/src/ril_atResponse.o
 .debug_abbrev  0x00000322      0x18e build\gcc\obj/ril/src/ril_dfota.o
 .debug_abbrev  0x000004b0       0x86 build\gcc\obj/ril/src/ril_init.o
 .debug_abbrev  0x00000536      0x296 build\gcc\obj/ril/src/ril_lwm2m.o
 .debug_abbrev  0x000007cc      0x1dc build\gcc\obj/ril/src/ril_network.o
 .debug_abbrev  0x000009a8      0x2ee build\gcc\obj/ril/src/ril_onenet.o
 .debug_abbrev  0x00000c96      0x283 build\gcc\obj/ril/src/ril_socket.o
 .debug_abbrev  0x00000f19      0x28a build\gcc\obj/ril/src/ril_system.o
 .debug_abbrev  0x000011a3      0x2f9 build\gcc\obj/ril/src/ril_urc.o
 .debug_abbrev  0x0000149c      0x13e build\gcc\obj/ril/src/ril_util.o
 .debug_abbrev  0x000015da      0x213 build\gcc\obj/custom/custom_iic.o
 .debug_abbrev  0x000017ed      0x21e build\gcc\obj/custom/main.o
 .debug_abbrev  0x00001a0b      0x119 libs/gcc/app_start.lib(gpio.o)
 .debug_abbrev  0x00001b24      0x13f libs/gcc/app_start.lib(memory.o)
 .debug_abbrev  0x00001c63      0x176 libs/gcc/app_start.lib(ql_func.o)
 .debug_abbrev  0x00001dd9      0x1c5 libs/gcc/app_start.lib(ql_main.o)
 .debug_abbrev  0x00001f9e      0x10b libs/gcc/app_start.lib(ril_aux.o)
 .debug_abbrev  0x000020a9      0x3ec libs/gcc/app_start.lib(ril_main.o)
 .debug_abbrev  0x00002495      0x248 libs/gcc/app_start.lib(stdlib_func.o)
 .debug_abbrev  0x000026dd      0x17d libs/gcc/app_start.lib(system.o)
 .debug_abbrev  0x0000285a      0x1df libs/gcc/app_start.lib(taskMngt.o)
 .debug_abbrev  0x00002a39      0x10c libs/gcc/app_start.lib(timer.o)
 .debug_abbrev  0x00002b45      0x15c libs/gcc/app_start.lib(uart.o)
 .debug_abbrev  0x00002ca1       0x14 libs/gcc/app_start.lib(ocpu_init.o)

.debug_aranges  0x00000000      0x8b8
 .debug_aranges
                0x00000000       0x20 build\gcc\obj/custom/config/custom_sys_cfg.o
 .debug_aranges
                0x00000020       0x18 build\gcc\obj/custom/config/sys_config.o
 .debug_aranges
                0x00000038       0x30 build\gcc\obj/ril/src/ril_atResponse.o
 .debug_aranges
                0x00000068       0x30 build\gcc\obj/ril/src/ril_dfota.o
 .debug_aranges
                0x00000098       0x28 build\gcc\obj/ril/src/ril_init.o
 .debug_aranges
                0x000000c0       0xa0 build\gcc\obj/ril/src/ril_lwm2m.o
 .debug_aranges
                0x00000160       0x30 build\gcc\obj/ril/src/ril_network.o
 .debug_aranges
                0x00000190       0xa8 build\gcc\obj/ril/src/ril_onenet.o
 .debug_aranges
                0x00000238       0x78 build\gcc\obj/ril/src/ril_socket.o
 .debug_aranges
                0x000002b0       0x78 build\gcc\obj/ril/src/ril_system.o
 .debug_aranges
                0x00000328       0x98 build\gcc\obj/ril/src/ril_urc.o
 .debug_aranges
                0x000003c0       0x48 build\gcc\obj/ril/src/ril_util.o
 .debug_aranges
                0x00000408       0x80 build\gcc\obj/custom/custom_iic.o
 .debug_aranges
                0x00000488       0x30 build\gcc\obj/custom/main.o
 .debug_aranges
                0x000004b8       0x50 libs/gcc/app_start.lib(gpio.o)
 .debug_aranges
                0x00000508       0x28 libs/gcc/app_start.lib(memory.o)
 .debug_aranges
                0x00000530       0x50 libs/gcc/app_start.lib(ql_func.o)
 .debug_aranges
                0x00000580       0x28 libs/gcc/app_start.lib(ql_main.o)
 .debug_aranges
                0x000005a8       0x20 libs/gcc/app_start.lib(ril_aux.o)
 .debug_aranges
                0x000005c8       0x58 libs/gcc/app_start.lib(ril_main.o)
 .debug_aranges
                0x00000620       0xc0 libs/gcc/app_start.lib(stdlib_func.o)
 .debug_aranges
                0x000006e0       0x40 libs/gcc/app_start.lib(system.o)
 .debug_aranges
                0x00000720       0xc8 libs/gcc/app_start.lib(taskMngt.o)
 .debug_aranges
                0x000007e8       0x60 libs/gcc/app_start.lib(timer.o)
 .debug_aranges
                0x00000848       0x50 libs/gcc/app_start.lib(uart.o)
 .debug_aranges
                0x00000898       0x20 libs/gcc/app_start.lib(ocpu_init.o)

.debug_ranges   0x00000000      0xc40
 .debug_ranges  0x00000000       0x10 build\gcc\obj/custom/config/custom_sys_cfg.o
 .debug_ranges  0x00000010       0x20 build\gcc\obj/ril/src/ril_atResponse.o
 .debug_ranges  0x00000030       0x20 build\gcc\obj/ril/src/ril_dfota.o
 .debug_ranges  0x00000050       0x18 build\gcc\obj/ril/src/ril_init.o
 .debug_ranges  0x00000068       0x90 build\gcc\obj/ril/src/ril_lwm2m.o
 .debug_ranges  0x000000f8       0x20 build\gcc\obj/ril/src/ril_network.o
 .debug_ranges  0x00000118       0xb0 build\gcc\obj/ril/src/ril_onenet.o
 .debug_ranges  0x000001c8       0x80 build\gcc\obj/ril/src/ril_socket.o
 .debug_ranges  0x00000248      0x180 build\gcc\obj/ril/src/ril_system.o
 .debug_ranges  0x000003c8       0x88 build\gcc\obj/ril/src/ril_urc.o
 .debug_ranges  0x00000450       0x38 build\gcc\obj/ril/src/ril_util.o
 .debug_ranges  0x00000488       0x70 build\gcc\obj/custom/custom_iic.o
 .debug_ranges  0x000004f8       0x20 build\gcc\obj/custom/main.o
 .debug_ranges  0x00000518       0xe8 libs/gcc/app_start.lib(gpio.o)
 .debug_ranges  0x00000600       0x18 libs/gcc/app_start.lib(memory.o)
 .debug_ranges  0x00000618       0x70 libs/gcc/app_start.lib(ql_func.o)
 .debug_ranges  0x00000688       0x18 libs/gcc/app_start.lib(ql_main.o)
 .debug_ranges  0x000006a0       0x10 libs/gcc/app_start.lib(ril_aux.o)
 .debug_ranges  0x000006b0       0xb0 libs/gcc/app_start.lib(ril_main.o)
 .debug_ranges  0x00000760      0x110 libs/gcc/app_start.lib(stdlib_func.o)
 .debug_ranges  0x00000870       0x30 libs/gcc/app_start.lib(system.o)
 .debug_ranges  0x000008a0      0x1a8 libs/gcc/app_start.lib(taskMngt.o)
 .debug_ranges  0x00000a48      0x128 libs/gcc/app_start.lib(timer.o)
 .debug_ranges  0x00000b70       0xd0 libs/gcc/app_start.lib(uart.o)

.debug_line     0x00000000     0x2867
 .debug_line    0x00000000       0x8f build\gcc\obj/custom/config/custom_sys_cfg.o
 .debug_line    0x0000008f       0x7b build\gcc\obj/custom/config/sys_config.o
 .debug_line    0x0000010a       0xc2 build\gcc\obj/ril/src/ril_atResponse.o
 .debug_line    0x000001cc       0xca build\gcc\obj/ril/src/ril_dfota.o
 .debug_line    0x00000296       0x69 build\gcc\obj/ril/src/ril_init.o
 .debug_line    0x000002ff      0x276 build\gcc\obj/ril/src/ril_lwm2m.o
 .debug_line    0x00000575       0xe7 build\gcc\obj/ril/src/ril_network.o
 .debug_line    0x0000065c      0x28a build\gcc\obj/ril/src/ril_onenet.o
 .debug_line    0x000008e6      0x22d build\gcc\obj/ril/src/ril_socket.o
 .debug_line    0x00000b13      0x410 build\gcc\obj/ril/src/ril_system.o
 .debug_line    0x00000f23      0x3d1 build\gcc\obj/ril/src/ril_urc.o
 .debug_line    0x000012f4      0x187 build\gcc\obj/ril/src/ril_util.o
 .debug_line    0x0000147b      0x240 build\gcc\obj/custom/custom_iic.o
 .debug_line    0x000016bb      0x11a build\gcc\obj/custom/main.o
 .debug_line    0x000017d5      0x13c libs/gcc/app_start.lib(gpio.o)
 .debug_line    0x00001911       0xb1 libs/gcc/app_start.lib(memory.o)
 .debug_line    0x000019c2      0x12a libs/gcc/app_start.lib(ql_func.o)
 .debug_line    0x00001aec       0xf9 libs/gcc/app_start.lib(ql_main.o)
 .debug_line    0x00001be5       0x75 libs/gcc/app_start.lib(ril_aux.o)
 .debug_line    0x00001c5a      0x2a9 libs/gcc/app_start.lib(ril_main.o)
 .debug_line    0x00001f03      0x2cb libs/gcc/app_start.lib(stdlib_func.o)
 .debug_line    0x000021ce       0xf7 libs/gcc/app_start.lib(system.o)
 .debug_line    0x000022c5      0x2af libs/gcc/app_start.lib(taskMngt.o)
 .debug_line    0x00002574      0x16c libs/gcc/app_start.lib(timer.o)
 .debug_line    0x000026e0      0x136 libs/gcc/app_start.lib(uart.o)
 .debug_line    0x00002816       0x51 libs/gcc/app_start.lib(ocpu_init.o)

.debug_str      0x00000000     0x4a91
 .debug_str     0x00000000      0x563 build\gcc\obj/custom/config/custom_sys_cfg.o
                                0x591 (size before relaxing)
 .debug_str     0x00000563      0x16b build\gcc\obj/custom/config/sys_config.o
                                0x499 (size before relaxing)
 .debug_str     0x000006ce       0xcb build\gcc\obj/ril/src/ril_atResponse.o
                                0x2cb (size before relaxing)
 .debug_str     0x00000799      0x1b9 build\gcc\obj/ril/src/ril_dfota.o
                                0x3b1 (size before relaxing)
 .debug_str     0x00000952       0x53 build\gcc\obj/ril/src/ril_init.o
                                0x238 (size before relaxing)
 .debug_str     0x000009a5      0x36c build\gcc\obj/ril/src/ril_lwm2m.o
                                0x640 (size before relaxing)
 .debug_str     0x00000d11      0x13b build\gcc\obj/ril/src/ril_network.o
                                0x3e7 (size before relaxing)
 .debug_str     0x00000e4c      0x6a0 build\gcc\obj/ril/src/ril_onenet.o
                                0x9fb (size before relaxing)
 .debug_str     0x000014ec      0x324 build\gcc\obj/ril/src/ril_socket.o
                                0x67a (size before relaxing)
 .debug_str     0x00001810      0x1fb build\gcc\obj/ril/src/ril_system.o
                                0x56e (size before relaxing)
 .debug_str     0x00001a0b      0x62b build\gcc\obj/ril/src/ril_urc.o
                                0xb85 (size before relaxing)
 .debug_str     0x00002036       0xae build\gcc\obj/ril/src/ril_util.o
                                0x2b2 (size before relaxing)
 .debug_str     0x000020e4      0x171 build\gcc\obj/custom/custom_iic.o
                                0x510 (size before relaxing)
 .debug_str     0x00002255      0xf54 build\gcc\obj/custom/main.o
                               0x13e6 (size before relaxing)
 .debug_str     0x000031a9      0x263 libs/gcc/app_start.lib(gpio.o)
                               0x13d6 (size before relaxing)
 .debug_str     0x0000340c       0x71 libs/gcc/app_start.lib(memory.o)
                                0x293 (size before relaxing)
 .debug_str     0x0000347d      0x2d6 libs/gcc/app_start.lib(ql_func.o)
                               0x12e9 (size before relaxing)
 .debug_str     0x00003753      0x1e6 libs/gcc/app_start.lib(ql_main.o)
                                0x7c0 (size before relaxing)
 .debug_str     0x00003939       0x48 libs/gcc/app_start.lib(ril_aux.o)
                                0x297 (size before relaxing)
 .debug_str     0x00003981      0x308 libs/gcc/app_start.lib(ril_main.o)
                               0x14c4 (size before relaxing)
 .debug_str     0x00003c89      0x294 libs/gcc/app_start.lib(stdlib_func.o)
                               0x12d9 (size before relaxing)
 .debug_str     0x00003f1d      0x10b libs/gcc/app_start.lib(system.o)
                               0x1101 (size before relaxing)
 .debug_str     0x00004028      0x5c4 libs/gcc/app_start.lib(taskMngt.o)
                               0x1678 (size before relaxing)
 .debug_str     0x000045ec      0x23f libs/gcc/app_start.lib(timer.o)
                               0x1254 (size before relaxing)
 .debug_str     0x0000482b      0x266 libs/gcc/app_start.lib(uart.o)
                               0x13dc (size before relaxing)

.comment        0x00000000       0x70
 .comment       0x00000000       0x70 build\gcc\obj/custom/config/custom_sys_cfg.o
                                 0x71 (size before relaxing)
 .comment       0x00000000       0x71 build\gcc\obj/custom/config/sys_config.o
 .comment       0x00000000       0x71 build\gcc\obj/ril/src/ril_atResponse.o
 .comment       0x00000000       0x71 build\gcc\obj/ril/src/ril_dfota.o
 .comment       0x00000000       0x71 build\gcc\obj/ril/src/ril_init.o
 .comment       0x00000000       0x71 build\gcc\obj/ril/src/ril_lwm2m.o
 .comment       0x00000000       0x71 build\gcc\obj/ril/src/ril_network.o
 .comment       0x00000000       0x71 build\gcc\obj/ril/src/ril_onenet.o
 .comment       0x00000000       0x71 build\gcc\obj/ril/src/ril_socket.o
 .comment       0x00000000       0x71 build\gcc\obj/ril/src/ril_system.o
 .comment       0x00000000       0x71 build\gcc\obj/ril/src/ril_urc.o
 .comment       0x00000000       0x71 build\gcc\obj/ril/src/ril_util.o
 .comment       0x00000000       0x71 build\gcc\obj/custom/custom_iic.o
 .comment       0x00000000       0x71 build\gcc\obj/custom/main.o
 .comment       0x00000000       0x71 libs/gcc/app_start.lib(gpio.o)
 .comment       0x00000000       0x71 libs/gcc/app_start.lib(memory.o)
 .comment       0x00000000       0x71 libs/gcc/app_start.lib(ql_func.o)
 .comment       0x00000000       0x71 libs/gcc/app_start.lib(ql_main.o)
 .comment       0x00000000       0x71 libs/gcc/app_start.lib(ril_aux.o)
 .comment       0x00000000       0x71 libs/gcc/app_start.lib(ril_main.o)
 .comment       0x00000000       0x71 libs/gcc/app_start.lib(stdlib_func.o)
 .comment       0x00000000       0x71 libs/gcc/app_start.lib(system.o)
 .comment       0x00000000       0x71 libs/gcc/app_start.lib(taskMngt.o)
 .comment       0x00000000       0x71 libs/gcc/app_start.lib(timer.o)
 .comment       0x00000000       0x71 libs/gcc/app_start.lib(uart.o)

.ARM.attributes
                0x00000000       0x37
 .ARM.attributes
                0x00000000       0x39 build\gcc\obj/custom/config/custom_sys_cfg.o
 .ARM.attributes
                0x00000039       0x39 build\gcc\obj/custom/config/sys_config.o
 .ARM.attributes
                0x00000072       0x39 build\gcc\obj/ril/src/ril_atResponse.o
 .ARM.attributes
                0x000000ab       0x39 build\gcc\obj/ril/src/ril_dfota.o
 .ARM.attributes
                0x000000e4       0x39 build\gcc\obj/ril/src/ril_init.o
 .ARM.attributes
                0x0000011d       0x39 build\gcc\obj/ril/src/ril_lwm2m.o
 .ARM.attributes
                0x00000156       0x39 build\gcc\obj/ril/src/ril_network.o
 .ARM.attributes
                0x0000018f       0x39 build\gcc\obj/ril/src/ril_onenet.o
 .ARM.attributes
                0x000001c8       0x39 build\gcc\obj/ril/src/ril_socket.o
 .ARM.attributes
                0x00000201       0x39 build\gcc\obj/ril/src/ril_system.o
 .ARM.attributes
                0x0000023a       0x39 build\gcc\obj/ril/src/ril_urc.o
 .ARM.attributes
                0x00000273       0x39 build\gcc\obj/ril/src/ril_util.o
 .ARM.attributes
                0x000002ac       0x39 build\gcc\obj/custom/custom_iic.o
 .ARM.attributes
                0x000002e5       0x39 build\gcc\obj/custom/main.o
 .ARM.attributes
                0x0000031e       0x39 libs/gcc/app_start.lib(gpio.o)
 .ARM.attributes
                0x00000357       0x39 libs/gcc/app_start.lib(memory.o)
 .ARM.attributes
                0x00000390       0x39 libs/gcc/app_start.lib(ql_func.o)
 .ARM.attributes
                0x000003c9       0x39 libs/gcc/app_start.lib(ql_main.o)
 .ARM.attributes
                0x00000402       0x39 libs/gcc/app_start.lib(ril_aux.o)
 .ARM.attributes
                0x0000043b       0x39 libs/gcc/app_start.lib(ril_main.o)
 .ARM.attributes
                0x00000474       0x39 libs/gcc/app_start.lib(stdlib_func.o)
 .ARM.attributes
                0x000004ad       0x39 libs/gcc/app_start.lib(system.o)
 .ARM.attributes
                0x000004e6       0x39 libs/gcc/app_start.lib(taskMngt.o)
 .ARM.attributes
                0x0000051f       0x39 libs/gcc/app_start.lib(timer.o)
 .ARM.attributes
                0x00000558       0x39 libs/gcc/app_start.lib(uart.o)
 .ARM.attributes
                0x00000591       0x21 libs/gcc/app_start.lib(ocpu_init.o)
 .ARM.attributes
                0x000005b2       0x34 tools\gcc\win\gcc-arm-none-eabi/arm-none-eabi/lib/armv7e-m/fpu/libc.a(lib_a-atoi.o)
 .ARM.attributes
                0x000005e6       0x20 tools\gcc\win\gcc-arm-none-eabi/arm-none-eabi/lib/armv7e-m/fpu/libc.a(lib_a-memcpy.o)
 .ARM.attributes
                0x00000606       0x34 tools\gcc\win\gcc-arm-none-eabi/arm-none-eabi/lib/armv7e-m/fpu/libc.a(lib_a-memset.o)
 .ARM.attributes
                0x0000063a       0x34 tools\gcc\win\gcc-arm-none-eabi/arm-none-eabi/lib/armv7e-m/fpu/libc.a(lib_a-strchr.o)
 .ARM.attributes
                0x0000066e       0x34 tools\gcc\win\gcc-arm-none-eabi/arm-none-eabi/lib/armv7e-m/fpu/libc.a(lib_a-strcpy.o)
 .ARM.attributes
                0x000006a2       0x34 tools\gcc\win\gcc-arm-none-eabi/arm-none-eabi/lib/armv7e-m/fpu/libc.a(lib_a-strlen.o)
 .ARM.attributes
                0x000006d6       0x34 tools\gcc\win\gcc-arm-none-eabi/arm-none-eabi/lib/armv7e-m/fpu/libc.a(lib_a-strncpy.o)
 .ARM.attributes
                0x0000070a       0x34 tools\gcc\win\gcc-arm-none-eabi/arm-none-eabi/lib/armv7e-m/fpu/libc.a(lib_a-strsep.o)
 .ARM.attributes
                0x0000073e       0x34 tools\gcc\win\gcc-arm-none-eabi/arm-none-eabi/lib/armv7e-m/fpu/libc.a(lib_a-strtok.o)
 .ARM.attributes
                0x00000772       0x34 tools\gcc\win\gcc-arm-none-eabi/arm-none-eabi/lib/armv7e-m/fpu/libc.a(lib_a-strtok_r.o)
 .ARM.attributes
                0x000007a6       0x34 tools\gcc\win\gcc-arm-none-eabi/arm-none-eabi/lib/armv7e-m/fpu/libc.a(lib_a-strtol.o)
 .ARM.attributes
                0x000007da       0x34 tools\gcc\win\gcc-arm-none-eabi/arm-none-eabi/lib/armv7e-m/fpu/libc.a(lib_a-ctype_.o)
 .ARM.attributes
                0x0000080e       0x34 tools\gcc\win\gcc-arm-none-eabi/arm-none-eabi/lib/armv7e-m/fpu/libc.a(lib_a-impure.o)

.debug_frame    0x00000000     0x1ae0
 .debug_frame   0x00000000       0x20 build\gcc\obj/custom/config/custom_sys_cfg.o
 .debug_frame   0x00000020       0x50 build\gcc\obj/ril/src/ril_atResponse.o
 .debug_frame   0x00000070       0x64 build\gcc\obj/ril/src/ril_dfota.o
 .debug_frame   0x000000d4       0x30 build\gcc\obj/ril/src/ril_init.o
 .debug_frame   0x00000104      0x21c build\gcc\obj/ril/src/ril_lwm2m.o
 .debug_frame   0x00000320       0x6c build\gcc\obj/ril/src/ril_network.o
 .debug_frame   0x0000038c      0x248 build\gcc\obj/ril/src/ril_onenet.o
 .debug_frame   0x000005d4      0x1a0 build\gcc\obj/ril/src/ril_socket.o
 .debug_frame   0x00000774      0x1d0 build\gcc\obj/ril/src/ril_system.o
 .debug_frame   0x00000944      0x234 build\gcc\obj/ril/src/ril_urc.o
 .debug_frame   0x00000b78       0xcc build\gcc\obj/ril/src/ril_util.o
 .debug_frame   0x00000c44      0x188 build\gcc\obj/custom/custom_iic.o
 .debug_frame   0x00000dcc       0x74 build\gcc\obj/custom/main.o
 .debug_frame   0x00000e40       0xd8 libs/gcc/app_start.lib(gpio.o)
 .debug_frame   0x00000f18       0x48 libs/gcc/app_start.lib(memory.o)
 .debug_frame   0x00000f60       0xd8 libs/gcc/app_start.lib(ql_func.o)
 .debug_frame   0x00001038       0x48 libs/gcc/app_start.lib(ql_main.o)
 .debug_frame   0x00001080       0x30 libs/gcc/app_start.lib(ril_aux.o)
 .debug_frame   0x000010b0       0xf8 libs/gcc/app_start.lib(ril_main.o)
 .debug_frame   0x000011a8      0x26c libs/gcc/app_start.lib(stdlib_func.o)
 .debug_frame   0x00001414       0x98 libs/gcc/app_start.lib(system.o)
 .debug_frame   0x000014ac      0x270 libs/gcc/app_start.lib(taskMngt.o)
 .debug_frame   0x0000171c      0x120 libs/gcc/app_start.lib(timer.o)
 .debug_frame   0x0000183c       0xe4 libs/gcc/app_start.lib(uart.o)
 .debug_frame   0x00001920       0x30 tools\gcc\win\gcc-arm-none-eabi/arm-none-eabi/lib/armv7e-m/fpu/libc.a(lib_a-atoi.o)
 .debug_frame   0x00001950       0x2c tools\gcc\win\gcc-arm-none-eabi/arm-none-eabi/lib/armv7e-m/fpu/libc.a(lib_a-memset.o)
 .debug_frame   0x0000197c       0x2c tools\gcc\win\gcc-arm-none-eabi/arm-none-eabi/lib/armv7e-m/fpu/libc.a(lib_a-strchr.o)
 .debug_frame   0x000019a8       0x20 tools\gcc\win\gcc-arm-none-eabi/arm-none-eabi/lib/armv7e-m/fpu/libc.a(lib_a-strcpy.o)
 .debug_frame   0x000019c8       0x20 tools\gcc\win\gcc-arm-none-eabi/arm-none-eabi/lib/armv7e-m/fpu/libc.a(lib_a-strlen.o)
 .debug_frame   0x000019e8       0x2c tools\gcc\win\gcc-arm-none-eabi/arm-none-eabi/lib/armv7e-m/fpu/libc.a(lib_a-strncpy.o)
 .debug_frame   0x00001a14       0x20 tools\gcc\win\gcc-arm-none-eabi/arm-none-eabi/lib/armv7e-m/fpu/libc.a(lib_a-strsep.o)
 .debug_frame   0x00001a34       0x20 tools\gcc\win\gcc-arm-none-eabi/arm-none-eabi/lib/armv7e-m/fpu/libc.a(lib_a-strtok.o)
 .debug_frame   0x00001a54       0x3c tools\gcc\win\gcc-arm-none-eabi/arm-none-eabi/lib/armv7e-m/fpu/libc.a(lib_a-strtok_r.o)
 .debug_frame   0x00001a90       0x50 tools\gcc\win\gcc-arm-none-eabi/arm-none-eabi/lib/armv7e-m/fpu/libc.a(lib_a-strtol.o)

.debug_loc      0x00000000     0x91b1
 .debug_loc     0x00000000      0x134 build\gcc\obj/ril/src/ril_atResponse.o
 .debug_loc     0x00000134      0x129 build\gcc\obj/ril/src/ril_dfota.o
 .debug_loc     0x0000025d      0xcfe build\gcc\obj/ril/src/ril_lwm2m.o
 .debug_loc     0x00000f5b      0x270 build\gcc\obj/ril/src/ril_network.o
 .debug_loc     0x000011cb      0xe8b build\gcc\obj/ril/src/ril_onenet.o
 .debug_loc     0x00002056      0xc59 build\gcc\obj/ril/src/ril_socket.o
 .debug_loc     0x00002caf     0x13ec build\gcc\obj/ril/src/ril_system.o
 .debug_loc     0x0000409b      0xe55 build\gcc\obj/ril/src/ril_urc.o
 .debug_loc     0x00004ef0      0x6fc build\gcc\obj/ril/src/ril_util.o
 .debug_loc     0x000055ec      0x47f build\gcc\obj/custom/custom_iic.o
 .debug_loc     0x00005a6b      0x326 build\gcc\obj/custom/main.o
 .debug_loc     0x00005d91      0x35f libs/gcc/app_start.lib(gpio.o)
 .debug_loc     0x000060f0       0xdf libs/gcc/app_start.lib(memory.o)
 .debug_loc     0x000061cf      0x394 libs/gcc/app_start.lib(ql_func.o)
 .debug_loc     0x00006563      0x104 libs/gcc/app_start.lib(ql_main.o)
 .debug_loc     0x00006667       0x60 libs/gcc/app_start.lib(ril_aux.o)
 .debug_loc     0x000066c7      0x838 libs/gcc/app_start.lib(ril_main.o)
 .debug_loc     0x00006eff      0xd09 libs/gcc/app_start.lib(stdlib_func.o)
 .debug_loc     0x00007c08      0x1e3 libs/gcc/app_start.lib(system.o)
 .debug_loc     0x00007deb      0xa3a libs/gcc/app_start.lib(taskMngt.o)
 .debug_loc     0x00008825      0x55c libs/gcc/app_start.lib(timer.o)
 .debug_loc     0x00008d81      0x430 libs/gcc/app_start.lib(uart.o)
